Archive member included to satisfy reference by file (symbol)

E:/AADataFile/RM/infantry/InfantryC/Middlewares/ST/ARM/DSP/Lib\libarm_cortexM4lf_math.a(arm_sin_f32.o)
                              CMakeFiles/InfantryC.elf.dir/Shark/IMU/AHRS/src/AHRS_middleware.c.obj (arm_sin_f32)
E:/AADataFile/RM/infantry/InfantryC/Middlewares/ST/ARM/DSP/Lib\libarm_cortexM4lf_math.a(arm_cos_f32.o)
                              CMakeFiles/InfantryC.elf.dir/Shark/IMU/AHRS/src/AHRS_middleware.c.obj (arm_cos_f32)
E:/AADataFile/RM/infantry/InfantryC/Middlewares/ST/ARM/DSP/Lib\libarm_cortexM4lf_math.a(arm_common_tables.o)
                              E:/AADataFile/RM/infantry/InfantryC/Middlewares/ST/ARM/DSP/Lib\libarm_cortexM4lf_math.a(arm_sin_f32.o) (sinTable_f32)
../Shark/IMU/AHRS/src/AHRS.lib(ahrs.o)
                              CMakeFiles/InfantryC.elf.dir/Shark/IMU/task/src/INS_task.c.obj (AHRS_init)
e:/clionstm32/gcc-arm-none-eabi-10.3-2021.10/bin/../lib/gcc/arm-none-eabi/10.3.1/../../../../arm-none-eabi/lib/thumb/v7e-m+fp/hard\libstdc++.a(class_type_info.o)
                              CMakeFiles/InfantryC.elf.dir/Shark/common_lib/communication/com_vision.cpp.obj (vtable for __cxxabiv1::__class_type_info)
e:/clionstm32/gcc-arm-none-eabi-10.3-2021.10/bin/../lib/gcc/arm-none-eabi/10.3.1/../../../../arm-none-eabi/lib/thumb/v7e-m+fp/hard\libstdc++.a(del_ops.o)
                              e:/clionstm32/gcc-arm-none-eabi-10.3-2021.10/bin/../lib/gcc/arm-none-eabi/10.3.1/../../../../arm-none-eabi/lib/thumb/v7e-m+fp/hard\libstdc++.a(class_type_info.o) (operator delete(void*, unsigned int))
e:/clionstm32/gcc-arm-none-eabi-10.3-2021.10/bin/../lib/gcc/arm-none-eabi/10.3.1/../../../../arm-none-eabi/lib/thumb/v7e-m+fp/hard\libstdc++.a(pure.o)
                              CMakeFiles/InfantryC.elf.dir/Shark/common_lib/communication/com_vision.cpp.obj (__cxa_pure_virtual)
e:/clionstm32/gcc-arm-none-eabi-10.3-2021.10/bin/../lib/gcc/arm-none-eabi/10.3.1/../../../../arm-none-eabi/lib/thumb/v7e-m+fp/hard\libstdc++.a(si_class_type_info.o)
                              CMakeFiles/InfantryC.elf.dir/Shark/common_lib/communication/com_vision.cpp.obj (vtable for __cxxabiv1::__si_class_type_info)
e:/clionstm32/gcc-arm-none-eabi-10.3-2021.10/bin/../lib/gcc/arm-none-eabi/10.3.1/../../../../arm-none-eabi/lib/thumb/v7e-m+fp/hard\libstdc++.a(tinfo.o)
                              e:/clionstm32/gcc-arm-none-eabi-10.3-2021.10/bin/../lib/gcc/arm-none-eabi/10.3.1/../../../../arm-none-eabi/lib/thumb/v7e-m+fp/hard\libstdc++.a(class_type_info.o) (std::type_info::~type_info())
e:/clionstm32/gcc-arm-none-eabi-10.3-2021.10/bin/../lib/gcc/arm-none-eabi/10.3.1/../../../../arm-none-eabi/lib/thumb/v7e-m+fp/hard\libstdc++.a(eh_terminate.o)
                              e:/clionstm32/gcc-arm-none-eabi-10.3-2021.10/bin/../lib/gcc/arm-none-eabi/10.3.1/../../../../arm-none-eabi/lib/thumb/v7e-m+fp/hard\libstdc++.a(pure.o) (std::terminate())
e:/clionstm32/gcc-arm-none-eabi-10.3-2021.10/bin/../lib/gcc/arm-none-eabi/10.3.1/../../../../arm-none-eabi/lib/thumb/v7e-m+fp/hard\libstdc++.a(eh_unex_handler.o)
                              e:/clionstm32/gcc-arm-none-eabi-10.3-2021.10/bin/../lib/gcc/arm-none-eabi/10.3.1/../../../../arm-none-eabi/lib/thumb/v7e-m+fp/hard\libstdc++.a(eh_terminate.o) (__cxxabiv1::__unexpected_handler)
e:/clionstm32/gcc-arm-none-eabi-10.3-2021.10/bin/../lib/gcc/arm-none-eabi/10.3.1/../../../../arm-none-eabi/lib/thumb/v7e-m+fp/hard\libstdc++.a(vterminate.o)
                              e:/clionstm32/gcc-arm-none-eabi-10.3-2021.10/bin/../lib/gcc/arm-none-eabi/10.3.1/../../../../arm-none-eabi/lib/thumb/v7e-m+fp/hard\libstdc++.a(eh_terminate.o) (__gnu_cxx::__verbose_terminate_handler())
e:/clionstm32/gcc-arm-none-eabi-10.3-2021.10/bin/../lib/gcc/arm-none-eabi/10.3.1/../../../../arm-none-eabi/lib/thumb/v7e-m+fp/hard\libstdc++.a(cp-demangle.o)
                              e:/clionstm32/gcc-arm-none-eabi-10.3-2021.10/bin/../lib/gcc/arm-none-eabi/10.3.1/../../../../arm-none-eabi/lib/thumb/v7e-m+fp/hard\libstdc++.a(vterminate.o) (__cxa_demangle)
e:/clionstm32/gcc-arm-none-eabi-10.3-2021.10/bin/../lib/gcc/arm-none-eabi/10.3.1/../../../../arm-none-eabi/lib/thumb/v7e-m+fp/hard\libstdc++.a(eh_arm.o)
                              e:/clionstm32/gcc-arm-none-eabi-10.3-2021.10/bin/../lib/gcc/arm-none-eabi/10.3.1/../../../../arm-none-eabi/lib/thumb/v7e-m+fp/hard\libstdc++.a(eh_terminate.o) (__cxa_end_cleanup)
e:/clionstm32/gcc-arm-none-eabi-10.3-2021.10/bin/../lib/gcc/arm-none-eabi/10.3.1/../../../../arm-none-eabi/lib/thumb/v7e-m+fp/hard\libstdc++.a(eh_call.o)
                              e:/clionstm32/gcc-arm-none-eabi-10.3-2021.10/bin/../lib/gcc/arm-none-eabi/10.3.1/../../../../arm-none-eabi/lib/thumb/v7e-m+fp/hard\libstdc++.a(eh_terminate.o) (__cxa_call_unexpected)
e:/clionstm32/gcc-arm-none-eabi-10.3-2021.10/bin/../lib/gcc/arm-none-eabi/10.3.1/../../../../arm-none-eabi/lib/thumb/v7e-m+fp/hard\libstdc++.a(eh_catch.o)
[...]
Memory Configuration

Name             Origin             Length             Attributes
CCMRAM           0x10000000         0x00010000         xrw
RAM              0x20000000         0x00020000         xrw
FLASH            0x08000000         0x00100000         xr
*default*        0x00000000         0xffffffff

Linker script and memory map

LOAD e:/clionstm32/gcc-arm-none-eabi-10.3-2021.10/bin/../lib/gcc/arm-none-eabi/10.3.1/thumb/v7e-m+fp/hard/crti.o
LOAD e:/clionstm32/gcc-arm-none-eabi-10.3-2021.10/bin/../lib/gcc/arm-none-eabi/10.3.1/thumb/v7e-m+fp/hard/crtbegin.o
LOAD e:/clionstm32/gcc-arm-none-eabi-10.3-2021.10/bin/../lib/gcc/arm-none-eabi/10.3.1/../../../../arm-none-eabi/lib/thumb/v7e-m+fp/hard/crt0.o
LOAD CMakeFiles/InfantryC.elf.dir/Core/Src/can.c.obj
LOAD CMakeFiles/InfantryC.elf.dir/Core/Src/dma.c.obj
LOAD CMakeFiles/InfantryC.elf.dir/Core/Src/freertos.c.obj
LOAD CMakeFiles/InfantryC.elf.dir/Core/Src/gpio.c.obj
LOAD CMakeFiles/InfantryC.elf.dir/Core/Src/i2c.c.obj
LOAD CMakeFiles/InfantryC.elf.dir/Core/Src/main.c.obj
LOAD CMakeFiles/InfantryC.elf.dir/Core/Src/spi.c.obj
LOAD CMakeFiles/InfantryC.elf.dir/Core/Src/stm32f4xx_hal_msp.c.obj
LOAD CMakeFiles/InfantryC.elf.dir/Core/Src/stm32f4xx_it.c.obj
LOAD CMakeFiles/InfantryC.elf.dir/Core/Src/syscalls.c.obj
LOAD CMakeFiles/InfantryC.elf.dir/Core/Src/sysmem.c.obj
LOAD CMakeFiles/InfantryC.elf.dir/Core/Src/system_stm32f4xx.c.obj
LOAD CMakeFiles/InfantryC.elf.dir/Core/Src/tim.c.obj
LOAD CMakeFiles/InfantryC.elf.dir/Core/Src/usart.c.obj
LOAD CMakeFiles/InfantryC.elf.dir/Core/Startup/startup_stm32f407ighx.s.obj
LOAD CMakeFiles/InfantryC.elf.dir/Drivers/STM32F4xx_HAL_Driver/Src/stm32f4xx_hal.c.obj
LOAD CMakeFiles/InfantryC.elf.dir/Drivers/STM32F4xx_HAL_Driver/Src/stm32f4xx_hal_can.c.obj
LOAD CMakeFiles/InfantryC.elf.dir/Drivers/STM32F4xx_HAL_Driver/Src/stm32f4xx_hal_cortex.c.obj
LOAD CMakeFiles/InfantryC.elf.dir/Drivers/STM32F4xx_HAL_Driver/Src/stm32f4xx_hal_dma.c.obj
LOAD CMakeFiles/InfantryC.elf.dir/Drivers/STM32F4xx_HAL_Driver/Src/stm32f4xx_hal_dma_ex.c.obj
LOAD CMakeFiles/InfantryC.elf.dir/Drivers/STM32F4xx_HAL_Driver/Src/stm32f4xx_hal_exti.c.obj
LOAD CMakeFiles/InfantryC.elf.dir/Drivers/STM32F4xx_HAL_Driver/Src/stm32f4xx_hal_flash.c.obj
LOAD CMakeFiles/InfantryC.elf.dir/Drivers/STM32F4xx_HAL_Driver/Src/stm32f4xx_hal_flash_ex.c.obj
LOAD CMakeFiles/InfantryC.elf.dir/Drivers/STM32F4xx_HAL_Driver/Src/stm32f4xx_hal_flash_ramfunc.c.obj
LOAD CMakeFiles/InfantryC.elf.dir/Drivers/STM32F4xx_HAL_Driver/Src/stm32f4xx_hal_gpio.c.obj
LOAD CMakeFiles/InfantryC.elf.dir/Drivers/STM32F4xx_HAL_Driver/Src/stm32f4xx_hal_i2c.c.obj
LOAD CMakeFiles/InfantryC.elf.dir/Drivers/STM32F4xx_HAL_Driver/Src/stm32f4xx_hal_i2c_ex.c.obj
LOAD CMakeFiles/InfantryC.elf.dir/Drivers/STM32F4xx_HAL_Driver/Src/stm32f4xx_hal_pwr.c.obj
LOAD CMakeFiles/InfantryC.elf.dir/Drivers/STM32F4xx_HAL_Driver/Src/stm32f4xx_hal_pwr_ex.c.obj
LOAD CMakeFiles/InfantryC.elf.dir/Drivers/STM32F4xx_HAL_Driver/Src/stm32f4xx_hal_rcc.c.obj
LOAD CMakeFiles/InfantryC.elf.dir/Drivers/STM32F4xx_HAL_Driver/Src/stm32f4xx_hal_rcc_ex.c.obj
LOAD CMakeFiles/InfantryC.elf.dir/Drivers/STM32F4xx_HAL_Driver/Src/stm32f4xx_hal_spi.c.obj
LOAD CMakeFiles/InfantryC.elf.dir/Drivers/STM32F4xx_HAL_Driver/Src/stm32f4xx_hal_tim.c.obj
LOAD CMakeFiles/InfantryC.elf.dir/Drivers/STM32F4xx_HAL_Driver/Src/stm32f4xx_hal_tim_ex.c.obj
LOAD CMakeFiles/InfantryC.elf.dir/Drivers/STM32F4xx_HAL_Driver/Src/stm32f4xx_hal_uart.c.obj
LOAD CMakeFiles/InfantryC.elf.dir/Middlewares/Third_Party/FreeRTOS/Source/CMSIS_RTOS/cmsis_os.c.obj
LOAD CMakeFiles/InfantryC.elf.dir/Middlewares/Third_Party/FreeRTOS/Source/croutine.c.obj
LOAD CMakeFiles/InfantryC.elf.dir/Middlewares/Third_Party/FreeRTOS/Source/event_groups.c.obj
LOAD CMakeFiles/InfantryC.elf.dir/Middlewares/Third_Party/FreeRTOS/Source/list.c.obj
LOAD CMakeFiles/InfantryC.elf.dir/Middlewares/Third_Party/FreeRTOS/Source/portable/GCC/ARM_CM4F/port.c.obj
LOAD CMakeFiles/InfantryC.elf.dir/Middlewares/Third_Party/FreeRTOS/Source/portable/MemMang/heap_4.c.obj
LOAD CMakeFiles/InfantryC.elf.dir/Middlewares/Third_Party/FreeRTOS/Source/queue.c.obj
LOAD CMakeFiles/InfantryC.elf.dir/Middlewares/Third_Party/FreeRTOS/Source/stream_buffer.c.obj
LOAD CMakeFiles/InfantryC.elf.dir/Middlewares/Third_Party/FreeRTOS/Source/tasks.c.obj
LOAD CMakeFiles/InfantryC.elf.dir/Middlewares/Third_Party/FreeRTOS/Source/timers.c.obj
LOAD CMakeFiles/InfantryC.elf.dir/Shark/IMU/AHRS/src/AHRS_middleware.c.obj
LOAD CMakeFiles/InfantryC.elf.dir/Shark/IMU/AHRS/src/user_lib.c.obj
LOAD CMakeFiles/InfantryC.elf.dir/Shark/IMU/bsp/src/bsp_delay.c.obj
LOAD CMakeFiles/InfantryC.elf.dir/Shark/IMU/bsp/src/bsp_flash.c.obj
LOAD CMakeFiles/InfantryC.elf.dir/Shark/IMU/bsp/src/bsp_imu_pwm.c.obj
LOAD CMakeFiles/InfantryC.elf.dir/Shark/IMU/bsp/src/bsp_rc.c.obj
LOAD CMakeFiles/InfantryC.elf.dir/Shark/IMU/bsp/src/bsp_spi.c.obj
LOAD CMakeFiles/InfantryC.elf.dir/Shark/IMU/driver/src/BMI088Middleware.c.obj
LOAD CMakeFiles/InfantryC.elf.dir/Shark/IMU/driver/src/BMI088driver.c.obj
LOAD CMakeFiles/InfantryC.elf.dir/Shark/IMU/driver/src/ist8310driver.c.obj
LOAD CMakeFiles/InfantryC.elf.dir/Shark/IMU/driver/src/ist8310driver_middleware.c.obj
LOAD CMakeFiles/InfantryC.elf.dir/Shark/IMU/driver/src/pid.c.obj
LOAD CMakeFiles/InfantryC.elf.dir/Shark/IMU/task/src/INS_task.c.obj
LOAD CMakeFiles/InfantryC.elf.dir/Shark/IMU/task/src/calibrate_task.c.obj
LOAD CMakeFiles/InfantryC.elf.dir/Shark/IMU/task/src/remote_control.c.obj
LOAD CMakeFiles/InfantryC.elf.dir/Shark/common_lib/communication/com_vision.cpp.obj
LOAD CMakeFiles/InfantryC.elf.dir/Shark/common_lib/communication/transporter_can.cpp.obj
LOAD CMakeFiles/InfantryC.elf.dir/Shark/my_main.cpp.obj
LOAD CMakeFiles/InfantryC.elf.dir/config/retarget/retarget.c.obj
LOAD E:/AADataFile/RM/infantry/InfantryC/Middlewares/ST/ARM/DSP/Lib\libarm_cortexM4lf_math.a
LOAD ../Shark/IMU/AHRS/src/AHRS.lib
LOAD e:/clionstm32/gcc-arm-none-eabi-10.3-2021.10/bin/../lib/gcc/arm-none-eabi/10.3.1/../../../../arm-none-eabi/lib/thumb/v7e-m+fp/hard\libstdc++.a
LOAD e:/clionstm32/gcc-arm-none-eabi-10.3-2021.10/bin/../lib/gcc/arm-none-eabi/10.3.1/../../../../arm-none-eabi/lib/thumb/v7e-m+fp/hard\libm.a
START GROUP
LOAD e:/clionstm32/gcc-arm-none-eabi-10.3-2021.10/bin/../lib/gcc/arm-none-eabi/10.3.1/thumb/v7e-m+fp/hard\libgcc.a
LOAD e:/clionstm32/gcc-arm-none-eabi-10.3-2021.10/bin/../lib/gcc/arm-none-eabi/10.3.1/../../../../arm-none-eabi/lib/thumb/v7e-m+fp/hard\libg.a
LOAD e:/clionstm32/gcc-arm-none-eabi-10.3-2021.10/bin/../lib/gcc/arm-none-eabi/10.3.1/../../../../arm-none-eabi/lib/thumb/v7e-m+fp/hard\libc.a
END GROUP
LOAD e:/clionstm32/gcc-arm-none-eabi-10.3-2021.10/bin/../lib/gcc/arm-none-eabi/10.3.1/thumb/v7e-m+fp/hard/crtend.o
LOAD e:/clionstm32/gcc-arm-none-eabi-10.3-2021.10/bin/../lib/gcc/arm-none-eabi/10.3.1/thumb/v7e-m+fp/hard/crtn.o
                0x20020000                _estack = (ORIGIN (RAM) + LENGTH (RAM))
                0x00001000                _Min_Heap_Size = 0x1000
                0x00002000                _Min_Stack_Size = 0x2000

.isr_vector     0x08000000      0x188
                0x08000000                . = ALIGN (0x4)
 *(.isr_vector)
 .isr_vector    0x08000000      0x188 CMakeFiles/InfantryC.elf.dir/Core/Startup/startup_stm32f407ighx.s.obj
                0x08000000                g_pfnVectors
                0x08000188                . = ALIGN (0x4)

.text           0x080001c0    0x1b3e4
                0x080001c0                . = ALIGN (0x4)
 *(.text)
 .text          0x080001c0       0x40 e:/clionstm32/gcc-arm-none-eabi-10.3-2021.10/bin/../lib/gcc/arm-none-eabi/10.3.1/thumb/v7e-m+fp/hard/crtbegin.o
 .text          0x08000200     0x5ee4 e:/clionstm32/gcc-arm-none-eabi-10.3-2021.10/bin/../lib/gcc/arm-none-eabi/10.3.1/../../../../arm-none-eabi/lib/thumb/v7e-m+fp/hard\libstdc++.a(cp-demangle.o)
                0x08005ffc                __cxa_demangle
                0x080060c0                __gcclibcxx_demangle_callback
 .text          0x080060e4      0x378 e:/clionstm32/gcc-arm-none-eabi-10.3-2021.10/bin/../lib/gcc/arm-none-eabi/10.3.1/thumb/v7e-m+fp/hard\libgcc.a(_arm_addsubdf3.o)
                0x080060e4                __aeabi_drsub
                0x080060ec                __aeabi_dsub
                0x080060ec                __subdf3
                0x080060f0                __aeabi_dadd
                0x080060f0                __adddf3
                0x08006368                __floatunsidf
                0x08006368                __aeabi_ui2d
                0x08006388                __floatsidf
                0x08006388                __aeabi_i2d
                0x080063ac                __aeabi_f2d
                0x080063ac                __extendsfdf2
                0x080063f0                __floatundidf
                0x080063f0                __aeabi_ul2d
                0x08006400                __floatdidf
                0x08006400                __aeabi_l2d
 .text          0x0800645c       0xa0 e:/clionstm32/gcc-arm-none-eabi-10.3-2021.10/bin/../lib/gcc/arm-none-eabi/10.3.1/thumb/v7e-m+fp/hard\libgcc.a(_arm_truncdfsf2.o)
                0x0800645c                __truncdfsf2
                0x0800645c                __aeabi_d2f
 .text          0x080064fc       0x30 e:/clionstm32/gcc-arm-none-eabi-10.3-2021.10/bin/../lib/gcc/arm-none-eabi/10.3.1/thumb/v7e-m+fp/hard\libgcc.a(_aeabi_uldivmod.o)
                0x080064fc                __aeabi_uldivmod
 .text          0x0800652c      0x2d0 e:/clionstm32/gcc-arm-none-eabi-10.3-2021.10/bin/../lib/gcc/arm-none-eabi/10.3.1/thumb/v7e-m+fp/hard\libgcc.a(_udivmoddi4.o)
                0x0800652c                __udivmoddi4
 .text          0x080067fc      0x9d8 e:/clionstm32/gcc-arm-none-eabi-10.3-2021.10/bin/../lib/gcc/arm-none-eabi/10.3.1/thumb/v7e-m+fp/hard\libgcc.a(unwind-arm.o)
                0x08006aa4                _Unwind_GetCFA
                0x08006aa8                __gnu_Unwind_RaiseException
                0x08006b10                __gnu_Unwind_ForcedUnwind
                0x08006b20                __gnu_Unwind_Resume
                0x08006b64                __gnu_Unwind_Resume_or_Rethrow
                0x08006b74                _Unwind_Complete
                0x08006b78                _Unwind_DeleteException
                0x08006b84                _Unwind_VRS_Get
                0x08006bd0                _Unwind_VRS_Set
                0x08006c18                __gnu_Unwind_Backtrace
                0x08006f44                __aeabi_unwind_cpp_pr0
                0x08006f48                __aeabi_unwind_cpp_pr1
                0x08006f4c                __aeabi_unwind_cpp_pr2
                0x08006f50                _Unwind_VRS_Pop
 .text          0x080071d4      0x1ac e:/clionstm32/gcc-arm-none-eabi-10.3-2021.10/bin/../lib/gcc/arm-none-eabi/10.3.1/thumb/v7e-m+fp/hard\libgcc.a(libunwind.o)
                0x080071d4                __restore_core_regs
                0x080071d4                restore_core_regs
                0x080071ec                __gnu_Unwind_Restore_VFP
                0x080071f4                __gnu_Unwind_Save_VFP
                0x080071fc                __gnu_Unwind_Restore_VFP_D
                0x08007204                __gnu_Unwind_Save_VFP_D
                0x0800720c                __gnu_Unwind_Restore_VFP_D_16_to_31
                0x08007214                __gnu_Unwind_Save_VFP_D_16_to_31
                0x0800721c                __gnu_Unwind_Restore_WMMXD
                0x08007260                __gnu_Unwind_Save_WMMXD
                0x080072a4                __gnu_Unwind_Restore_WMMXC
                0x080072b8                __gnu_Unwind_Save_WMMXC
                0x080072cc                ___Unwind_RaiseException
                0x080072cc                _Unwind_RaiseException
                0x080072f0                _Unwind_Resume
                0x080072f0                ___Unwind_Resume
                0x08007314                _Unwind_Resume_or_Rethrow
                0x08007314                ___Unwind_Resume_or_Rethrow
                0x08007338                _Unwind_ForcedUnwind
                0x08007338                ___Unwind_ForcedUnwind
                0x0800735c                ___Unwind_Backtrace
                0x0800735c                _Unwind_Backtrace
 .text          0x08007380      0x350 e:/clionstm32/gcc-arm-none-eabi-10.3-2021.10/bin/../lib/gcc/arm-none-eabi/10.3.1/thumb/v7e-m+fp/hard\libgcc.a(pr-support.o)
                0x080073d8                __gnu_unwind_execute
                0x08007684                __gnu_unwind_frame
                0x080076b0                _Unwind_GetRegionStart
                0x080076bc                _Unwind_GetLanguageSpecificData
 .text          0x080076d0        0x4 e:/clionstm32/gcc-arm-none-eabi-10.3-2021.10/bin/../lib/gcc/arm-none-eabi/10.3.1/thumb/v7e-m+fp/hard\libgcc.a(_dvmd_tls.o)
                0x080076d0                __aeabi_idiv0
                0x080076d0                __aeabi_ldiv0
 .text          0x080076d4       0x9a e:/clionstm32/gcc-arm-none-eabi-10.3-2021.10/bin/../lib/gcc/arm-none-eabi/10.3.1/../../../../arm-none-eabi/lib/thumb/v7e-m+fp/hard\libg.a(lib_a-aeabi_memset-soft.o)
                0x080076d4                __aeabi_memset8
                0x080076d4                __aeabi_memset4
                0x080076d4                __aeabi_memset
 *fill*         0x0800776e        0x2 
 .text          0x08007770       0xa0 e:/clionstm32/gcc-arm-none-eabi-10.3-2021.10/bin/../lib/gcc/arm-none-eabi/10.3.1/../../../../arm-none-eabi/lib/thumb/v7e-m+fp/hard\libg.a(lib_a-memchr.o)
                0x08007770                memchr
 .text          0x08007810      0x134 e:/clionstm32/gcc-arm-none-eabi-10.3-2021.10/bin/../lib/gcc/arm-none-eabi/10.3.1/../../../../arm-none-eabi/lib/thumb/v7e-m+fp/hard\libg.a(lib_a-memcpy.o)
                0x08007810                memcpy
 *fill*         0x08007944       0x1c 
 .text          0x08007960      0x2dc e:/clionstm32/gcc-arm-none-eabi-10.3-2021.10/bin/../lib/gcc/arm-none-eabi/10.3.1/../../../../arm-none-eabi/lib/thumb/v7e-m+fp/hard\libg.a(lib_a-strcmp.o)
                0x08007968                strcmp
 *fill*         0x08007c3c        0x4 
 .text          0x08007c40       0xdc e:/clionstm32/gcc-arm-none-eabi-10.3-2021.10/bin/../lib/gcc/arm-none-eabi/10.3.1/../../../../arm-none-eabi/lib/thumb/v7e-m+fp/hard\libg.a(lib_a-strlen.o)
                0x08007c40                strlen
 .text          0x08007d1c      0x424 e:/clionstm32/gcc-arm-none-eabi-10.3-2021.10/bin/../lib/gcc/arm-none-eabi/10.3.1/thumb/v7e-m+fp/hard\libgcc.a(_arm_muldivdf3.o)
                0x08007d1c                __aeabi_dmul
                0x08007d1c                __muldf3
                0x08007f70                __divdf3
                0x08007f70                __aeabi_ddiv
 .text          0x08008140      0x110 e:/clionstm32/gcc-arm-none-eabi-10.3-2021.10/bin/../lib/gcc/arm-none-eabi/10.3.1/thumb/v7e-m+fp/hard\libgcc.a(_arm_cmpdf2.o)
                0x08008140                __gtdf2
                0x08008140                __gedf2
                0x08008148                __ltdf2
                0x08008148                __ledf2
                0x08008150                __nedf2
                0x08008150                __eqdf2
                0x08008150                __cmpdf2
                0x080081cc                __aeabi_cdrcmple
                0x080081dc                __aeabi_cdcmpeq
                0x080081dc                __aeabi_cdcmple
                0x080081ec                __aeabi_dcmpeq
                0x08008200                __aeabi_dcmplt
                0x08008214                __aeabi_dcmple
                0x08008228                __aeabi_dcmpge
                0x0800823c                __aeabi_dcmpgt
 .text          0x08008250       0x2c e:/clionstm32/gcc-arm-none-eabi-10.3-2021.10/bin/../lib/gcc/arm-none-eabi/10.3.1/thumb/v7e-m+fp/hard\libgcc.a(_arm_unorddf2.o)
                0x08008250                __unorddf2
                0x08008250                __aeabi_dcmpun
 .text          0x0800827c       0x50 e:/clionstm32/gcc-arm-none-eabi-10.3-2021.10/bin/../lib/gcc/arm-none-eabi/10.3.1/thumb/v7e-m+fp/hard\libgcc.a(_arm_fixdfsi.o)
                0x0800827c                __aeabi_d2iz
                0x0800827c                __fixdfsi
 *(.text*)
 .text.MX_CAN1_Init
                0x080082cc       0x40 CMakeFiles/InfantryC.elf.dir/Core/Src/can.c.obj
                0x080082cc                MX_CAN1_Init
 .text.MX_CAN2_Init
                0x0800830c       0x40 CMakeFiles/InfantryC.elf.dir/Core/Src/can.c.obj
                0x0800830c                MX_CAN2_Init
 .text.HAL_CAN_MspInit
                0x0800834c      0x120 CMakeFiles/InfantryC.elf.dir/Core/Src/can.c.obj
                0x0800834c                HAL_CAN_MspInit
 .text.MX_DMA_Init
                0x0800846c       0x98 CMakeFiles/InfantryC.elf.dir/Core/Src/dma.c.obj
                0x0800846c                MX_DMA_Init
 .text.StartCanComTask
                0x08008504        0xa CMakeFiles/InfantryC.elf.dir/Core/Src/freertos.c.obj
                0x08008504                StartCanComTask
 .text.StartLegTask
                0x0800850e        0xa CMakeFiles/InfantryC.elf.dir/Core/Src/freertos.c.obj
                0x0800850e                StartLegTask
 .text.StartWheelTask
                0x08008518        0xa CMakeFiles/InfantryC.elf.dir/Core/Src/freertos.c.obj
                0x08008518                StartWheelTask
 .text.StartBehaviorTask
                0x08008522        0xa CMakeFiles/InfantryC.elf.dir/Core/Src/freertos.c.obj
                0x08008522                StartBehaviorTask
 .text.vApplicationGetIdleTaskMemory
                0x0800852c       0x18 CMakeFiles/InfantryC.elf.dir/Core/Src/freertos.c.obj
                0x0800852c                vApplicationGetIdleTaskMemory
 .text.MX_FREERTOS_Init
                0x08008544       0xfc CMakeFiles/InfantryC.elf.dir/Core/Src/freertos.c.obj
                0x08008544                MX_FREERTOS_Init
 .text.MX_GPIO_Init
                0x08008640      0x1ac CMakeFiles/InfantryC.elf.dir/Core/Src/gpio.c.obj
                0x08008640                MX_GPIO_Init
 .text.MX_I2C3_Init
                0x080087ec       0x3c CMakeFiles/InfantryC.elf.dir/Core/Src/i2c.c.obj
                0x080087ec                MX_I2C3_Init
 .text.HAL_I2C_MspInit
                0x08008828       0xb4 CMakeFiles/InfantryC.elf.dir/Core/Src/i2c.c.obj
                0x08008828                HAL_I2C_MspInit
 .text.Error_Handler
                0x080088dc        0x4 CMakeFiles/InfantryC.elf.dir/Core/Src/main.c.obj
                0x080088dc                Error_Handler
 .text.SystemClock_Config
                0x080088e0       0xac CMakeFiles/InfantryC.elf.dir/Core/Src/main.c.obj
                0x080088e0                SystemClock_Config
 .text.MX_SPI1_Init
                0x0800898c       0x48 CMakeFiles/InfantryC.elf.dir/Core/Src/spi.c.obj
                0x0800898c                MX_SPI1_Init
 .text.HAL_SPI_MspInit
                0x080089d4      0x130 CMakeFiles/InfantryC.elf.dir/Core/Src/spi.c.obj
                0x080089d4                HAL_SPI_MspInit
 .text.HAL_MspInit
                0x08008b04       0x44 CMakeFiles/InfantryC.elf.dir/Core/Src/stm32f4xx_hal_msp.c.obj
                0x08008b04                HAL_MspInit
 .text.NMI_Handler
                0x08008b48        0x2 CMakeFiles/InfantryC.elf.dir/Core/Src/stm32f4xx_it.c.obj
                0x08008b48                NMI_Handler
 .text.HardFault_Handler
                0x08008b4a        0x2 CMakeFiles/InfantryC.elf.dir/Core/Src/stm32f4xx_it.c.obj
                0x08008b4a                HardFault_Handler
 .text.MemManage_Handler
                0x08008b4c        0x2 CMakeFiles/InfantryC.elf.dir/Core/Src/stm32f4xx_it.c.obj
                0x08008b4c                MemManage_Handler
 .text.BusFault_Handler
                0x08008b4e        0x2 CMakeFiles/InfantryC.elf.dir/Core/Src/stm32f4xx_it.c.obj
                0x08008b4e                BusFault_Handler
 .text.UsageFault_Handler
                0x08008b50        0x2 CMakeFiles/InfantryC.elf.dir/Core/Src/stm32f4xx_it.c.obj
                0x08008b50                UsageFault_Handler
 .text.DebugMon_Handler
                0x08008b52        0x2 CMakeFiles/InfantryC.elf.dir/Core/Src/stm32f4xx_it.c.obj
                0x08008b52                DebugMon_Handler
 .text.SysTick_Handler
                0x08008b54       0x16 CMakeFiles/InfantryC.elf.dir/Core/Src/stm32f4xx_it.c.obj
                0x08008b54                SysTick_Handler
 .text.EXTI0_IRQHandler
                0x08008b6a        0xa CMakeFiles/InfantryC.elf.dir/Core/Src/stm32f4xx_it.c.obj
                0x08008b6a                EXTI0_IRQHandler
 .text.EXTI3_IRQHandler
                0x08008b74        0xa CMakeFiles/InfantryC.elf.dir/Core/Src/stm32f4xx_it.c.obj
                0x08008b74                EXTI3_IRQHandler
 .text.EXTI4_IRQHandler
                0x08008b7e        0xa CMakeFiles/InfantryC.elf.dir/Core/Src/stm32f4xx_it.c.obj
                0x08008b7e                EXTI4_IRQHandler
 .text.DMA1_Stream1_IRQHandler
                0x08008b88       0x10 CMakeFiles/InfantryC.elf.dir/Core/Src/stm32f4xx_it.c.obj
                0x08008b88                DMA1_Stream1_IRQHandler
 .text.CAN1_RX0_IRQHandler
                0x08008b98       0x10 CMakeFiles/InfantryC.elf.dir/Core/Src/stm32f4xx_it.c.obj
                0x08008b98                CAN1_RX0_IRQHandler
 .text.EXTI9_5_IRQHandler
                0x08008ba8        0xa CMakeFiles/InfantryC.elf.dir/Core/Src/stm32f4xx_it.c.obj
                0x08008ba8                EXTI9_5_IRQHandler
 *fill*         0x08008bb2        0x2 
 .text.USART1_IRQHandler
                0x08008bb4       0x10 CMakeFiles/InfantryC.elf.dir/Core/Src/stm32f4xx_it.c.obj
                0x08008bb4                USART1_IRQHandler
 .text.DMA2_Stream1_IRQHandler
                0x08008bc4       0x10 CMakeFiles/InfantryC.elf.dir/Core/Src/stm32f4xx_it.c.obj
                0x08008bc4                DMA2_Stream1_IRQHandler
 .text.DMA2_Stream2_IRQHandler
                0x08008bd4       0x14 CMakeFiles/InfantryC.elf.dir/Core/Src/stm32f4xx_it.c.obj
                0x08008bd4                DMA2_Stream2_IRQHandler
 .text.DMA2_Stream3_IRQHandler
                0x08008be8       0x10 CMakeFiles/InfantryC.elf.dir/Core/Src/stm32f4xx_it.c.obj
                0x08008be8                DMA2_Stream3_IRQHandler
 .text.CAN2_RX0_IRQHandler
                0x08008bf8       0x10 CMakeFiles/InfantryC.elf.dir/Core/Src/stm32f4xx_it.c.obj
                0x08008bf8                CAN2_RX0_IRQHandler
 .text.DMA2_Stream5_IRQHandler
                0x08008c08       0x10 CMakeFiles/InfantryC.elf.dir/Core/Src/stm32f4xx_it.c.obj
                0x08008c08                DMA2_Stream5_IRQHandler
 .text.DMA2_Stream6_IRQHandler
                0x08008c18       0x10 CMakeFiles/InfantryC.elf.dir/Core/Src/stm32f4xx_it.c.obj
                0x08008c18                DMA2_Stream6_IRQHandler
 .text._getpid  0x08008c28        0x4 CMakeFiles/InfantryC.elf.dir/Core/Src/syscalls.c.obj
                0x08008c28                _getpid
 .text._kill    0x08008c2c       0x10 CMakeFiles/InfantryC.elf.dir/Core/Src/syscalls.c.obj
                0x08008c2c                _kill
 .text._exit    0x08008c3c        0xc CMakeFiles/InfantryC.elf.dir/Core/Src/syscalls.c.obj
                0x08008c3c                _exit
 .text._sbrk    0x08008c48       0x48 CMakeFiles/InfantryC.elf.dir/Core/Src/sysmem.c.obj
                0x08008c48                _sbrk
 .text.SystemInit
                0x08008c90       0x14 CMakeFiles/InfantryC.elf.dir/Core/Src/system_stm32f4xx.c.obj
                0x08008c90                SystemInit
 .text.HAL_TIM_Base_MspInit
                0x08008ca4       0x30 CMakeFiles/InfantryC.elf.dir/Core/Src/tim.c.obj
                0x08008ca4                HAL_TIM_Base_MspInit
 .text.HAL_TIM_MspPostInit
                0x08008cd4       0x60 CMakeFiles/InfantryC.elf.dir/Core/Src/tim.c.obj
                0x08008cd4                HAL_TIM_MspPostInit
 .text.MX_TIM10_Init
                0x08008d34       0x74 CMakeFiles/InfantryC.elf.dir/Core/Src/tim.c.obj
                0x08008d34                MX_TIM10_Init
 .text.MX_USART1_UART_Init
                0x08008da8       0x38 CMakeFiles/InfantryC.elf.dir/Core/Src/usart.c.obj
                0x08008da8                MX_USART1_UART_Init
 .text.MX_USART3_UART_Init
                0x08008de0       0x3c CMakeFiles/InfantryC.elf.dir/Core/Src/usart.c.obj
                0x08008de0                MX_USART3_UART_Init
 .text.MX_USART6_UART_Init
                0x08008e1c       0x34 CMakeFiles/InfantryC.elf.dir/Core/Src/usart.c.obj
                0x08008e1c                MX_USART6_UART_Init
 .text.HAL_UART_MspInit
                0x08008e50      0x274 CMakeFiles/InfantryC.elf.dir/Core/Src/usart.c.obj
                0x08008e50                HAL_UART_MspInit
 .text.Reset_Handler
                0x080090c4       0x50 CMakeFiles/InfantryC.elf.dir/Core/Startup/startup_stm32f407ighx.s.obj
                0x080090c4                Reset_Handler
 .text.Default_Handler
                0x08009114        0x2 CMakeFiles/InfantryC.elf.dir/Core/Startup/startup_stm32f407ighx.s.obj
                0x08009114                RTC_Alarm_IRQHandler
                0x08009114                HASH_RNG_IRQHandler
                0x08009114                EXTI2_IRQHandler
                0x08009114                TIM8_CC_IRQHandler
                0x08009114                TIM1_CC_IRQHandler
                0x08009114                DMA1_Stream5_IRQHandler
                0x08009114                PVD_IRQHandler
                0x08009114                SDIO_IRQHandler
                0x08009114                TAMP_STAMP_IRQHandler
                0x08009114                CAN2_RX1_IRQHandler
                0x08009114                TIM8_TRG_COM_TIM14_IRQHandler
                0x08009114                TIM1_UP_TIM10_IRQHandler
                0x08009114                TIM8_UP_TIM13_IRQHandler
                0x08009114                I2C3_ER_IRQHandler
                0x08009114                I2C2_EV_IRQHandler
                0x08009114                DMA1_Stream2_IRQHandler
                0x08009114                FPU_IRQHandler
                0x08009114                OTG_HS_WKUP_IRQHandler
                0x08009114                CAN2_SCE_IRQHandler
                0x08009114                SPI1_IRQHandler
                0x08009114                TIM6_DAC_IRQHandler
                0x08009114                TIM1_BRK_TIM9_IRQHandler
                0x08009114                DCMI_IRQHandler
                0x08009114                CAN1_RX1_IRQHandler
                0x08009114                UART5_IRQHandler
                0x08009114                DMA2_Stream0_IRQHandler
                0x08009114                TIM4_IRQHandler
                0x08009114                I2C1_EV_IRQHandler
                0x08009114                DMA1_Stream6_IRQHandler
                0x08009114                UART4_IRQHandler
                0x08009114                TIM3_IRQHandler
                0x08009114                RCC_IRQHandler
                0x08009114                TIM8_BRK_TIM12_IRQHandler
                0x08009114                Default_Handler
                0x08009114                EXTI15_10_IRQHandler
                0x08009114                ADC_IRQHandler
                0x08009114                DMA1_Stream7_IRQHandler
                0x08009114                TIM7_IRQHandler
                0x08009114                CAN2_TX_IRQHandler
                0x08009114                TIM5_IRQHandler
                0x08009114                DMA2_Stream7_IRQHandler
                0x08009114                I2C3_EV_IRQHandler
                0x08009114                RTC_WKUP_IRQHandler
                0x08009114                ETH_WKUP_IRQHandler
                0x08009114                SPI2_IRQHandler
                0x08009114                OTG_HS_EP1_IN_IRQHandler
                0x08009114                DMA1_Stream0_IRQHandler
                0x08009114                CAN1_TX_IRQHandler
                0x08009114                FSMC_IRQHandler
                0x08009114                ETH_IRQHandler
                0x08009114                OTG_HS_EP1_OUT_IRQHandler
                0x08009114                WWDG_IRQHandler
                0x08009114                TIM2_IRQHandler
                0x08009114                OTG_FS_WKUP_IRQHandler
                0x08009114                TIM1_TRG_COM_TIM11_IRQHandler
                0x08009114                OTG_HS_IRQHandler
                0x08009114                EXTI1_IRQHandler
                0x08009114                USART2_IRQHandler
                0x08009114                I2C2_ER_IRQHandler
                0x08009114                CAN1_SCE_IRQHandler
                0x08009114                FLASH_IRQHandler
                0x08009114                DMA2_Stream4_IRQHandler
                0x08009114                OTG_FS_IRQHandler
                0x08009114                SPI3_IRQHandler
                0x08009114                DMA1_Stream4_IRQHandler
                0x08009114                I2C1_ER_IRQHandler
                0x08009114                DMA1_Stream3_IRQHandler
 *fill*         0x08009116        0x2 
 .text.HAL_InitTick
                0x08009118       0x4c CMakeFiles/InfantryC.elf.dir/Drivers/STM32F4xx_HAL_Driver/Src/stm32f4xx_hal.c.obj
                0x08009118                HAL_InitTick
 .text.HAL_Init
                0x08009164       0x34 CMakeFiles/InfantryC.elf.dir/Drivers/STM32F4xx_HAL_Driver/Src/stm32f4xx_hal.c.obj
                0x08009164                HAL_Init
 .text.HAL_IncTick
                0x08009198       0x18 CMakeFiles/InfantryC.elf.dir/Drivers/STM32F4xx_HAL_Driver/Src/stm32f4xx_hal.c.obj
                0x08009198                HAL_IncTick
 .text.HAL_GetTick
                0x080091b0        0xc CMakeFiles/InfantryC.elf.dir/Drivers/STM32F4xx_HAL_Driver/Src/stm32f4xx_hal.c.obj
                0x080091b0                HAL_GetTick
 .text.HAL_Delay
                0x080091bc       0x28 CMakeFiles/InfantryC.elf.dir/Drivers/STM32F4xx_HAL_Driver/Src/stm32f4xx_hal.c.obj
                0x080091bc                HAL_Delay
 .text.HAL_CAN_Init
                0x080091e4      0x14c CMakeFiles/InfantryC.elf.dir/Drivers/STM32F4xx_HAL_Driver/Src/stm32f4xx_hal_can.c.obj
                0x080091e4                HAL_CAN_Init
 .text.HAL_CAN_ConfigFilter
                0x08009330      0x138 CMakeFiles/InfantryC.elf.dir/Drivers/STM32F4xx_HAL_Driver/Src/stm32f4xx_hal_can.c.obj
                0x08009330                HAL_CAN_ConfigFilter
 .text.HAL_CAN_Start
                0x08009468       0x5c CMakeFiles/InfantryC.elf.dir/Drivers/STM32F4xx_HAL_Driver/Src/stm32f4xx_hal_can.c.obj
                0x08009468                HAL_CAN_Start
 .text.HAL_CAN_Stop
                0x080094c4       0x62 CMakeFiles/InfantryC.elf.dir/Drivers/STM32F4xx_HAL_Driver/Src/stm32f4xx_hal_can.c.obj
                0x080094c4                HAL_CAN_Stop
 .text.HAL_CAN_AddTxMessage
                0x08009526       0xfc CMakeFiles/InfantryC.elf.dir/Drivers/STM32F4xx_HAL_Driver/Src/stm32f4xx_hal_can.c.obj
                0x08009526                HAL_CAN_AddTxMessage
 .text.HAL_CAN_GetRxMessage
                0x08009622      0x14a CMakeFiles/InfantryC.elf.dir/Drivers/STM32F4xx_HAL_Driver/Src/stm32f4xx_hal_can.c.obj
                0x08009622                HAL_CAN_GetRxMessage
 .text.HAL_CAN_ActivateNotification
                0x0800976c       0x24 CMakeFiles/InfantryC.elf.dir/Drivers/STM32F4xx_HAL_Driver/Src/stm32f4xx_hal_can.c.obj
                0x0800976c                HAL_CAN_ActivateNotification
 .text.HAL_CAN_DeactivateNotification
                0x08009790       0x26 CMakeFiles/InfantryC.elf.dir/Drivers/STM32F4xx_HAL_Driver/Src/stm32f4xx_hal_can.c.obj
                0x08009790                HAL_CAN_DeactivateNotification
 .text.HAL_CAN_TxMailbox0CompleteCallback
                0x080097b6        0x2 CMakeFiles/InfantryC.elf.dir/Drivers/STM32F4xx_HAL_Driver/Src/stm32f4xx_hal_can.c.obj
                0x080097b6                HAL_CAN_TxMailbox0CompleteCallback
 .text.HAL_CAN_TxMailbox1CompleteCallback
                0x080097b8        0x2 CMakeFiles/InfantryC.elf.dir/Drivers/STM32F4xx_HAL_Driver/Src/stm32f4xx_hal_can.c.obj
                0x080097b8                HAL_CAN_TxMailbox1CompleteCallback
 .text.HAL_CAN_TxMailbox2CompleteCallback
                0x080097ba        0x2 CMakeFiles/InfantryC.elf.dir/Drivers/STM32F4xx_HAL_Driver/Src/stm32f4xx_hal_can.c.obj
                0x080097ba                HAL_CAN_TxMailbox2CompleteCallback
 .text.HAL_CAN_TxMailbox0AbortCallback
                0x080097bc        0x2 CMakeFiles/InfantryC.elf.dir/Drivers/STM32F4xx_HAL_Driver/Src/stm32f4xx_hal_can.c.obj
                0x080097bc                HAL_CAN_TxMailbox0AbortCallback
 .text.HAL_CAN_TxMailbox1AbortCallback
                0x080097be        0x2 CMakeFiles/InfantryC.elf.dir/Drivers/STM32F4xx_HAL_Driver/Src/stm32f4xx_hal_can.c.obj
                0x080097be                HAL_CAN_TxMailbox1AbortCallback
 .text.HAL_CAN_TxMailbox2AbortCallback
                0x080097c0        0x2 CMakeFiles/InfantryC.elf.dir/Drivers/STM32F4xx_HAL_Driver/Src/stm32f4xx_hal_can.c.obj
                0x080097c0                HAL_CAN_TxMailbox2AbortCallback
 .text.HAL_CAN_RxFifo0FullCallback
                0x080097c2        0x2 CMakeFiles/InfantryC.elf.dir/Drivers/STM32F4xx_HAL_Driver/Src/stm32f4xx_hal_can.c.obj
                0x080097c2                HAL_CAN_RxFifo0FullCallback
 .text.HAL_CAN_RxFifo1MsgPendingCallback
                0x080097c4        0x2 CMakeFiles/InfantryC.elf.dir/Drivers/STM32F4xx_HAL_Driver/Src/stm32f4xx_hal_can.c.obj
                0x080097c4                HAL_CAN_RxFifo1MsgPendingCallback
 .text.HAL_CAN_RxFifo1FullCallback
                0x080097c6        0x2 CMakeFiles/InfantryC.elf.dir/Drivers/STM32F4xx_HAL_Driver/Src/stm32f4xx_hal_can.c.obj
                0x080097c6                HAL_CAN_RxFifo1FullCallback
 .text.HAL_CAN_SleepCallback
                0x080097c8        0x2 CMakeFiles/InfantryC.elf.dir/Drivers/STM32F4xx_HAL_Driver/Src/stm32f4xx_hal_can.c.obj
                0x080097c8                HAL_CAN_SleepCallback
 .text.HAL_CAN_WakeUpFromRxMsgCallback
                0x080097ca        0x2 CMakeFiles/InfantryC.elf.dir/Drivers/STM32F4xx_HAL_Driver/Src/stm32f4xx_hal_can.c.obj
                0x080097ca                HAL_CAN_WakeUpFromRxMsgCallback
 .text.HAL_CAN_ErrorCallback
                0x080097cc        0x2 CMakeFiles/InfantryC.elf.dir/Drivers/STM32F4xx_HAL_Driver/Src/stm32f4xx_hal_can.c.obj
                0x080097cc                HAL_CAN_ErrorCallback
 .text.HAL_CAN_IRQHandler
                0x080097ce      0x24a CMakeFiles/InfantryC.elf.dir/Drivers/STM32F4xx_HAL_Driver/Src/stm32f4xx_hal_can.c.obj
                0x080097ce                HAL_CAN_IRQHandler
 .text.HAL_NVIC_SetPriorityGrouping
                0x08009a18       0x24 CMakeFiles/InfantryC.elf.dir/Drivers/STM32F4xx_HAL_Driver/Src/stm32f4xx_hal_cortex.c.obj
                0x08009a18                HAL_NVIC_SetPriorityGrouping
 .text.HAL_NVIC_SetPriority
                0x08009a3c       0x70 CMakeFiles/InfantryC.elf.dir/Drivers/STM32F4xx_HAL_Driver/Src/stm32f4xx_hal_cortex.c.obj
                0x08009a3c                HAL_NVIC_SetPriority
 .text.HAL_NVIC_EnableIRQ
                0x08009aac       0x1c CMakeFiles/InfantryC.elf.dir/Drivers/STM32F4xx_HAL_Driver/Src/stm32f4xx_hal_cortex.c.obj
                0x08009aac                HAL_NVIC_EnableIRQ
 .text.HAL_SYSTICK_Config
                0x08009ac8       0x28 CMakeFiles/InfantryC.elf.dir/Drivers/STM32F4xx_HAL_Driver/Src/stm32f4xx_hal_cortex.c.obj
                0x08009ac8                HAL_SYSTICK_Config
 .text.DMA_SetConfig
                0x08009af0       0x2c CMakeFiles/InfantryC.elf.dir/Drivers/STM32F4xx_HAL_Driver/Src/stm32f4xx_hal_dma.c.obj
 .text.DMA_CalcBaseAndBitshift
                0x08009b1c       0x44 CMakeFiles/InfantryC.elf.dir/Drivers/STM32F4xx_HAL_Driver/Src/stm32f4xx_hal_dma.c.obj
 .text.DMA_CheckFifoParam
                0x08009b60       0x8e CMakeFiles/InfantryC.elf.dir/Drivers/STM32F4xx_HAL_Driver/Src/stm32f4xx_hal_dma.c.obj
 *fill*         0x08009bee        0x2 
 .text.HAL_DMA_Init
                0x08009bf0       0xcc CMakeFiles/InfantryC.elf.dir/Drivers/STM32F4xx_HAL_Driver/Src/stm32f4xx_hal_dma.c.obj
                0x08009bf0                HAL_DMA_Init
 .text.HAL_DMA_Start_IT
                0x08009cbc       0x6a CMakeFiles/InfantryC.elf.dir/Drivers/STM32F4xx_HAL_Driver/Src/stm32f4xx_hal_dma.c.obj
                0x08009cbc                HAL_DMA_Start_IT
 .text.HAL_DMA_Abort
                0x08009d26       0x94 CMakeFiles/InfantryC.elf.dir/Drivers/STM32F4xx_HAL_Driver/Src/stm32f4xx_hal_dma.c.obj
                0x08009d26                HAL_DMA_Abort
 .text.HAL_DMA_Abort_IT
                0x08009dba       0x26 CMakeFiles/InfantryC.elf.dir/Drivers/STM32F4xx_HAL_Driver/Src/stm32f4xx_hal_dma.c.obj
                0x08009dba                HAL_DMA_Abort_IT
 .text.HAL_DMA_IRQHandler
                0x08009de0      0x1dc CMakeFiles/InfantryC.elf.dir/Drivers/STM32F4xx_HAL_Driver/Src/stm32f4xx_hal_dma.c.obj
                0x08009de0                HAL_DMA_IRQHandler
 .text.HAL_GPIO_Init
                0x08009fbc      0x1e4 CMakeFiles/InfantryC.elf.dir/Drivers/STM32F4xx_HAL_Driver/Src/stm32f4xx_hal_gpio.c.obj
                0x08009fbc                HAL_GPIO_Init
 .text.HAL_GPIO_WritePin
                0x0800a1a0        0xc CMakeFiles/InfantryC.elf.dir/Drivers/STM32F4xx_HAL_Driver/Src/stm32f4xx_hal_gpio.c.obj
                0x0800a1a0                HAL_GPIO_WritePin
 .text.HAL_GPIO_TogglePin
                0x0800a1ac       0x12 CMakeFiles/InfantryC.elf.dir/Drivers/STM32F4xx_HAL_Driver/Src/stm32f4xx_hal_gpio.c.obj
                0x0800a1ac                HAL_GPIO_TogglePin
 *fill*         0x0800a1be        0x2 
 .text.HAL_GPIO_EXTI_IRQHandler
                0x0800a1c0       0x1c CMakeFiles/InfantryC.elf.dir/Drivers/STM32F4xx_HAL_Driver/Src/stm32f4xx_hal_gpio.c.obj
                0x0800a1c0                HAL_GPIO_EXTI_IRQHandler
 .text.I2C_IsAcknowledgeFailed
                0x0800a1dc       0x32 CMakeFiles/InfantryC.elf.dir/Drivers/STM32F4xx_HAL_Driver/Src/stm32f4xx_hal_i2c.c.obj
 .text.I2C_WaitOnFlagUntilTimeout
                0x0800a20e       0x7c CMakeFiles/InfantryC.elf.dir/Drivers/STM32F4xx_HAL_Driver/Src/stm32f4xx_hal_i2c.c.obj
 .text.I2C_WaitOnMasterAddressFlagUntilTimeout
                0x0800a28a       0xaa CMakeFiles/InfantryC.elf.dir/Drivers/STM32F4xx_HAL_Driver/Src/stm32f4xx_hal_i2c.c.obj
 .text.I2C_WaitOnTXEFlagUntilTimeout
                0x0800a334       0x54 CMakeFiles/InfantryC.elf.dir/Drivers/STM32F4xx_HAL_Driver/Src/stm32f4xx_hal_i2c.c.obj
 .text.I2C_RequestMemoryWrite
                0x0800a388       0xd8 CMakeFiles/InfantryC.elf.dir/Drivers/STM32F4xx_HAL_Driver/Src/stm32f4xx_hal_i2c.c.obj
 .text.I2C_RequestMemoryRead
                0x0800a460      0x154 CMakeFiles/InfantryC.elf.dir/Drivers/STM32F4xx_HAL_Driver/Src/stm32f4xx_hal_i2c.c.obj
 .text.I2C_WaitOnBTFFlagUntilTimeout
                0x0800a5b4       0x54 CMakeFiles/InfantryC.elf.dir/Drivers/STM32F4xx_HAL_Driver/Src/stm32f4xx_hal_i2c.c.obj
 .text.I2C_WaitOnRXNEFlagUntilTimeout
                0x0800a608       0x6a CMakeFiles/InfantryC.elf.dir/Drivers/STM32F4xx_HAL_Driver/Src/stm32f4xx_hal_i2c.c.obj
 *fill*         0x0800a672        0x2 
 .text.HAL_I2C_Init
                0x0800a674      0x1bc CMakeFiles/InfantryC.elf.dir/Drivers/STM32F4xx_HAL_Driver/Src/stm32f4xx_hal_i2c.c.obj
                0x0800a674                HAL_I2C_Init
 .text.HAL_I2C_Mem_Write
                0x0800a830      0x164 CMakeFiles/InfantryC.elf.dir/Drivers/STM32F4xx_HAL_Driver/Src/stm32f4xx_hal_i2c.c.obj
                0x0800a830                HAL_I2C_Mem_Write
 .text.HAL_I2C_Mem_Read
                0x0800a994      0x2e4 CMakeFiles/InfantryC.elf.dir/Drivers/STM32F4xx_HAL_Driver/Src/stm32f4xx_hal_i2c.c.obj
                0x0800a994                HAL_I2C_Mem_Read
 .text.HAL_RCC_OscConfig
                0x0800ac78      0x3f8 CMakeFiles/InfantryC.elf.dir/Drivers/STM32F4xx_HAL_Driver/Src/stm32f4xx_hal_rcc.c.obj
                0x0800ac78                HAL_RCC_OscConfig
 .text.HAL_RCC_GetSysClockFreq
                0x0800b070       0xa4 CMakeFiles/InfantryC.elf.dir/Drivers/STM32F4xx_HAL_Driver/Src/stm32f4xx_hal_rcc.c.obj
                0x0800b070                HAL_RCC_GetSysClockFreq
 .text.HAL_RCC_ClockConfig
                0x0800b114      0x160 CMakeFiles/InfantryC.elf.dir/Drivers/STM32F4xx_HAL_Driver/Src/stm32f4xx_hal_rcc.c.obj
                0x0800b114                HAL_RCC_ClockConfig
 .text.HAL_RCC_GetHCLKFreq
                0x0800b274        0xc CMakeFiles/InfantryC.elf.dir/Drivers/STM32F4xx_HAL_Driver/Src/stm32f4xx_hal_rcc.c.obj
                0x0800b274                HAL_RCC_GetHCLKFreq
 .text.HAL_RCC_GetPCLK1Freq
                0x0800b280       0x20 CMakeFiles/InfantryC.elf.dir/Drivers/STM32F4xx_HAL_Driver/Src/stm32f4xx_hal_rcc.c.obj
                0x0800b280                HAL_RCC_GetPCLK1Freq
 .text.HAL_RCC_GetPCLK2Freq
                0x0800b2a0       0x20 CMakeFiles/InfantryC.elf.dir/Drivers/STM32F4xx_HAL_Driver/Src/stm32f4xx_hal_rcc.c.obj
                0x0800b2a0                HAL_RCC_GetPCLK2Freq
 .text.SPI_WaitFlagStateUntilTimeout
                0x0800b2c0       0xd4 CMakeFiles/InfantryC.elf.dir/Drivers/STM32F4xx_HAL_Driver/Src/stm32f4xx_hal_spi.c.obj
 .text.SPI_EndRxTxTransaction
                0x0800b394       0x68 CMakeFiles/InfantryC.elf.dir/Drivers/STM32F4xx_HAL_Driver/Src/stm32f4xx_hal_spi.c.obj
 .text.HAL_SPI_Init
                0x0800b3fc       0xbe CMakeFiles/InfantryC.elf.dir/Drivers/STM32F4xx_HAL_Driver/Src/stm32f4xx_hal_spi.c.obj
                0x0800b3fc                HAL_SPI_Init
 .text.HAL_SPI_TransmitReceive
                0x0800b4ba      0x238 CMakeFiles/InfantryC.elf.dir/Drivers/STM32F4xx_HAL_Driver/Src/stm32f4xx_hal_spi.c.obj
                0x0800b4ba                HAL_SPI_TransmitReceive
 *fill*         0x0800b6f2        0x2 
 .text.TIM_OC1_SetConfig
                0x0800b6f4       0x68 CMakeFiles/InfantryC.elf.dir/Drivers/STM32F4xx_HAL_Driver/Src/stm32f4xx_hal_tim.c.obj
 .text.TIM_OC3_SetConfig
                0x0800b75c       0x70 CMakeFiles/InfantryC.elf.dir/Drivers/STM32F4xx_HAL_Driver/Src/stm32f4xx_hal_tim.c.obj
 .text.TIM_OC4_SetConfig
                0x0800b7cc       0x50 CMakeFiles/InfantryC.elf.dir/Drivers/STM32F4xx_HAL_Driver/Src/stm32f4xx_hal_tim.c.obj
 .text.HAL_TIM_PWM_MspInit
                0x0800b81c        0x2 CMakeFiles/InfantryC.elf.dir/Drivers/STM32F4xx_HAL_Driver/Src/stm32f4xx_hal_tim.c.obj
                0x0800b81c                HAL_TIM_PWM_MspInit
 *fill*         0x0800b81e        0x2 
 .text.TIM_Base_SetConfig
                0x0800b820       0xc8 CMakeFiles/InfantryC.elf.dir/Drivers/STM32F4xx_HAL_Driver/Src/stm32f4xx_hal_tim.c.obj
                0x0800b820                TIM_Base_SetConfig
 .text.HAL_TIM_Base_Init
                0x0800b8e8       0x58 CMakeFiles/InfantryC.elf.dir/Drivers/STM32F4xx_HAL_Driver/Src/stm32f4xx_hal_tim.c.obj
                0x0800b8e8                HAL_TIM_Base_Init
 .text.HAL_TIM_PWM_Init
                0x0800b940       0x58 CMakeFiles/InfantryC.elf.dir/Drivers/STM32F4xx_HAL_Driver/Src/stm32f4xx_hal_tim.c.obj
                0x0800b940                HAL_TIM_PWM_Init
 .text.TIM_OC2_SetConfig
                0x0800b998       0x70 CMakeFiles/InfantryC.elf.dir/Drivers/STM32F4xx_HAL_Driver/Src/stm32f4xx_hal_tim.c.obj
                0x0800b998                TIM_OC2_SetConfig
 .text.HAL_TIM_PWM_ConfigChannel
                0x0800ba08       0xdc CMakeFiles/InfantryC.elf.dir/Drivers/STM32F4xx_HAL_Driver/Src/stm32f4xx_hal_tim.c.obj
                0x0800ba08                HAL_TIM_PWM_ConfigChannel
 .text.UART_EndTxTransfer
                0x0800bae4       0x20 CMakeFiles/InfantryC.elf.dir/Drivers/STM32F4xx_HAL_Driver/Src/stm32f4xx_hal_uart.c.obj
 .text.UART_EndRxTransfer
                0x0800bb04       0x5c CMakeFiles/InfantryC.elf.dir/Drivers/STM32F4xx_HAL_Driver/Src/stm32f4xx_hal_uart.c.obj
 .text.UART_Transmit_IT
                0x0800bb60       0x60 CMakeFiles/InfantryC.elf.dir/Drivers/STM32F4xx_HAL_Driver/Src/stm32f4xx_hal_uart.c.obj
 .text.UART_SetConfig
                0x0800bbc0      0x110 CMakeFiles/InfantryC.elf.dir/Drivers/STM32F4xx_HAL_Driver/Src/stm32f4xx_hal_uart.c.obj
 .text.UART_WaitOnFlagUntilTimeout
                0x0800bcd0       0x88 CMakeFiles/InfantryC.elf.dir/Drivers/STM32F4xx_HAL_Driver/Src/stm32f4xx_hal_uart.c.obj
 .text.HAL_UART_Init
                0x0800bd58       0x5e CMakeFiles/InfantryC.elf.dir/Drivers/STM32F4xx_HAL_Driver/Src/stm32f4xx_hal_uart.c.obj
                0x0800bd58                HAL_UART_Init
 .text.HAL_UART_Transmit
                0x0800bdb6       0xd8 CMakeFiles/InfantryC.elf.dir/Drivers/STM32F4xx_HAL_Driver/Src/stm32f4xx_hal_uart.c.obj
                0x0800bdb6                HAL_UART_Transmit
 .text.HAL_UART_Receive
                0x0800be8e       0xe4 CMakeFiles/InfantryC.elf.dir/Drivers/STM32F4xx_HAL_Driver/Src/stm32f4xx_hal_uart.c.obj
                0x0800be8e                HAL_UART_Receive
 *fill*         0x0800bf72        0x2 
 .text.HAL_UART_Transmit_DMA
                0x0800bf74       0x9c CMakeFiles/InfantryC.elf.dir/Drivers/STM32F4xx_HAL_Driver/Src/stm32f4xx_hal_uart.c.obj
                0x0800bf74                HAL_UART_Transmit_DMA
 .text.HAL_UART_DMAStop
                0x0800c010       0x84 CMakeFiles/InfantryC.elf.dir/Drivers/STM32F4xx_HAL_Driver/Src/stm32f4xx_hal_uart.c.obj
                0x0800c010                HAL_UART_DMAStop
 .text.HAL_UART_TxCpltCallback
                0x0800c094        0x2 CMakeFiles/InfantryC.elf.dir/Drivers/STM32F4xx_HAL_Driver/Src/stm32f4xx_hal_uart.c.obj
                0x0800c094                HAL_UART_TxCpltCallback
 .text.UART_DMATransmitCplt
                0x0800c096       0x4c CMakeFiles/InfantryC.elf.dir/Drivers/STM32F4xx_HAL_Driver/Src/stm32f4xx_hal_uart.c.obj
 .text.UART_EndTransmit_IT
                0x0800c0e2       0x1a CMakeFiles/InfantryC.elf.dir/Drivers/STM32F4xx_HAL_Driver/Src/stm32f4xx_hal_uart.c.obj
 .text.HAL_UART_TxHalfCpltCallback
                0x0800c0fc        0x2 CMakeFiles/InfantryC.elf.dir/Drivers/STM32F4xx_HAL_Driver/Src/stm32f4xx_hal_uart.c.obj
                0x0800c0fc                HAL_UART_TxHalfCpltCallback
 .text.UART_DMATxHalfCplt
                0x0800c0fe        0xa CMakeFiles/InfantryC.elf.dir/Drivers/STM32F4xx_HAL_Driver/Src/stm32f4xx_hal_uart.c.obj
 .text.HAL_UART_RxCpltCallback
                0x0800c108        0x2 CMakeFiles/InfantryC.elf.dir/Drivers/STM32F4xx_HAL_Driver/Src/stm32f4xx_hal_uart.c.obj
                0x0800c108                HAL_UART_RxCpltCallback
 .text.HAL_UART_RxHalfCpltCallback
                0x0800c10a        0x2 CMakeFiles/InfantryC.elf.dir/Drivers/STM32F4xx_HAL_Driver/Src/stm32f4xx_hal_uart.c.obj
                0x0800c10a                HAL_UART_RxHalfCpltCallback
 .text.HAL_UART_ErrorCallback
                0x0800c10c        0x2 CMakeFiles/InfantryC.elf.dir/Drivers/STM32F4xx_HAL_Driver/Src/stm32f4xx_hal_uart.c.obj
                0x0800c10c                HAL_UART_ErrorCallback
 .text.UART_DMAError
                0x0800c10e       0x58 CMakeFiles/InfantryC.elf.dir/Drivers/STM32F4xx_HAL_Driver/Src/stm32f4xx_hal_uart.c.obj
 .text.UART_DMAAbortOnError
                0x0800c166       0x10 CMakeFiles/InfantryC.elf.dir/Drivers/STM32F4xx_HAL_Driver/Src/stm32f4xx_hal_uart.c.obj
 .text.HAL_UARTEx_RxEventCallback
                0x0800c176        0x2 CMakeFiles/InfantryC.elf.dir/Drivers/STM32F4xx_HAL_Driver/Src/stm32f4xx_hal_uart.c.obj
                0x0800c176                HAL_UARTEx_RxEventCallback
 .text.UART_Receive_IT
                0x0800c178       0xe2 CMakeFiles/InfantryC.elf.dir/Drivers/STM32F4xx_HAL_Driver/Src/stm32f4xx_hal_uart.c.obj
 *fill*         0x0800c25a        0x2 
 .text.HAL_UART_IRQHandler
                0x0800c25c      0x280 CMakeFiles/InfantryC.elf.dir/Drivers/STM32F4xx_HAL_Driver/Src/stm32f4xx_hal_uart.c.obj
                0x0800c25c                HAL_UART_IRQHandler
 .text.UART_DMARxHalfCplt
                0x0800c4dc       0x1a CMakeFiles/InfantryC.elf.dir/Drivers/STM32F4xx_HAL_Driver/Src/stm32f4xx_hal_uart.c.obj
 .text.UART_DMAReceiveCplt
                0x0800c4f6       0x96 CMakeFiles/InfantryC.elf.dir/Drivers/STM32F4xx_HAL_Driver/Src/stm32f4xx_hal_uart.c.obj
 .text.UART_Start_Receive_DMA
                0x0800c58c       0xa8 CMakeFiles/InfantryC.elf.dir/Drivers/STM32F4xx_HAL_Driver/Src/stm32f4xx_hal_uart.c.obj
                0x0800c58c                UART_Start_Receive_DMA
 .text.HAL_UART_Receive_DMA
                0x0800c634       0x38 CMakeFiles/InfantryC.elf.dir/Drivers/STM32F4xx_HAL_Driver/Src/stm32f4xx_hal_uart.c.obj
                0x0800c634                HAL_UART_Receive_DMA
 .text.makeFreeRtosPriority
                0x0800c66c        0xc CMakeFiles/InfantryC.elf.dir/Middlewares/Third_Party/FreeRTOS/Source/CMSIS_RTOS/cmsis_os.c.obj
 .text.osKernelStart
                0x0800c678        0xa CMakeFiles/InfantryC.elf.dir/Middlewares/Third_Party/FreeRTOS/Source/CMSIS_RTOS/cmsis_os.c.obj
                0x0800c678                osKernelStart
 .text.osThreadCreate
                0x0800c682       0x6a CMakeFiles/InfantryC.elf.dir/Middlewares/Third_Party/FreeRTOS/Source/CMSIS_RTOS/cmsis_os.c.obj
                0x0800c682                osThreadCreate
 .text.osDelay  0x0800c6ec        0xe CMakeFiles/InfantryC.elf.dir/Middlewares/Third_Party/FreeRTOS/Source/CMSIS_RTOS/cmsis_os.c.obj
                0x0800c6ec                osDelay
 .text.vListInitialise
                0x0800c6fa       0x16 CMakeFiles/InfantryC.elf.dir/Middlewares/Third_Party/FreeRTOS/Source/list.c.obj
                0x0800c6fa                vListInitialise
 .text.vListInitialiseItem
                0x0800c710        0x6 CMakeFiles/InfantryC.elf.dir/Middlewares/Third_Party/FreeRTOS/Source/list.c.obj
                0x0800c710                vListInitialiseItem
 .text.vListInsertEnd
                0x0800c716       0x16 CMakeFiles/InfantryC.elf.dir/Middlewares/Third_Party/FreeRTOS/Source/list.c.obj
                0x0800c716                vListInsertEnd
 .text.vListInsert
                0x0800c72c       0x32 CMakeFiles/InfantryC.elf.dir/Middlewares/Third_Party/FreeRTOS/Source/list.c.obj
                0x0800c72c                vListInsert
 .text.uxListRemove
                0x0800c75e       0x26 CMakeFiles/InfantryC.elf.dir/Middlewares/Third_Party/FreeRTOS/Source/list.c.obj
                0x0800c75e                uxListRemove
 .text.prvTaskExitError
                0x0800c784       0x40 CMakeFiles/InfantryC.elf.dir/Middlewares/Third_Party/FreeRTOS/Source/portable/GCC/ARM_CM4F/port.c.obj
 .text.prvPortStartFirstTask
                0x0800c7c4       0x28 CMakeFiles/InfantryC.elf.dir/Middlewares/Third_Party/FreeRTOS/Source/portable/GCC/ARM_CM4F/port.c.obj
 .text.vPortEnableVFP
                0x0800c7ec       0x14 CMakeFiles/InfantryC.elf.dir/Middlewares/Third_Party/FreeRTOS/Source/portable/GCC/ARM_CM4F/port.c.obj
 .text.pxPortInitialiseStack
                0x0800c800       0x2c CMakeFiles/InfantryC.elf.dir/Middlewares/Third_Party/FreeRTOS/Source/portable/GCC/ARM_CM4F/port.c.obj
                0x0800c800                pxPortInitialiseStack
 *fill*         0x0800c82c        0x4 
 .text.SVC_Handler
                0x0800c830       0x24 CMakeFiles/InfantryC.elf.dir/Middlewares/Third_Party/FreeRTOS/Source/portable/GCC/ARM_CM4F/port.c.obj
                0x0800c830                SVC_Handler
 .text.vPortEnterCritical
                0x0800c854       0x44 CMakeFiles/InfantryC.elf.dir/Middlewares/Third_Party/FreeRTOS/Source/portable/GCC/ARM_CM4F/port.c.obj
                0x0800c854                vPortEnterCritical
 .text.vPortExitCritical
                0x0800c898       0x2c CMakeFiles/InfantryC.elf.dir/Middlewares/Third_Party/FreeRTOS/Source/portable/GCC/ARM_CM4F/port.c.obj
                0x0800c898                vPortExitCritical
 *fill*         0x0800c8c4        0xc 
 .text.PendSV_Handler
                0x0800c8d0       0x64 CMakeFiles/InfantryC.elf.dir/Middlewares/Third_Party/FreeRTOS/Source/portable/GCC/ARM_CM4F/port.c.obj
                0x0800c8d0                PendSV_Handler
 .text.xPortSysTickHandler
                0x0800c934       0x2c CMakeFiles/InfantryC.elf.dir/Middlewares/Third_Party/FreeRTOS/Source/portable/GCC/ARM_CM4F/port.c.obj
                0x0800c934                xPortSysTickHandler
 .text.vPortSetupTimerInterrupt
                0x0800c960       0x28 CMakeFiles/InfantryC.elf.dir/Middlewares/Third_Party/FreeRTOS/Source/portable/GCC/ARM_CM4F/port.c.obj
                0x0800c960                vPortSetupTimerInterrupt
 .text.xPortStartScheduler
                0x0800c988      0x118 CMakeFiles/InfantryC.elf.dir/Middlewares/Third_Party/FreeRTOS/Source/portable/GCC/ARM_CM4F/port.c.obj
                0x0800c988                xPortStartScheduler
 .text.vPortValidateInterruptPriority
                0x0800caa0       0x5c CMakeFiles/InfantryC.elf.dir/Middlewares/Third_Party/FreeRTOS/Source/portable/GCC/ARM_CM4F/port.c.obj
                0x0800caa0                vPortValidateInterruptPriority
 .text.prvHeapInit
                0x0800cafc       0x64 CMakeFiles/InfantryC.elf.dir/Middlewares/Third_Party/FreeRTOS/Source/portable/MemMang/heap_4.c.obj
 .text.prvInsertBlockIntoFreeList
                0x0800cb60       0x64 CMakeFiles/InfantryC.elf.dir/Middlewares/Third_Party/FreeRTOS/Source/portable/MemMang/heap_4.c.obj
 .text.pvPortMalloc
                0x0800cbc4       0xfc CMakeFiles/InfantryC.elf.dir/Middlewares/Third_Party/FreeRTOS/Source/portable/MemMang/heap_4.c.obj
                0x0800cbc4                pvPortMalloc
 .text.vPortFree
                0x0800ccc0       0x7c CMakeFiles/InfantryC.elf.dir/Middlewares/Third_Party/FreeRTOS/Source/portable/MemMang/heap_4.c.obj
                0x0800ccc0                vPortFree
 .text.prvSearchForNameWithinSingleList
                0x0800cd3c       0x64 CMakeFiles/InfantryC.elf.dir/Middlewares/Third_Party/FreeRTOS/Source/tasks.c.obj
 .text.prvResetNextTaskUnblockTime
                0x0800cda0       0x2c CMakeFiles/InfantryC.elf.dir/Middlewares/Third_Party/FreeRTOS/Source/tasks.c.obj
 .text.prvInitialiseNewTask
                0x0800cdcc       0xa2 CMakeFiles/InfantryC.elf.dir/Middlewares/Third_Party/FreeRTOS/Source/tasks.c.obj
 *fill*         0x0800ce6e        0x2 
 .text.prvInitialiseTaskLists
                0x0800ce70       0x68 CMakeFiles/InfantryC.elf.dir/Middlewares/Third_Party/FreeRTOS/Source/tasks.c.obj
 .text.prvAddNewTaskToReadyList
                0x0800ced8       0xa8 CMakeFiles/InfantryC.elf.dir/Middlewares/Third_Party/FreeRTOS/Source/tasks.c.obj
 .text.prvDeleteTCB
                0x0800cf80       0x38 CMakeFiles/InfantryC.elf.dir/Middlewares/Third_Party/FreeRTOS/Source/tasks.c.obj
 .text.prvCheckTasksWaitingTermination
                0x0800cfb8       0x4c CMakeFiles/InfantryC.elf.dir/Middlewares/Third_Party/FreeRTOS/Source/tasks.c.obj
 .text.prvIdleTask
                0x0800d004       0x28 CMakeFiles/InfantryC.elf.dir/Middlewares/Third_Party/FreeRTOS/Source/tasks.c.obj
 .text.prvAddCurrentTaskToDelayedList
                0x0800d02c       0x98 CMakeFiles/InfantryC.elf.dir/Middlewares/Third_Party/FreeRTOS/Source/tasks.c.obj
 .text.xTaskCreateStatic
                0x0800d0c4       0x76 CMakeFiles/InfantryC.elf.dir/Middlewares/Third_Party/FreeRTOS/Source/tasks.c.obj
                0x0800d0c4                xTaskCreateStatic
 .text.xTaskCreate
                0x0800d13a       0x68 CMakeFiles/InfantryC.elf.dir/Middlewares/Third_Party/FreeRTOS/Source/tasks.c.obj
                0x0800d13a                xTaskCreate
 *fill*         0x0800d1a2        0x2 
 .text.vTaskStartScheduler
                0x0800d1a4       0x74 CMakeFiles/InfantryC.elf.dir/Middlewares/Third_Party/FreeRTOS/Source/tasks.c.obj
                0x0800d1a4                vTaskStartScheduler
 .text.vTaskSuspendAll
                0x0800d218       0x10 CMakeFiles/InfantryC.elf.dir/Middlewares/Third_Party/FreeRTOS/Source/tasks.c.obj
                0x0800d218                vTaskSuspendAll
 .text.pcTaskGetName
                0x0800d228       0x28 CMakeFiles/InfantryC.elf.dir/Middlewares/Third_Party/FreeRTOS/Source/tasks.c.obj
                0x0800d228                pcTaskGetName
 .text.xTaskIncrementTick
                0x0800d250      0x118 CMakeFiles/InfantryC.elf.dir/Middlewares/Third_Party/FreeRTOS/Source/tasks.c.obj
                0x0800d250                xTaskIncrementTick
 .text.xTaskResumeAll
                0x0800d368       0xf8 CMakeFiles/InfantryC.elf.dir/Middlewares/Third_Party/FreeRTOS/Source/tasks.c.obj
                0x0800d368                xTaskResumeAll
 .text.vTaskDelay
                0x0800d460       0x4c CMakeFiles/InfantryC.elf.dir/Middlewares/Third_Party/FreeRTOS/Source/tasks.c.obj
                0x0800d460                vTaskDelay
 .text.xTaskGetHandle
                0x0800d4ac       0x98 CMakeFiles/InfantryC.elf.dir/Middlewares/Third_Party/FreeRTOS/Source/tasks.c.obj
                0x0800d4ac                xTaskGetHandle
 .text.vTaskSwitchContext
                0x0800d544       0x98 CMakeFiles/InfantryC.elf.dir/Middlewares/Third_Party/FreeRTOS/Source/tasks.c.obj
                0x0800d544                vTaskSwitchContext
 .text.xTaskGetSchedulerState
                0x0800d5dc       0x20 CMakeFiles/InfantryC.elf.dir/Middlewares/Third_Party/FreeRTOS/Source/tasks.c.obj
                0x0800d5dc                xTaskGetSchedulerState
 .text.ulTaskNotifyTake
                0x0800d5fc       0x78 CMakeFiles/InfantryC.elf.dir/Middlewares/Third_Party/FreeRTOS/Source/tasks.c.obj
                0x0800d5fc                ulTaskNotifyTake
 .text.vTaskNotifyGiveFromISR
                0x0800d674       0xd0 CMakeFiles/InfantryC.elf.dir/Middlewares/Third_Party/FreeRTOS/Source/tasks.c.obj
                0x0800d674                vTaskNotifyGiveFromISR
 .text.AHRS_get_height
                0x0800d744        0x8 CMakeFiles/InfantryC.elf.dir/Shark/IMU/AHRS/src/AHRS_middleware.c.obj
                0x0800d744                AHRS_get_height
 .text.AHRS_get_latitude
                0x0800d74c        0xc CMakeFiles/InfantryC.elf.dir/Shark/IMU/AHRS/src/AHRS_middleware.c.obj
                0x0800d74c                AHRS_get_latitude
 .text.AHRS_invSqrt
                0x0800d758       0x10 CMakeFiles/InfantryC.elf.dir/Shark/IMU/AHRS/src/AHRS_middleware.c.obj
                0x0800d758                AHRS_invSqrt
 .text.AHRS_sinf
                0x0800d768        0x8 CMakeFiles/InfantryC.elf.dir/Shark/IMU/AHRS/src/AHRS_middleware.c.obj
                0x0800d768                AHRS_sinf
 .text.AHRS_cosf
                0x0800d770        0x8 CMakeFiles/InfantryC.elf.dir/Shark/IMU/AHRS/src/AHRS_middleware.c.obj
                0x0800d770                AHRS_cosf
 .text.AHRS_asinf
                0x0800d778        0x8 CMakeFiles/InfantryC.elf.dir/Shark/IMU/AHRS/src/AHRS_middleware.c.obj
                0x0800d778                AHRS_asinf
 .text.AHRS_atan2f
                0x0800d780        0x8 CMakeFiles/InfantryC.elf.dir/Shark/IMU/AHRS/src/AHRS_middleware.c.obj
                0x0800d780                AHRS_atan2f
 .text.delay_init
                0x0800d788       0x34 CMakeFiles/InfantryC.elf.dir/Shark/IMU/bsp/src/bsp_delay.c.obj
                0x0800d788                delay_init
 .text.delay_us
                0x0800d7bc       0x40 CMakeFiles/InfantryC.elf.dir/Shark/IMU/bsp/src/bsp_delay.c.obj
                0x0800d7bc                delay_us
 .text.flash_read
                0x0800d7fc       0x10 CMakeFiles/InfantryC.elf.dir/Shark/IMU/bsp/src/bsp_flash.c.obj
                0x0800d7fc                flash_read
 .text.imu_pwm_set
                0x0800d80c        0xc CMakeFiles/InfantryC.elf.dir/Shark/IMU/bsp/src/bsp_imu_pwm.c.obj
                0x0800d80c                imu_pwm_set
 .text.RC_unable
                0x0800d818       0x14 CMakeFiles/InfantryC.elf.dir/Shark/IMU/bsp/src/bsp_rc.c.obj
                0x0800d818                RC_unable
 .text.RC_restart
                0x0800d82c       0x40 CMakeFiles/InfantryC.elf.dir/Shark/IMU/bsp/src/bsp_rc.c.obj
                0x0800d82c                RC_restart
 .text.SPI1_DMA_init
                0x0800d86c      0x114 CMakeFiles/InfantryC.elf.dir/Shark/IMU/bsp/src/bsp_spi.c.obj
                0x0800d86c                SPI1_DMA_init
 .text.SPI1_DMA_enable
                0x0800d980     0x1d78 CMakeFiles/InfantryC.elf.dir/Shark/IMU/bsp/src/bsp_spi.c.obj
                0x0800d980                SPI1_DMA_enable
 .text.BMI088_GPIO_init
                0x0800f6f8        0x2 CMakeFiles/InfantryC.elf.dir/Shark/IMU/driver/src/BMI088Middleware.c.obj
                0x0800f6f8                BMI088_GPIO_init
 .text.BMI088_com_init
                0x0800f6fa        0x2 CMakeFiles/InfantryC.elf.dir/Shark/IMU/driver/src/BMI088Middleware.c.obj
                0x0800f6fa                BMI088_com_init
 .text.BMI088_delay_ms
                0x0800f6fc        0x8 CMakeFiles/InfantryC.elf.dir/Shark/IMU/driver/src/BMI088Middleware.c.obj
                0x0800f6fc                BMI088_delay_ms
 .text.BMI088_delay_us
                0x0800f704        0x8 CMakeFiles/InfantryC.elf.dir/Shark/IMU/driver/src/BMI088Middleware.c.obj
                0x0800f704                BMI088_delay_us
 .text.BMI088_ACCEL_NS_L
                0x0800f70c       0x14 CMakeFiles/InfantryC.elf.dir/Shark/IMU/driver/src/BMI088Middleware.c.obj
                0x0800f70c                BMI088_ACCEL_NS_L
 .text.BMI088_ACCEL_NS_H
                0x0800f720       0x14 CMakeFiles/InfantryC.elf.dir/Shark/IMU/driver/src/BMI088Middleware.c.obj
                0x0800f720                BMI088_ACCEL_NS_H
 .text.BMI088_GYRO_NS_L
                0x0800f734       0x14 CMakeFiles/InfantryC.elf.dir/Shark/IMU/driver/src/BMI088Middleware.c.obj
                0x0800f734                BMI088_GYRO_NS_L
 .text.BMI088_GYRO_NS_H
                0x0800f748       0x14 CMakeFiles/InfantryC.elf.dir/Shark/IMU/driver/src/BMI088Middleware.c.obj
                0x0800f748                BMI088_GYRO_NS_H
 .text.BMI088_read_write_byte
                0x0800f75c       0x2c CMakeFiles/InfantryC.elf.dir/Shark/IMU/driver/src/BMI088Middleware.c.obj
                0x0800f75c                BMI088_read_write_byte
 .text.BMI088_write_single_reg
                0x0800f788       0x10 CMakeFiles/InfantryC.elf.dir/Shark/IMU/driver/src/BMI088driver.c.obj
 .text.BMI088_read_single_reg
                0x0800f798       0x16 CMakeFiles/InfantryC.elf.dir/Shark/IMU/driver/src/BMI088driver.c.obj
 .text.BMI088_read_muli_reg
                0x0800f7ae       0x24 CMakeFiles/InfantryC.elf.dir/Shark/IMU/driver/src/BMI088driver.c.obj
 *fill*         0x0800f7d2        0x2 
 .text.bmi088_accel_init
                0x0800f7d4      0x134 CMakeFiles/InfantryC.elf.dir/Shark/IMU/driver/src/BMI088driver.c.obj
                0x0800f7d4                bmi088_accel_init
 .text.bmi088_gyro_init
                0x0800f908       0xf0 CMakeFiles/InfantryC.elf.dir/Shark/IMU/driver/src/BMI088driver.c.obj
                0x0800f908                bmi088_gyro_init
 .text.bmi088_accel_self_test
                0x0800f9f8      0x308 CMakeFiles/InfantryC.elf.dir/Shark/IMU/driver/src/BMI088driver.c.obj
                0x0800f9f8                bmi088_accel_self_test
 .text.bmi088_gyro_self_test
                0x0800fd00       0xd6 CMakeFiles/InfantryC.elf.dir/Shark/IMU/driver/src/BMI088driver.c.obj
                0x0800fd00                bmi088_gyro_self_test
 .text.BMI088_init
                0x0800fdd6       0x32 CMakeFiles/InfantryC.elf.dir/Shark/IMU/driver/src/BMI088driver.c.obj
                0x0800fdd6                BMI088_init
 .text.BMI088_temperature_read_over
                0x0800fe08       0x32 CMakeFiles/InfantryC.elf.dir/Shark/IMU/driver/src/BMI088driver.c.obj
                0x0800fe08                BMI088_temperature_read_over
 *fill*         0x0800fe3a        0x2 
 .text.BMI088_accel_read_over
                0x0800fe3c       0x90 CMakeFiles/InfantryC.elf.dir/Shark/IMU/driver/src/BMI088driver.c.obj
                0x0800fe3c                BMI088_accel_read_over
 .text.BMI088_gyro_read_over
                0x0800fecc       0x64 CMakeFiles/InfantryC.elf.dir/Shark/IMU/driver/src/BMI088driver.c.obj
                0x0800fecc                BMI088_gyro_read_over
 .text.BMI088_read
                0x0800ff30      0x17c CMakeFiles/InfantryC.elf.dir/Shark/IMU/driver/src/BMI088driver.c.obj
                0x0800ff30                BMI088_read
 .text.ist8310_init
                0x080100ac       0x80 CMakeFiles/InfantryC.elf.dir/Shark/IMU/driver/src/ist8310driver.c.obj
                0x080100ac                ist8310_init
 .text.ist8310_GPIO_init
                0x0801012c        0x2 CMakeFiles/InfantryC.elf.dir/Shark/IMU/driver/src/ist8310driver_middleware.c.obj
                0x0801012c                ist8310_GPIO_init
 .text.ist8310_com_init
                0x0801012e        0x2 CMakeFiles/InfantryC.elf.dir/Shark/IMU/driver/src/ist8310driver_middleware.c.obj
                0x0801012e                ist8310_com_init
 .text.ist8310_IIC_read_single_reg
                0x08010130       0x2c CMakeFiles/InfantryC.elf.dir/Shark/IMU/driver/src/ist8310driver_middleware.c.obj
                0x08010130                ist8310_IIC_read_single_reg
 .text.ist8310_IIC_write_single_reg
                0x0801015c       0x2c CMakeFiles/InfantryC.elf.dir/Shark/IMU/driver/src/ist8310driver_middleware.c.obj
                0x0801015c                ist8310_IIC_write_single_reg
 .text.ist8310_delay_ms
                0x08010188        0x8 CMakeFiles/InfantryC.elf.dir/Shark/IMU/driver/src/ist8310driver_middleware.c.obj
                0x08010188                ist8310_delay_ms
 .text.ist8310_RST_H
                0x08010190       0x14 CMakeFiles/InfantryC.elf.dir/Shark/IMU/driver/src/ist8310driver_middleware.c.obj
                0x08010190                ist8310_RST_H
 .text.ist8310_RST_L
                0x080101a4       0x14 CMakeFiles/InfantryC.elf.dir/Shark/IMU/driver/src/ist8310driver_middleware.c.obj
                0x080101a4                ist8310_RST_L
 .text.PID_init
                0x080101b8       0x32 CMakeFiles/InfantryC.elf.dir/Shark/IMU/driver/src/pid.c.obj
                0x080101b8                PID_init
 *fill*         0x080101ea        0x2 
 .text.PID_calc
                0x080101ec      0x158 CMakeFiles/InfantryC.elf.dir/Shark/IMU/driver/src/pid.c.obj
                0x080101ec                PID_calc
 .text.imu_cali_slove
                0x08010344      0x110 CMakeFiles/InfantryC.elf.dir/Shark/IMU/task/src/INS_task.c.obj
 .text.imu_temp_control
                0x08010454       0xa0 CMakeFiles/InfantryC.elf.dir/Shark/IMU/task/src/INS_task.c.obj
 .text.imu_cmd_spi_dma
                0x080104f4      0x180 CMakeFiles/InfantryC.elf.dir/Shark/IMU/task/src/INS_task.c.obj
 *fill*         0x08010674        0x4 
 .text.StartIMUTask
                0x08010678      0x2cc CMakeFiles/InfantryC.elf.dir/Shark/IMU/task/src/INS_task.c.obj
                0x08010678                StartIMUTask
 .text.gyro_offset_calc
                0x08010944       0x54 CMakeFiles/InfantryC.elf.dir/Shark/IMU/task/src/INS_task.c.obj
                0x08010944                gyro_offset_calc
 .text.INS_cali_gyro
                0x08010998       0x48 CMakeFiles/InfantryC.elf.dir/Shark/IMU/task/src/INS_task.c.obj
                0x08010998                INS_cali_gyro
 .text.INS_set_cali_gyro
                0x080109e0       0x28 CMakeFiles/InfantryC.elf.dir/Shark/IMU/task/src/INS_task.c.obj
                0x080109e0                INS_set_cali_gyro
 .text.HAL_GPIO_EXTI_Callback
                0x08010a08       0xa8 CMakeFiles/InfantryC.elf.dir/Shark/IMU/task/src/INS_task.c.obj
                0x08010a08                HAL_GPIO_EXTI_Callback
 .text.SPI_RxCallBack
                0x08010ab0      0x6b0 CMakeFiles/InfantryC.elf.dir/Shark/IMU/task/src/INS_task.c.obj
                0x08010ab0                SPI_RxCallBack
 .text.cali_head_hook
                0x08011160       0x20 CMakeFiles/InfantryC.elf.dir/Shark/IMU/task/src/calibrate_task.c.obj
 .text.cali_gimbal_hook
                0x08011180        0x4 CMakeFiles/InfantryC.elf.dir/Shark/IMU/task/src/calibrate_task.c.obj
 .text.cali_gyro_hook
                0x08011184       0x4c CMakeFiles/InfantryC.elf.dir/Shark/IMU/task/src/calibrate_task.c.obj
 .text.cali_data_read
                0x080111d0       0x98 CMakeFiles/InfantryC.elf.dir/Shark/IMU/task/src/calibrate_task.c.obj
 .text.get_control_temperature
                0x08011268        0xc CMakeFiles/InfantryC.elf.dir/Shark/IMU/task/src/calibrate_task.c.obj
                0x08011268                get_control_temperature
 .text.cali_param_init
                0x08011274       0x88 CMakeFiles/InfantryC.elf.dir/Shark/IMU/task/src/calibrate_task.c.obj
                0x08011274                cali_param_init
 .text.sbus_to_rc
                0x080112fc       0xc6 CMakeFiles/InfantryC.elf.dir/Shark/IMU/task/src/remote_control.c.obj
 *fill*         0x080113c2        0x2 
 .text.USART3_IRQHandler
                0x080113c4       0xe4 CMakeFiles/InfantryC.elf.dir/Shark/IMU/task/src/remote_control.c.obj
                0x080113c4                USART3_IRQHandler
 .text._ZN13communication16TransporterUsartILi8EE6isOpenEv
                0x080114a8        0x6 CMakeFiles/InfantryC.elf.dir/Shark/common_lib/communication/com_vision.cpp.obj
                0x080114a8                communication::TransporterUsart<8>::isOpen()
 .text._ZN13communication16TransporterUsartILi8EE7reStartEv
                0x080114ae       0x40 CMakeFiles/InfantryC.elf.dir/Shark/common_lib/communication/com_vision.cpp.obj
                0x080114ae                communication::TransporterUsart<8>::reStart()
 .text._ZN13communication16TransporterUsartILi8EE5writeEv
                0x080114ee       0x12 CMakeFiles/InfantryC.elf.dir/Shark/common_lib/communication/com_vision.cpp.obj
                0x080114ee                communication::TransporterUsart<8>::write()
 .text._ZN13communication16TransporterUsartILi8EE4readEv
                0x08011500       0x5c CMakeFiles/InfantryC.elf.dir/Shark/common_lib/communication/com_vision.cpp.obj
                0x08011500                communication::TransporterUsart<8>::read()
 .text._ZN13communication16TransporterUsartILi8EE5closeEv
                0x0801155c       0x20 CMakeFiles/InfantryC.elf.dir/Shark/common_lib/communication/com_vision.cpp.obj
                0x0801155c                communication::TransporterUsart<8>::close()
 .text._ZN13communication16TransporterUsartILi8EE4openEv
                0x0801157c       0x22 CMakeFiles/InfantryC.elf.dir/Shark/common_lib/communication/com_vision.cpp.obj
                0x0801157c                communication::TransporterUsart<8>::open()
 *fill*         0x0801159e        0x2 
 .text._ZN13communication9ComVisionC2ER20__UART_HandleTypeDef
                0x080115a0       0x64 CMakeFiles/InfantryC.elf.dir/Shark/common_lib/communication/com_vision.cpp.obj
                0x080115a0                communication::ComVision::ComVision(__UART_HandleTypeDef&)
                0x080115a0                communication::ComVision::ComVision(__UART_HandleTypeDef&)
 .text._ZNK13communication9ComVision12getVisionMsgEv
                0x08011604        0x4 CMakeFiles/InfantryC.elf.dir/Shark/common_lib/communication/com_vision.cpp.obj
                0x08011604                communication::ComVision::getVisionMsg() const
 .text._ZN13communication9ComVision11slovePacketEv
                0x08011608       0x3e CMakeFiles/InfantryC.elf.dir/Shark/common_lib/communication/com_vision.cpp.obj
                0x08011608                communication::ComVision::slovePacket()
 .text._ZN13communication14TransporterCan6isOpenEv
                0x08011646        0x6 CMakeFiles/InfantryC.elf.dir/Shark/common_lib/communication/transporter_can.cpp.obj
                0x08011646                communication::TransporterCan::isOpen()
 .text._ZN13communication14TransporterCan7reStartEv
                0x0801164c       0x14 CMakeFiles/InfantryC.elf.dir/Shark/common_lib/communication/transporter_can.cpp.obj
                0x0801164c                communication::TransporterCan::reStart()
 .text._ZN13communication14TransporterCan4readEv
                0x08011660       0x18 CMakeFiles/InfantryC.elf.dir/Shark/common_lib/communication/transporter_can.cpp.obj
                0x08011660                communication::TransporterCan::read()
 .text._ZN13communication14TransporterCan5writeEv
                0x08011678       0x1a CMakeFiles/InfantryC.elf.dir/Shark/common_lib/communication/transporter_can.cpp.obj
                0x08011678                communication::TransporterCan::write()
 *fill*         0x08011692        0x2 
 .text._ZN13communication14TransporterCan10filterInitEv
                0x08011694       0x58 CMakeFiles/InfantryC.elf.dir/Shark/common_lib/communication/transporter_can.cpp.obj
                0x08011694                communication::TransporterCan::filterInit()
 .text._ZN13communication14TransporterCan11canActivateEv
                0x080116ec       0x34 CMakeFiles/InfantryC.elf.dir/Shark/common_lib/communication/transporter_can.cpp.obj
                0x080116ec                communication::TransporterCan::canActivate()
 .text._ZN13communication14TransporterCan4openEv
                0x08011720       0x28 CMakeFiles/InfantryC.elf.dir/Shark/common_lib/communication/transporter_can.cpp.obj
                0x08011720                communication::TransporterCan::open()
 .text._ZN13communication14TransporterCan13canDeactivateEv
                0x08011748       0x24 CMakeFiles/InfantryC.elf.dir/Shark/common_lib/communication/transporter_can.cpp.obj
                0x08011748                communication::TransporterCan::canDeactivate()
 .text._ZN13communication14TransporterCan5closeEv
                0x0801176c       0x20 CMakeFiles/InfantryC.elf.dir/Shark/common_lib/communication/transporter_can.cpp.obj
                0x0801176c                communication::TransporterCan::close()
 .text._ZN13communication14TransporterCanC2ER19__CAN_HandleTypeDefNS_10CanRxFIFOxE
                0x0801178c       0x6c CMakeFiles/InfantryC.elf.dir/Shark/my_main.cpp.obj
                0x0801178c                communication::TransporterCan::TransporterCan(__CAN_HandleTypeDef&, communication::CanRxFIFOx)
                0x0801178c                communication::TransporterCan::TransporterCan(__CAN_HandleTypeDef&, communication::CanRxFIFOx)
 .text._Z41__static_initialization_and_destruction_0ii
                0x080117f8       0x48 CMakeFiles/InfantryC.elf.dir/Shark/my_main.cpp.obj
 .text._ZdlPv   0x08011840        0x8 CMakeFiles/InfantryC.elf.dir/Shark/my_main.cpp.obj
                0x08011840                operator delete(void*)
 .text.main     0x08011848       0x70 CMakeFiles/InfantryC.elf.dir/Shark/my_main.cpp.obj
                0x08011848                main
 .text.StartDebugTask
                0x080118b8       0x7c CMakeFiles/InfantryC.elf.dir/Shark/my_main.cpp.obj
                0x080118b8                StartDebugTask
 .text.USART6_IRQHandler
                0x08011934       0x6c CMakeFiles/InfantryC.elf.dir/Shark/my_main.cpp.obj
                0x08011934                USART6_IRQHandler
 .text.HAL_CAN_RxFifo0MsgPendingCallback
                0x080119a0       0x18 CMakeFiles/InfantryC.elf.dir/Shark/my_main.cpp.obj
                0x080119a0                HAL_CAN_RxFifo0MsgPendingCallback
 .text._GLOBAL__sub_I__Z14CAN_FilterInitv
                0x080119b8        0xe CMakeFiles/InfantryC.elf.dir/Shark/my_main.cpp.obj
 *fill*         0x080119c6        0x2 
 .text.RetargetInit
                0x080119c8       0x20 CMakeFiles/InfantryC.elf.dir/config/retarget/retarget.c.obj
                0x080119c8                RetargetInit
 .text._isatty  0x080119e8       0x16 CMakeFiles/InfantryC.elf.dir/config/retarget/retarget.c.obj
                0x080119e8                _isatty
 *fill*         0x080119fe        0x2 
 .text._write   0x08011a00       0x34 CMakeFiles/InfantryC.elf.dir/config/retarget/retarget.c.obj
                0x08011a00                _write
 .text._close   0x08011a34       0x18 CMakeFiles/InfantryC.elf.dir/config/retarget/retarget.c.obj
                0x08011a34                _close
 .text._lseek   0x08011a4c       0x10 CMakeFiles/InfantryC.elf.dir/config/retarget/retarget.c.obj
                0x08011a4c                _lseek
 .text._read    0x08011a5c       0x30 CMakeFiles/InfantryC.elf.dir/config/retarget/retarget.c.obj
                0x08011a5c                _read
 .text._fstat   0x08011a8c       0x1a CMakeFiles/InfantryC.elf.dir/config/retarget/retarget.c.obj
                0x08011a8c                _fstat
 *fill*         0x08011aa6        0x2 
 .text.arm_sin_f32
                0x08011aa8       0x8c E:/AADataFile/RM/infantry/InfantryC/Middlewares/ST/ARM/DSP/Lib\libarm_cortexM4lf_math.a(arm_sin_f32.o)
                0x08011aa8                arm_sin_f32
 .text.arm_cos_f32
                0x08011b34       0x94 E:/AADataFile/RM/infantry/InfantryC/Middlewares/ST/ARM/DSP/Lib\libarm_cortexM4lf_math.a(arm_cos_f32.o)
                0x08011b34                arm_cos_f32
 .text._ZNK10__cxxabiv117__class_type_info11__do_upcastEPKS0_PPv
                0x08011bc8       0x34 e:/clionstm32/gcc-arm-none-eabi-10.3-2021.10/bin/../lib/gcc/arm-none-eabi/10.3.1/../../../../arm-none-eabi/lib/thumb/v7e-m+fp/hard\libstdc++.a(class_type_info.o)
                0x08011bc8                __cxxabiv1::__class_type_info::__do_upcast(__cxxabiv1::__class_type_info const*, void**) const
 .text._ZNK10__cxxabiv117__class_type_info20__do_find_public_srcEiPKvPKS0_S2_
                0x08011bfc        0xc e:/clionstm32/gcc-arm-none-eabi-10.3-2021.10/bin/../lib/gcc/arm-none-eabi/10.3.1/../../../../arm-none-eabi/lib/thumb/v7e-m+fp/hard\libstdc++.a(class_type_info.o)
                0x08011bfc                __cxxabiv1::__class_type_info::__do_find_public_src(int, void const*, __cxxabiv1::__class_type_info const*, void const*) const
 .text._ZN10__cxxabiv117__class_type_infoD2Ev
                0x08011c08       0x14 e:/clionstm32/gcc-arm-none-eabi-10.3-2021.10/bin/../lib/gcc/arm-none-eabi/10.3.1/../../../../arm-none-eabi/lib/thumb/v7e-m+fp/hard\libstdc++.a(class_type_info.o)
                0x08011c08                __cxxabiv1::__class_type_info::~__class_type_info()
                0x08011c08                __cxxabiv1::__class_type_info::~__class_type_info()
 .text._ZN10__cxxabiv117__class_type_infoD0Ev
                0x08011c1c       0x1c e:/clionstm32/gcc-arm-none-eabi-10.3-2021.10/bin/../lib/gcc/arm-none-eabi/10.3.1/../../../../arm-none-eabi/lib/thumb/v7e-m+fp/hard\libstdc++.a(class_type_info.o)
                0x08011c1c                __cxxabiv1::__class_type_info::~__class_type_info()
 .text._ZNK10__cxxabiv117__class_type_info12__do_dyncastEiNS0_10__sub_kindEPKS0_PKvS3_S5_RNS0_16__dyncast_resultE
                0x08011c38       0x44 e:/clionstm32/gcc-arm-none-eabi-10.3-2021.10/bin/../lib/gcc/arm-none-eabi/10.3.1/../../../../arm-none-eabi/lib/thumb/v7e-m+fp/hard\libstdc++.a(class_type_info.o)
                0x08011c38                __cxxabiv1::__class_type_info::__do_dyncast(int, __cxxabiv1::__class_type_info::__sub_kind, __cxxabiv1::__class_type_info const*, void const*, __cxxabiv1::__class_type_info const*, void const*, __cxxabiv1::__class_type_info::__dyncast_result&) const
 .text._ZNK10__cxxabiv117__class_type_info11__do_upcastEPKS0_PKvRNS0_15__upcast_resultE
                0x08011c7c       0x1c e:/clionstm32/gcc-arm-none-eabi-10.3-2021.10/bin/../lib/gcc/arm-none-eabi/10.3.1/../../../../arm-none-eabi/lib/thumb/v7e-m+fp/hard\libstdc++.a(class_type_info.o)
                0x08011c7c                __cxxabiv1::__class_type_info::__do_upcast(__cxxabiv1::__class_type_info const*, void const*, __cxxabiv1::__class_type_info::__upcast_result&) const
 .text._ZNK10__cxxabiv117__class_type_info10__do_catchEPKSt9type_infoPPvj
                0x08011c98       0x2c e:/clionstm32/gcc-arm-none-eabi-10.3-2021.10/bin/../lib/gcc/arm-none-eabi/10.3.1/../../../../arm-none-eabi/lib/thumb/v7e-m+fp/hard\libstdc++.a(class_type_info.o)
                0x08011c98                __cxxabiv1::__class_type_info::__do_catch(std::type_info const*, void**, unsigned int) const
 .text._ZdlPvj  0x08011cc4        0x4 e:/clionstm32/gcc-arm-none-eabi-10.3-2021.10/bin/../lib/gcc/arm-none-eabi/10.3.1/../../../../arm-none-eabi/lib/thumb/v7e-m+fp/hard\libstdc++.a(del_ops.o)
                0x08011cc4                operator delete(void*, unsigned int)
 .text.__cxa_pure_virtual
                0x08011cc8       0x14 e:/clionstm32/gcc-arm-none-eabi-10.3-2021.10/bin/../lib/gcc/arm-none-eabi/10.3.1/../../../../arm-none-eabi/lib/thumb/v7e-m+fp/hard\libstdc++.a(pure.o)
                0x08011cc8                __cxa_pure_virtual
 .text._ZN10__cxxabiv120__si_class_type_infoD2Ev
                0x08011cdc       0x14 e:/clionstm32/gcc-arm-none-eabi-10.3-2021.10/bin/../lib/gcc/arm-none-eabi/10.3.1/../../../../arm-none-eabi/lib/thumb/v7e-m+fp/hard\libstdc++.a(si_class_type_info.o)
                0x08011cdc                __cxxabiv1::__si_class_type_info::~__si_class_type_info()
                0x08011cdc                __cxxabiv1::__si_class_type_info::~__si_class_type_info()
 .text._ZN10__cxxabiv120__si_class_type_infoD0Ev
                0x08011cf0       0x1c e:/clionstm32/gcc-arm-none-eabi-10.3-2021.10/bin/../lib/gcc/arm-none-eabi/10.3.1/../../../../arm-none-eabi/lib/thumb/v7e-m+fp/hard\libstdc++.a(si_class_type_info.o)
                0x08011cf0                __cxxabiv1::__si_class_type_info::~__si_class_type_info()
 .text._ZNK10__cxxabiv120__si_class_type_info20__do_find_public_srcEiPKvPKNS_17__class_type_infoES2_
                0x08011d0c       0x3c e:/clionstm32/gcc-arm-none-eabi-10.3-2021.10/bin/../lib/gcc/arm-none-eabi/10.3.1/../../../../arm-none-eabi/lib/thumb/v7e-m+fp/hard\libstdc++.a(si_class_type_info.o)
                0x08011d0c                __cxxabiv1::__si_class_type_info::__do_find_public_src(int, void const*, __cxxabiv1::__class_type_info const*, void const*) const
 .text._ZNK10__cxxabiv120__si_class_type_info12__do_dyncastEiNS_17__class_type_info10__sub_kindEPKS1_PKvS4_S6_RNS1_16__dyncast_resultE
                0x08011d48       0x80 e:/clionstm32/gcc-arm-none-eabi-10.3-2021.10/bin/../lib/gcc/arm-none-eabi/10.3.1/../../../../arm-none-eabi/lib/thumb/v7e-m+fp/hard\libstdc++.a(si_class_type_info.o)
                0x08011d48                __cxxabiv1::__si_class_type_info::__do_dyncast(int, __cxxabiv1::__class_type_info::__sub_kind, __cxxabiv1::__class_type_info const*, void const*, __cxxabiv1::__class_type_info const*, void const*, __cxxabiv1::__class_type_info::__dyncast_result&) const
 .text._ZNK10__cxxabiv120__si_class_type_info11__do_upcastEPKNS_17__class_type_infoEPKvRNS1_15__upcast_resultE
                0x08011dc8       0x2c e:/clionstm32/gcc-arm-none-eabi-10.3-2021.10/bin/../lib/gcc/arm-none-eabi/10.3.1/../../../../arm-none-eabi/lib/thumb/v7e-m+fp/hard\libstdc++.a(si_class_type_info.o)
                0x08011dc8                __cxxabiv1::__si_class_type_info::__do_upcast(__cxxabiv1::__class_type_info const*, void const*, __cxxabiv1::__class_type_info::__upcast_result&) const
 .text._ZNSt9type_infoD2Ev
                0x08011df4        0x4 e:/clionstm32/gcc-arm-none-eabi-10.3-2021.10/bin/../lib/gcc/arm-none-eabi/10.3.1/../../../../arm-none-eabi/lib/thumb/v7e-m+fp/hard\libstdc++.a(tinfo.o)
                0x08011df4                std::type_info::~type_info()
                0x08011df4                std::type_info::~type_info()
 .text._ZNKSt9type_info14__is_pointer_pEv
                0x08011df8        0x4 e:/clionstm32/gcc-arm-none-eabi-10.3-2021.10/bin/../lib/gcc/arm-none-eabi/10.3.1/../../../../arm-none-eabi/lib/thumb/v7e-m+fp/hard\libstdc++.a(tinfo.o)
                0x08011df8                std::type_info::__is_pointer_p() const
                0x08011df8                std::type_info::__is_function_p() const
 .text._ZNKSt9type_infoeqERKS_
                0x08011dfc       0x2c e:/clionstm32/gcc-arm-none-eabi-10.3-2021.10/bin/../lib/gcc/arm-none-eabi/10.3.1/../../../../arm-none-eabi/lib/thumb/v7e-m+fp/hard\libstdc++.a(tinfo.o)
                0x08011dfc                std::type_info::operator==(std::type_info const&) const
 .text._ZN10__cxxabiv111__terminateEPFvvE
                0x08011e28       0x28 e:/clionstm32/gcc-arm-none-eabi-10.3-2021.10/bin/../lib/gcc/arm-none-eabi/10.3.1/../../../../arm-none-eabi/lib/thumb/v7e-m+fp/hard\libstdc++.a(eh_terminate.o)
                0x08011e28                __cxxabiv1::__terminate(void (*)())
 .text._ZSt9terminatev
                0x08011e50       0x14 e:/clionstm32/gcc-arm-none-eabi-10.3-2021.10/bin/../lib/gcc/arm-none-eabi/10.3.1/../../../../arm-none-eabi/lib/thumb/v7e-m+fp/hard\libstdc++.a(eh_terminate.o)
                0x08011e50                std::terminate()
 .text._ZN10__cxxabiv112__unexpectedEPFvvE
                0x08011e64        0x8 e:/clionstm32/gcc-arm-none-eabi-10.3-2021.10/bin/../lib/gcc/arm-none-eabi/10.3.1/../../../../arm-none-eabi/lib/thumb/v7e-m+fp/hard\libstdc++.a(eh_terminate.o)
                0x08011e64                __cxxabiv1::__unexpected(void (*)())
 .text._ZSt10unexpectedv
                0x08011e6c       0x14 e:/clionstm32/gcc-arm-none-eabi-10.3-2021.10/bin/../lib/gcc/arm-none-eabi/10.3.1/../../../../arm-none-eabi/lib/thumb/v7e-m+fp/hard\libstdc++.a(eh_terminate.o)
                0x08011e6c                std::unexpected()
 .text._ZSt13get_terminatev
                0x08011e80       0x10 e:/clionstm32/gcc-arm-none-eabi-10.3-2021.10/bin/../lib/gcc/arm-none-eabi/10.3.1/../../../../arm-none-eabi/lib/thumb/v7e-m+fp/hard\libstdc++.a(eh_terminate.o)
                0x08011e80                std::get_terminate()
 .text._ZSt14get_unexpectedv
                0x08011e90       0x10 e:/clionstm32/gcc-arm-none-eabi-10.3-2021.10/bin/../lib/gcc/arm-none-eabi/10.3.1/../../../../arm-none-eabi/lib/thumb/v7e-m+fp/hard\libstdc++.a(eh_terminate.o)
                0x08011e90                std::get_unexpected()
 .text._ZN9__gnu_cxx27__verbose_terminate_handlerEv
                0x08011ea0      0x10c e:/clionstm32/gcc-arm-none-eabi-10.3-2021.10/bin/../lib/gcc/arm-none-eabi/10.3.1/../../../../arm-none-eabi/lib/thumb/v7e-m+fp/hard\libstdc++.a(vterminate.o)
                0x08011ea0                __gnu_cxx::__verbose_terminate_handler()
 .text.__cxa_end_cleanup
                0x08011fac        0xc e:/clionstm32/gcc-arm-none-eabi-10.3-2021.10/bin/../lib/gcc/arm-none-eabi/10.3.1/../../../../arm-none-eabi/lib/thumb/v7e-m+fp/hard\libstdc++.a(eh_arm.o)
                0x08011fac                __cxa_end_cleanup
 .text.__cxa_type_match
                0x08011fb8       0xb4 e:/clionstm32/gcc-arm-none-eabi-10.3-2021.10/bin/../lib/gcc/arm-none-eabi/10.3.1/../../../../arm-none-eabi/lib/thumb/v7e-m+fp/hard\libstdc++.a(eh_arm.o)
                0x08011fb8                __cxa_type_match
 .text.__cxa_begin_cleanup
                0x0801206c       0x64 e:/clionstm32/gcc-arm-none-eabi-10.3-2021.10/bin/../lib/gcc/arm-none-eabi/10.3.1/../../../../arm-none-eabi/lib/thumb/v7e-m+fp/hard\libstdc++.a(eh_arm.o)
                0x0801206c                __cxa_begin_cleanup
 .text.__gnu_end_cleanup
                0x080120d0       0x70 e:/clionstm32/gcc-arm-none-eabi-10.3-2021.10/bin/../lib/gcc/arm-none-eabi/10.3.1/../../../../arm-none-eabi/lib/thumb/v7e-m+fp/hard\libstdc++.a(eh_arm.o)
                0x080120d0                __gnu_end_cleanup
 .text._ZN10__cxxabiv1L24__is_gxx_exception_classEPc
                0x08012140       0x3c e:/clionstm32/gcc-arm-none-eabi-10.3-2021.10/bin/../lib/gcc/arm-none-eabi/10.3.1/../../../../arm-none-eabi/lib/thumb/v7e-m+fp/hard\libstdc++.a(eh_call.o)
 .text.__cxa_call_terminate
                0x0801217c       0x20 e:/clionstm32/gcc-arm-none-eabi-10.3-2021.10/bin/../lib/gcc/arm-none-eabi/10.3.1/../../../../arm-none-eabi/lib/thumb/v7e-m+fp/hard\libstdc++.a(eh_call.o)
                0x0801217c                __cxa_call_terminate
 .text.unlikely.__cxa_call_unexpected
                0x0801219c       0xe4 e:/clionstm32/gcc-arm-none-eabi-10.3-2021.10/bin/../lib/gcc/arm-none-eabi/10.3.1/../../../../arm-none-eabi/lib/thumb/v7e-m+fp/hard\libstdc++.a(eh_call.o)
                0x0801219c                __cxa_call_unexpected
 .text.__cxa_begin_catch
                0x08012280       0x7c e:/clionstm32/gcc-arm-none-eabi-10.3-2021.10/bin/../lib/gcc/arm-none-eabi/10.3.1/../../../../arm-none-eabi/lib/thumb/v7e-m+fp/hard\libstdc++.a(eh_catch.o)
                0x08012280                __cxa_begin_catch
 .text.__cxa_end_catch
                0x080122fc       0x8c e:/clionstm32/gcc-arm-none-eabi-10.3-2021.10/bin/../lib/gcc/arm-none-eabi/10.3.1/../../../../arm-none-eabi/lib/thumb/v7e-m+fp/hard\libstdc++.a(eh_catch.o)
                0x080122fc                __cxa_end_catch
 .text._ZNSt13bad_exceptionD2Ev
                0x08012388        0x4 e:/clionstm32/gcc-arm-none-eabi-10.3-2021.10/bin/../lib/gcc/arm-none-eabi/10.3.1/../../../../arm-none-eabi/lib/thumb/v7e-m+fp/hard\libstdc++.a(eh_exception.o)
                0x08012388                std::bad_exception::~bad_exception()
                0x08012388                std::bad_exception::~bad_exception()
 .text._ZNKSt13bad_exception4whatEv
                0x0801238c        0x8 e:/clionstm32/gcc-arm-none-eabi-10.3-2021.10/bin/../lib/gcc/arm-none-eabi/10.3.1/../../../../arm-none-eabi/lib/thumb/v7e-m+fp/hard\libstdc++.a(eh_exception.o)
                0x0801238c                std::bad_exception::what() const
                0x0801238c                transaction clone for std::bad_exception::what() const
 .text._ZNSt13bad_exceptionD0Ev
                0x08012394       0x10 e:/clionstm32/gcc-arm-none-eabi-10.3-2021.10/bin/../lib/gcc/arm-none-eabi/10.3.1/../../../../arm-none-eabi/lib/thumb/v7e-m+fp/hard\libstdc++.a(eh_exception.o)
                0x08012394                std::bad_exception::~bad_exception()
 .text.__cxa_get_globals_fast
                0x080123a4        0x8 e:/clionstm32/gcc-arm-none-eabi-10.3-2021.10/bin/../lib/gcc/arm-none-eabi/10.3.1/../../../../arm-none-eabi/lib/thumb/v7e-m+fp/hard\libstdc++.a(eh_globals.o)
                0x080123a4                __cxa_get_globals_fast
 .text.__cxa_get_globals
                0x080123ac        0x8 e:/clionstm32/gcc-arm-none-eabi-10.3-2021.10/bin/../lib/gcc/arm-none-eabi/10.3.1/../../../../arm-none-eabi/lib/thumb/v7e-m+fp/hard\libstdc++.a(eh_globals.o)
                0x080123ac                __cxa_get_globals
 .text._ZL28read_encoded_value_with_basehjPKhPj
                0x080123b4       0xc0 e:/clionstm32/gcc-arm-none-eabi-10.3-2021.10/bin/../lib/gcc/arm-none-eabi/10.3.1/../../../../arm-none-eabi/lib/thumb/v7e-m+fp/hard\libstdc++.a(eh_personality.o)
 .text._ZL21base_of_encoded_valuehP15_Unwind_Context
                0x08012474       0x50 e:/clionstm32/gcc-arm-none-eabi-10.3-2021.10/bin/../lib/gcc/arm-none-eabi/10.3.1/../../../../arm-none-eabi/lib/thumb/v7e-m+fp/hard\libstdc++.a(eh_personality.o)
 .text._ZL17parse_lsda_headerP15_Unwind_ContextPKhP16lsda_header_info
                0x080124c4       0x94 e:/clionstm32/gcc-arm-none-eabi-10.3-2021.10/bin/../lib/gcc/arm-none-eabi/10.3.1/../../../../arm-none-eabi/lib/thumb/v7e-m+fp/hard\libstdc++.a(eh_personality.o)
 .text.__gxx_personality_v0
                0x08012558      0x4a8 e:/clionstm32/gcc-arm-none-eabi-10.3-2021.10/bin/../lib/gcc/arm-none-eabi/10.3.1/../../../../arm-none-eabi/lib/thumb/v7e-m+fp/hard\libstdc++.a(eh_personality.o)
                0x08012558                __gxx_personality_v0
 .text._ZL23__gxx_exception_cleanup19_Unwind_Reason_CodeP21_Unwind_Control_Block
                0x08012a00       0x4c e:/clionstm32/gcc-arm-none-eabi-10.3-2021.10/bin/../lib/gcc/arm-none-eabi/10.3.1/../../../../arm-none-eabi/lib/thumb/v7e-m+fp/hard\libstdc++.a(eh_throw.o)
 .text.__cxa_init_primary_exception
                0x08012a4c       0x58 e:/clionstm32/gcc-arm-none-eabi-10.3-2021.10/bin/../lib/gcc/arm-none-eabi/10.3.1/../../../../arm-none-eabi/lib/thumb/v7e-m+fp/hard\libstdc++.a(eh_throw.o)
                0x08012a4c                __cxa_init_primary_exception
 .text.__cxa_throw
                0x08012aa4       0x38 e:/clionstm32/gcc-arm-none-eabi-10.3-2021.10/bin/../lib/gcc/arm-none-eabi/10.3.1/../../../../arm-none-eabi/lib/thumb/v7e-m+fp/hard\libstdc++.a(eh_throw.o)
                0x08012aa4                __cxa_throw
 .text.__cxa_rethrow
                0x08012adc       0x70 e:/clionstm32/gcc-arm-none-eabi-10.3-2021.10/bin/../lib/gcc/arm-none-eabi/10.3.1/../../../../arm-none-eabi/lib/thumb/v7e-m+fp/hard\libstdc++.a(eh_throw.o)
                0x08012adc                __cxa_rethrow
 .text.__cxa_current_exception_type
                0x08012b4c       0x1c e:/clionstm32/gcc-arm-none-eabi-10.3-2021.10/bin/../lib/gcc/arm-none-eabi/10.3.1/../../../../arm-none-eabi/lib/thumb/v7e-m+fp/hard\libstdc++.a(eh_type.o)
                0x08012b4c                __cxa_current_exception_type
 .text._ZN12_GLOBAL__N_14pool4freeEPv.constprop.0
                0x08012b68       0x88 e:/clionstm32/gcc-arm-none-eabi-10.3-2021.10/bin/../lib/gcc/arm-none-eabi/10.3.1/../../../../arm-none-eabi/lib/thumb/v7e-m+fp/hard\libstdc++.a(eh_alloc.o)
 .text._ZN12_GLOBAL__N_14pool8allocateEj.constprop.0
                0x08012bf0       0x58 e:/clionstm32/gcc-arm-none-eabi-10.3-2021.10/bin/../lib/gcc/arm-none-eabi/10.3.1/../../../../arm-none-eabi/lib/thumb/v7e-m+fp/hard\libstdc++.a(eh_alloc.o)
 .text.__cxa_allocate_exception
                0x08012c48       0x30 e:/clionstm32/gcc-arm-none-eabi-10.3-2021.10/bin/../lib/gcc/arm-none-eabi/10.3.1/../../../../arm-none-eabi/lib/thumb/v7e-m+fp/hard\libstdc++.a(eh_alloc.o)
                0x08012c48                __cxa_allocate_exception
 .text.__cxa_free_exception
                0x08012c78       0x20 e:/clionstm32/gcc-arm-none-eabi-10.3-2021.10/bin/../lib/gcc/arm-none-eabi/10.3.1/../../../../arm-none-eabi/lib/thumb/v7e-m+fp/hard\libstdc++.a(eh_alloc.o)
                0x08012c78                __cxa_free_exception