Archive member included to satisfy reference by file (symbol)

E:/AADataFile/RM/infantry/InfantryC/Middlewares/ST/ARM/DSP/Lib\libarm_cortexM4lf_math.a(arm_sin_f32.o)
                              CMakeFiles/InfantryC.elf.dir/Shark/IMU/AHRS/src/AHRS_middleware.c.obj (arm_sin_f32)
E:/AADataFile/RM/infantry/InfantryC/Middlewares/ST/ARM/DSP/Lib\libarm_cortexM4lf_math.a(arm_cos_f32.o)
                              CMakeFiles/InfantryC.elf.dir/Shark/IMU/AHRS/src/AHRS_middleware.c.obj (arm_cos_f32)
E:/AADataFile/RM/infantry/InfantryC/Middlewares/ST/ARM/DSP/Lib\libarm_cortexM4lf_math.a(arm_common_tables.o)
                              E:/AADataFile/RM/infantry/InfantryC/Middlewares/ST/ARM/DSP/Lib\libarm_cortexM4lf_math.a(arm_sin_f32.o) (sinTable_f32)
../Shark/IMU/AHRS/src/AHRS.lib(ahrs.o)
                              CMakeFiles/InfantryC.elf.dir/Shark/IMU/task/src/INS_task.c.obj (AHRS_init)
e:/clionstm32/gcc-arm-none-eabi-10.3-2021.10/bin/../lib/gcc/arm-none-eabi/10.3.1/thumb/v7e-m+fp/hard\libgcc.a(_arm_muldf3.o)
                              CMakeFiles/InfantryC.elf.dir/Shark/IMU/task/src/INS_task.c.obj (__aeabi_dmul)
e:/clionstm32/gcc-arm-none-eabi-10.3-2021.10/bin/../lib/gcc/arm-none-eabi/10.3.1/thumb/v7e-m+fp/hard\libgcc.a(_arm_addsubdf3.o)
                              CMakeFiles/InfantryC.elf.dir/Core/Src/freertos.c.obj (__aeabi_f2d)
e:/clionstm32/gcc-arm-none-eabi-10.3-2021.10/bin/../lib/gcc/arm-none-eabi/10.3.1/thumb/v7e-m+fp/hard\libgcc.a(_arm_truncdfsf2.o)
                              CMakeFiles/InfantryC.elf.dir/Shark/IMU/task/src/INS_task.c.obj (__aeabi_d2f)
e:/clionstm32/gcc-arm-none-eabi-10.3-2021.10/bin/../lib/gcc/arm-none-eabi/10.3.1/thumb/v7e-m+fp/hard\libgcc.a(_aeabi_uldivmod.o)
                              CMakeFiles/InfantryC.elf.dir/Drivers/STM32F4xx_HAL_Driver/Src/stm32f4xx_hal_rcc.c.obj (__aeabi_uldivmod)
e:/clionstm32/gcc-arm-none-eabi-10.3-2021.10/bin/../lib/gcc/arm-none-eabi/10.3.1/thumb/v7e-m+fp/hard\libgcc.a(_udivmoddi4.o)
                              e:/clionstm32/gcc-arm-none-eabi-10.3-2021.10/bin/../lib/gcc/arm-none-eabi/10.3.1/thumb/v7e-m+fp/hard\libgcc.a(_aeabi_uldivmod.o) (__udivmoddi4)
e:/clionstm32/gcc-arm-none-eabi-10.3-2021.10/bin/../lib/gcc/arm-none-eabi/10.3.1/thumb/v7e-m+fp/hard\libgcc.a(_dvmd_tls.o)
                              e:/clionstm32/gcc-arm-none-eabi-10.3-2021.10/bin/../lib/gcc/arm-none-eabi/10.3.1/thumb/v7e-m+fp/hard\libgcc.a(_aeabi_uldivmod.o) (__aeabi_ldiv0)
e:/clionstm32/gcc-arm-none-eabi-10.3-2021.10/bin/../lib/gcc/arm-none-eabi/10.3.1/../../../../arm-none-eabi/lib/thumb/v7e-m+fp/hard\libg.a(lib_a-aeabi_memclr.o)
                              ../Shark/IMU/AHRS/src/AHRS.lib(ahrs.o) (__aeabi_memclr4)
e:/clionstm32/gcc-arm-none-eabi-10.3-2021.10/bin/../lib/gcc/arm-none-eabi/10.3.1/../../../../arm-none-eabi/lib/thumb/v7e-m+fp/hard\libg.a(lib_a-aeabi_memset-soft.o)
                              e:/clionstm32/gcc-arm-none-eabi-10.3-2021.10/bin/../lib/gcc/arm-none-eabi/10.3.1/../../../../arm-none-eabi/lib/thumb/v7e-m+fp/hard\libg.a(lib_a-aeabi_memclr.o) (__aeabi_memset)
e:/clionstm32/gcc-arm-none-eabi-10.3-2021.10/bin/../lib/gcc/arm-none-eabi/10.3.1/../../../../arm-none-eabi/lib/thumb/v7e-m+fp/hard\libg.a(lib_a-errno.o)
                              CMakeFiles/InfantryC.elf.dir/Core/Src/syscalls.c.obj (__errno)
e:/clionstm32/gcc-arm-none-eabi-10.3-2021.10/bin/../lib/gcc/arm-none-eabi/10.3.1/../../../../arm-none-eabi/lib/thumb/v7e-m+fp/hard\libg.a(lib_a-exit.o)
                              e:/clionstm32/gcc-arm-none-eabi-10.3-2021.10/bin/../lib/gcc/arm-none-eabi/10.3.1/../../../../arm-none-eabi/lib/thumb/v7e-m+fp/hard/crt0.o (exit)
e:/clionstm32/gcc-arm-none-eabi-10.3-2021.10/bin/../lib/gcc/arm-none-eabi/10.3.1/../../../../arm-none-eabi/lib/thumb/v7e-m+fp/hard\libg.a(lib_a-impure.o)
                              e:/clionstm32/gcc-arm-none-eabi-10.3-2021.10/bin/../lib/gcc/arm-none-eabi/10.3.1/../../../../arm-none-eabi/lib/thumb/v7e-m+fp/hard\libg.a(lib_a-exit.o) (_global_impure_ptr)
e:/clionstm32/gcc-arm-none-eabi-10.3-2021.10/bin/../lib/gcc/arm-none-eabi/10.3.1/../../../../arm-none-eabi/lib/thumb/v7e-m+fp/hard\libg.a(lib_a-init.o)
                              e:/clionstm32/gcc-arm-none-eabi-10.3-2021.10/bin/../lib/gcc/arm-none-eabi/10.3.1/../../../../arm-none-eabi/lib/thumb/v7e-m+fp/hard/crt0.o (__libc_init_array)
e:/clionstm32/gcc-arm-none-eabi-10.3-2021.10/bin/../lib/gcc/arm-none-eabi/10.3.1/../../../../arm-none-eabi/lib/thumb/v7e-m+fp/hard\libg.a(lib_a-memcpy.o)
                              CMakeFiles/InfantryC.elf.dir/Middlewares/Third_Party/FreeRTOS/Source/queue.c.obj (memcpy)
e:/clionstm32/gcc-arm-none-eabi-10.3-2021.10/bin/../lib/gcc/arm-none-eabi/10.3.1/../../../../arm-none-eabi/lib/thumb/v7e-m+fp/hard\libg.a(lib_a-memset.o)
                              e:/clionstm32/gcc-arm-none-eabi-10.3-2021.10/bin/../lib/gcc/arm-none-eabi/10.3.1/../../../../arm-none-eabi/lib/thumb/v7e-m+fp/hard/crt0.o (memset)
[...]
Memory Configuration

Name             Origin             Length             Attributes
CCMRAM           0x10000000         0x00010000         xrw
RAM              0x20000000         0x00020000         xrw
FLASH            0x08000000         0x00100000         xr
*default*        0x00000000         0xffffffff

Linker script and memory map

LOAD e:/clionstm32/gcc-arm-none-eabi-10.3-2021.10/bin/../lib/gcc/arm-none-eabi/10.3.1/thumb/v7e-m+fp/hard/crti.o
LOAD e:/clionstm32/gcc-arm-none-eabi-10.3-2021.10/bin/../lib/gcc/arm-none-eabi/10.3.1/thumb/v7e-m+fp/hard/crtbegin.o
LOAD e:/clionstm32/gcc-arm-none-eabi-10.3-2021.10/bin/../lib/gcc/arm-none-eabi/10.3.1/../../../../arm-none-eabi/lib/thumb/v7e-m+fp/hard/crt0.o
LOAD CMakeFiles/InfantryC.elf.dir/Core/Src/dma.c.obj
LOAD CMakeFiles/InfantryC.elf.dir/Core/Src/freertos.c.obj
LOAD CMakeFiles/InfantryC.elf.dir/Core/Src/gpio.c.obj
LOAD CMakeFiles/InfantryC.elf.dir/Core/Src/i2c.c.obj
LOAD CMakeFiles/InfantryC.elf.dir/Core/Src/main.c.obj
LOAD CMakeFiles/InfantryC.elf.dir/Core/Src/spi.c.obj
LOAD CMakeFiles/InfantryC.elf.dir/Core/Src/stm32f4xx_hal_msp.c.obj
LOAD CMakeFiles/InfantryC.elf.dir/Core/Src/stm32f4xx_it.c.obj
LOAD CMakeFiles/InfantryC.elf.dir/Core/Src/syscalls.c.obj
LOAD CMakeFiles/InfantryC.elf.dir/Core/Src/sysmem.c.obj
LOAD CMakeFiles/InfantryC.elf.dir/Core/Src/system_stm32f4xx.c.obj
LOAD CMakeFiles/InfantryC.elf.dir/Core/Src/tim.c.obj
LOAD CMakeFiles/InfantryC.elf.dir/Core/Src/usart.c.obj
LOAD CMakeFiles/InfantryC.elf.dir/Core/Startup/startup_stm32f407ighx.s.obj
LOAD CMakeFiles/InfantryC.elf.dir/Drivers/STM32F4xx_HAL_Driver/Src/stm32f4xx_hal.c.obj
LOAD CMakeFiles/InfantryC.elf.dir/Drivers/STM32F4xx_HAL_Driver/Src/stm32f4xx_hal_cortex.c.obj
LOAD CMakeFiles/InfantryC.elf.dir/Drivers/STM32F4xx_HAL_Driver/Src/stm32f4xx_hal_dma.c.obj
LOAD CMakeFiles/InfantryC.elf.dir/Drivers/STM32F4xx_HAL_Driver/Src/stm32f4xx_hal_dma_ex.c.obj
LOAD CMakeFiles/InfantryC.elf.dir/Drivers/STM32F4xx_HAL_Driver/Src/stm32f4xx_hal_exti.c.obj
LOAD CMakeFiles/InfantryC.elf.dir/Drivers/STM32F4xx_HAL_Driver/Src/stm32f4xx_hal_flash.c.obj
LOAD CMakeFiles/InfantryC.elf.dir/Drivers/STM32F4xx_HAL_Driver/Src/stm32f4xx_hal_flash_ex.c.obj
LOAD CMakeFiles/InfantryC.elf.dir/Drivers/STM32F4xx_HAL_Driver/Src/stm32f4xx_hal_flash_ramfunc.c.obj
LOAD CMakeFiles/InfantryC.elf.dir/Drivers/STM32F4xx_HAL_Driver/Src/stm32f4xx_hal_gpio.c.obj
LOAD CMakeFiles/InfantryC.elf.dir/Drivers/STM32F4xx_HAL_Driver/Src/stm32f4xx_hal_i2c.c.obj
LOAD CMakeFiles/InfantryC.elf.dir/Drivers/STM32F4xx_HAL_Driver/Src/stm32f4xx_hal_i2c_ex.c.obj
LOAD CMakeFiles/InfantryC.elf.dir/Drivers/STM32F4xx_HAL_Driver/Src/stm32f4xx_hal_pwr.c.obj
LOAD CMakeFiles/InfantryC.elf.dir/Drivers/STM32F4xx_HAL_Driver/Src/stm32f4xx_hal_pwr_ex.c.obj
LOAD CMakeFiles/InfantryC.elf.dir/Drivers/STM32F4xx_HAL_Driver/Src/stm32f4xx_hal_rcc.c.obj
LOAD CMakeFiles/InfantryC.elf.dir/Drivers/STM32F4xx_HAL_Driver/Src/stm32f4xx_hal_rcc_ex.c.obj
LOAD CMakeFiles/InfantryC.elf.dir/Drivers/STM32F4xx_HAL_Driver/Src/stm32f4xx_hal_spi.c.obj
LOAD CMakeFiles/InfantryC.elf.dir/Drivers/STM32F4xx_HAL_Driver/Src/stm32f4xx_hal_tim.c.obj
LOAD CMakeFiles/InfantryC.elf.dir/Drivers/STM32F4xx_HAL_Driver/Src/stm32f4xx_hal_tim_ex.c.obj
LOAD CMakeFiles/InfantryC.elf.dir/Drivers/STM32F4xx_HAL_Driver/Src/stm32f4xx_hal_uart.c.obj
LOAD CMakeFiles/InfantryC.elf.dir/Middlewares/Third_Party/FreeRTOS/Source/CMSIS_RTOS/cmsis_os.c.obj
LOAD CMakeFiles/InfantryC.elf.dir/Middlewares/Third_Party/FreeRTOS/Source/croutine.c.obj
LOAD CMakeFiles/InfantryC.elf.dir/Middlewares/Third_Party/FreeRTOS/Source/event_groups.c.obj
LOAD CMakeFiles/InfantryC.elf.dir/Middlewares/Third_Party/FreeRTOS/Source/list.c.obj
LOAD CMakeFiles/InfantryC.elf.dir/Middlewares/Third_Party/FreeRTOS/Source/portable/GCC/ARM_CM4F/port.c.obj
LOAD CMakeFiles/InfantryC.elf.dir/Middlewares/Third_Party/FreeRTOS/Source/portable/MemMang/heap_4.c.obj
LOAD CMakeFiles/InfantryC.elf.dir/Middlewares/Third_Party/FreeRTOS/Source/queue.c.obj
LOAD CMakeFiles/InfantryC.elf.dir/Middlewares/Third_Party/FreeRTOS/Source/stream_buffer.c.obj
LOAD CMakeFiles/InfantryC.elf.dir/Middlewares/Third_Party/FreeRTOS/Source/tasks.c.obj
LOAD CMakeFiles/InfantryC.elf.dir/Middlewares/Third_Party/FreeRTOS/Source/timers.c.obj
LOAD CMakeFiles/InfantryC.elf.dir/Shark/IMU/AHRS/src/AHRS_middleware.c.obj
LOAD CMakeFiles/InfantryC.elf.dir/Shark/IMU/AHRS/src/user_lib.c.obj
LOAD CMakeFiles/InfantryC.elf.dir/Shark/IMU/bsp/src/bsp_delay.c.obj
LOAD CMakeFiles/InfantryC.elf.dir/Shark/IMU/bsp/src/bsp_flash.c.obj
LOAD CMakeFiles/InfantryC.elf.dir/Shark/IMU/bsp/src/bsp_imu_pwm.c.obj
LOAD CMakeFiles/InfantryC.elf.dir/Shark/IMU/bsp/src/bsp_rc.c.obj
LOAD CMakeFiles/InfantryC.elf.dir/Shark/IMU/bsp/src/bsp_spi.c.obj
LOAD CMakeFiles/InfantryC.elf.dir/Shark/IMU/driver/src/BMI088Middleware.c.obj
LOAD CMakeFiles/InfantryC.elf.dir/Shark/IMU/driver/src/BMI088driver.c.obj
LOAD CMakeFiles/InfantryC.elf.dir/Shark/IMU/driver/src/ist8310driver.c.obj
LOAD CMakeFiles/InfantryC.elf.dir/Shark/IMU/driver/src/ist8310driver_middleware.c.obj
LOAD CMakeFiles/InfantryC.elf.dir/Shark/IMU/driver/src/pid.c.obj
LOAD CMakeFiles/InfantryC.elf.dir/Shark/IMU/task/src/INS_task.c.obj
LOAD CMakeFiles/InfantryC.elf.dir/Shark/IMU/task/src/calibrate_task.c.obj
LOAD CMakeFiles/InfantryC.elf.dir/Shark/IMU/task/src/remote_control.c.obj
LOAD CMakeFiles/InfantryC.elf.dir/config/retarget/retarget.c.obj
LOAD E:/AADataFile/RM/infantry/InfantryC/Middlewares/ST/ARM/DSP/Lib\libarm_cortexM4lf_math.a
LOAD ../Shark/IMU/AHRS/src/AHRS.lib
START GROUP
LOAD e:/clionstm32/gcc-arm-none-eabi-10.3-2021.10/bin/../lib/gcc/arm-none-eabi/10.3.1/thumb/v7e-m+fp/hard\libgcc.a
LOAD e:/clionstm32/gcc-arm-none-eabi-10.3-2021.10/bin/../lib/gcc/arm-none-eabi/10.3.1/../../../../arm-none-eabi/lib/thumb/v7e-m+fp/hard\libg.a
LOAD e:/clionstm32/gcc-arm-none-eabi-10.3-2021.10/bin/../lib/gcc/arm-none-eabi/10.3.1/../../../../arm-none-eabi/lib/thumb/v7e-m+fp/hard\libc.a
END GROUP
LOAD e:/clionstm32/gcc-arm-none-eabi-10.3-2021.10/bin/../lib/gcc/arm-none-eabi/10.3.1/thumb/v7e-m+fp/hard/crtend.o
LOAD e:/clionstm32/gcc-arm-none-eabi-10.3-2021.10/bin/../lib/gcc/arm-none-eabi/10.3.1/thumb/v7e-m+fp/hard/crtn.o
                0x20020000                _estack = (ORIGIN (RAM) + LENGTH (RAM))
                0x00001000                _Min_Heap_Size = 0x1000
                0x00002000                _Min_Stack_Size = 0x2000

.isr_vector     0x08000000      0x188
                0x08000000                . = ALIGN (0x4)
 *(.isr_vector)
 .isr_vector    0x08000000      0x188 CMakeFiles/InfantryC.elf.dir/Core/Startup/startup_stm32f407ighx.s.obj
                0x08000000                g_pfnVectors
                0x08000188                . = ALIGN (0x4)

.text           0x080001c0     0xf784
                0x080001c0                . = ALIGN (0x4)
 *(.text)
 .text          0x080001c0       0x40 e:/clionstm32/gcc-arm-none-eabi-10.3-2021.10/bin/../lib/gcc/arm-none-eabi/10.3.1/thumb/v7e-m+fp/hard/crtbegin.o
 .text          0x08000200      0x378 e:/clionstm32/gcc-arm-none-eabi-10.3-2021.10/bin/../lib/gcc/arm-none-eabi/10.3.1/thumb/v7e-m+fp/hard\libgcc.a(_arm_addsubdf3.o)
                0x08000200                __aeabi_drsub
                0x08000208                __aeabi_dsub
                0x08000208                __subdf3
                0x0800020c                __aeabi_dadd
                0x0800020c                __adddf3
                0x08000484                __floatunsidf
                0x08000484                __aeabi_ui2d
                0x080004a4                __floatsidf
                0x080004a4                __aeabi_i2d
                0x080004c8                __aeabi_f2d
                0x080004c8                __extendsfdf2
                0x0800050c                __floatundidf
                0x0800050c                __aeabi_ul2d
                0x0800051c                __floatdidf
                0x0800051c                __aeabi_l2d
 .text          0x08000578       0xa0 e:/clionstm32/gcc-arm-none-eabi-10.3-2021.10/bin/../lib/gcc/arm-none-eabi/10.3.1/thumb/v7e-m+fp/hard\libgcc.a(_arm_truncdfsf2.o)
                0x08000578                __truncdfsf2
                0x08000578                __aeabi_d2f
 .text          0x08000618       0x30 e:/clionstm32/gcc-arm-none-eabi-10.3-2021.10/bin/../lib/gcc/arm-none-eabi/10.3.1/thumb/v7e-m+fp/hard\libgcc.a(_aeabi_uldivmod.o)
                0x08000618                __aeabi_uldivmod
 .text          0x08000648      0x2d0 e:/clionstm32/gcc-arm-none-eabi-10.3-2021.10/bin/../lib/gcc/arm-none-eabi/10.3.1/thumb/v7e-m+fp/hard\libgcc.a(_udivmoddi4.o)
                0x08000648                __udivmoddi4
 .text          0x08000918        0x4 e:/clionstm32/gcc-arm-none-eabi-10.3-2021.10/bin/../lib/gcc/arm-none-eabi/10.3.1/thumb/v7e-m+fp/hard\libgcc.a(_dvmd_tls.o)
                0x08000918                __aeabi_idiv0
                0x08000918                __aeabi_ldiv0
 .text          0x0800091c       0x9a e:/clionstm32/gcc-arm-none-eabi-10.3-2021.10/bin/../lib/gcc/arm-none-eabi/10.3.1/../../../../arm-none-eabi/lib/thumb/v7e-m+fp/hard\libg.a(lib_a-aeabi_memset-soft.o)
                0x0800091c                __aeabi_memset8
                0x0800091c                __aeabi_memset4
                0x0800091c                __aeabi_memset
 *fill*         0x080009b6        0x2 
 .text          0x080009b8      0x134 e:/clionstm32/gcc-arm-none-eabi-10.3-2021.10/bin/../lib/gcc/arm-none-eabi/10.3.1/../../../../arm-none-eabi/lib/thumb/v7e-m+fp/hard\libg.a(lib_a-memcpy.o)
                0x080009b8                memcpy
 *fill*         0x08000aec       0x14 
 .text          0x08000b00       0xdc e:/clionstm32/gcc-arm-none-eabi-10.3-2021.10/bin/../lib/gcc/arm-none-eabi/10.3.1/../../../../arm-none-eabi/lib/thumb/v7e-m+fp/hard\libg.a(lib_a-strlen.o)
                0x08000b00                strlen
 *fill*         0x08000bdc        0x4 
 .text          0x08000be0       0xa0 e:/clionstm32/gcc-arm-none-eabi-10.3-2021.10/bin/../lib/gcc/arm-none-eabi/10.3.1/../../../../arm-none-eabi/lib/thumb/v7e-m+fp/hard\libg.a(lib_a-memchr.o)
                0x08000be0                memchr
 .text          0x08000c80      0x424 e:/clionstm32/gcc-arm-none-eabi-10.3-2021.10/bin/../lib/gcc/arm-none-eabi/10.3.1/thumb/v7e-m+fp/hard\libgcc.a(_arm_muldivdf3.o)
                0x08000c80                __aeabi_dmul
                0x08000c80                __muldf3
                0x08000ed4                __divdf3
                0x08000ed4                __aeabi_ddiv
 .text          0x080010a4      0x110 e:/clionstm32/gcc-arm-none-eabi-10.3-2021.10/bin/../lib/gcc/arm-none-eabi/10.3.1/thumb/v7e-m+fp/hard\libgcc.a(_arm_cmpdf2.o)
                0x080010a4                __gtdf2
                0x080010a4                __gedf2
                0x080010ac                __ltdf2
                0x080010ac                __ledf2
                0x080010b4                __nedf2
                0x080010b4                __eqdf2
                0x080010b4                __cmpdf2
                0x08001130                __aeabi_cdrcmple
                0x08001140                __aeabi_cdcmpeq
                0x08001140                __aeabi_cdcmple
                0x08001150                __aeabi_dcmpeq
                0x08001164                __aeabi_dcmplt
                0x08001178                __aeabi_dcmple
                0x0800118c                __aeabi_dcmpge
                0x080011a0                __aeabi_dcmpgt
 .text          0x080011b4       0x2c e:/clionstm32/gcc-arm-none-eabi-10.3-2021.10/bin/../lib/gcc/arm-none-eabi/10.3.1/thumb/v7e-m+fp/hard\libgcc.a(_arm_unorddf2.o)
                0x080011b4                __unorddf2
                0x080011b4                __aeabi_dcmpun
 .text          0x080011e0       0x50 e:/clionstm32/gcc-arm-none-eabi-10.3-2021.10/bin/../lib/gcc/arm-none-eabi/10.3.1/thumb/v7e-m+fp/hard\libgcc.a(_arm_fixdfsi.o)
                0x080011e0                __aeabi_d2iz
                0x080011e0                __fixdfsi
 *(.text*)
 .text.MX_DMA_Init
                0x08001230       0x68 CMakeFiles/InfantryC.elf.dir/Core/Src/dma.c.obj
                0x08001230                MX_DMA_Init
 .text.StartDebugTask
                0x08001298       0x5c CMakeFiles/InfantryC.elf.dir/Core/Src/freertos.c.obj
                0x08001298                StartDebugTask
 .text.vApplicationGetIdleTaskMemory
                0x080012f4       0x18 CMakeFiles/InfantryC.elf.dir/Core/Src/freertos.c.obj
                0x080012f4                vApplicationGetIdleTaskMemory
 .text.MX_FREERTOS_Init
                0x0800130c       0x5c CMakeFiles/InfantryC.elf.dir/Core/Src/freertos.c.obj
                0x0800130c                MX_FREERTOS_Init
 .text.MX_GPIO_Init
                0x08001368      0x198 CMakeFiles/InfantryC.elf.dir/Core/Src/gpio.c.obj
                0x08001368                MX_GPIO_Init
 .text.MX_I2C3_Init
                0x08001500       0x3c CMakeFiles/InfantryC.elf.dir/Core/Src/i2c.c.obj
                0x08001500                MX_I2C3_Init
 .text.HAL_I2C_MspInit
                0x0800153c       0xb4 CMakeFiles/InfantryC.elf.dir/Core/Src/i2c.c.obj
                0x0800153c                HAL_I2C_MspInit
 .text.Error_Handler
                0x080015f0        0x4 CMakeFiles/InfantryC.elf.dir/Core/Src/main.c.obj
                0x080015f0                Error_Handler
 .text.SystemClock_Config
                0x080015f4       0xac CMakeFiles/InfantryC.elf.dir/Core/Src/main.c.obj
                0x080015f4                SystemClock_Config
 .text.main     0x080016a0       0x44 CMakeFiles/InfantryC.elf.dir/Core/Src/main.c.obj
                0x080016a0                main
 .text.MX_SPI1_Init
                0x080016e4       0x48 CMakeFiles/InfantryC.elf.dir/Core/Src/spi.c.obj
                0x080016e4                MX_SPI1_Init
 .text.HAL_SPI_MspInit
                0x0800172c      0x130 CMakeFiles/InfantryC.elf.dir/Core/Src/spi.c.obj
                0x0800172c                HAL_SPI_MspInit
 .text.HAL_MspInit
                0x0800185c       0x44 CMakeFiles/InfantryC.elf.dir/Core/Src/stm32f4xx_hal_msp.c.obj
                0x0800185c                HAL_MspInit
 .text.NMI_Handler
                0x080018a0        0x2 CMakeFiles/InfantryC.elf.dir/Core/Src/stm32f4xx_it.c.obj
                0x080018a0                NMI_Handler
 .text.HardFault_Handler
                0x080018a2        0x2 CMakeFiles/InfantryC.elf.dir/Core/Src/stm32f4xx_it.c.obj
                0x080018a2                HardFault_Handler
 .text.MemManage_Handler
                0x080018a4        0x2 CMakeFiles/InfantryC.elf.dir/Core/Src/stm32f4xx_it.c.obj
                0x080018a4                MemManage_Handler
 .text.BusFault_Handler
                0x080018a6        0x2 CMakeFiles/InfantryC.elf.dir/Core/Src/stm32f4xx_it.c.obj
                0x080018a6                BusFault_Handler
 .text.UsageFault_Handler
                0x080018a8        0x2 CMakeFiles/InfantryC.elf.dir/Core/Src/stm32f4xx_it.c.obj
                0x080018a8                UsageFault_Handler
 .text.DebugMon_Handler
                0x080018aa        0x2 CMakeFiles/InfantryC.elf.dir/Core/Src/stm32f4xx_it.c.obj
                0x080018aa                DebugMon_Handler
 .text.SysTick_Handler
                0x080018ac       0x16 CMakeFiles/InfantryC.elf.dir/Core/Src/stm32f4xx_it.c.obj
                0x080018ac                SysTick_Handler
 .text.EXTI0_IRQHandler
                0x080018c2        0xa CMakeFiles/InfantryC.elf.dir/Core/Src/stm32f4xx_it.c.obj
                0x080018c2                EXTI0_IRQHandler
 .text.EXTI3_IRQHandler
                0x080018cc        0xa CMakeFiles/InfantryC.elf.dir/Core/Src/stm32f4xx_it.c.obj
                0x080018cc                EXTI3_IRQHandler
 .text.EXTI4_IRQHandler
                0x080018d6        0xa CMakeFiles/InfantryC.elf.dir/Core/Src/stm32f4xx_it.c.obj
                0x080018d6                EXTI4_IRQHandler
 .text.DMA1_Stream1_IRQHandler
                0x080018e0       0x10 CMakeFiles/InfantryC.elf.dir/Core/Src/stm32f4xx_it.c.obj
                0x080018e0                DMA1_Stream1_IRQHandler
 .text.EXTI9_5_IRQHandler
                0x080018f0        0xa CMakeFiles/InfantryC.elf.dir/Core/Src/stm32f4xx_it.c.obj
                0x080018f0                EXTI9_5_IRQHandler
 *fill*         0x080018fa        0x2 
 .text.DMA2_Stream2_IRQHandler
                0x080018fc       0x14 CMakeFiles/InfantryC.elf.dir/Core/Src/stm32f4xx_it.c.obj
                0x080018fc                DMA2_Stream2_IRQHandler
 .text.DMA2_Stream3_IRQHandler
                0x08001910       0x10 CMakeFiles/InfantryC.elf.dir/Core/Src/stm32f4xx_it.c.obj
                0x08001910                DMA2_Stream3_IRQHandler
 .text._getpid  0x08001920        0x4 CMakeFiles/InfantryC.elf.dir/Core/Src/syscalls.c.obj
                0x08001920                _getpid
 .text._kill    0x08001924       0x10 CMakeFiles/InfantryC.elf.dir/Core/Src/syscalls.c.obj
                0x08001924                _kill
 .text._exit    0x08001934        0xc CMakeFiles/InfantryC.elf.dir/Core/Src/syscalls.c.obj
                0x08001934                _exit
 .text._sbrk    0x08001940       0x48 CMakeFiles/InfantryC.elf.dir/Core/Src/sysmem.c.obj
                0x08001940                _sbrk
 .text.SystemInit
                0x08001988       0x14 CMakeFiles/InfantryC.elf.dir/Core/Src/system_stm32f4xx.c.obj
                0x08001988                SystemInit
 .text.HAL_TIM_Base_MspInit
                0x0800199c       0x30 CMakeFiles/InfantryC.elf.dir/Core/Src/tim.c.obj
                0x0800199c                HAL_TIM_Base_MspInit
 .text.HAL_TIM_MspPostInit
                0x080019cc       0x60 CMakeFiles/InfantryC.elf.dir/Core/Src/tim.c.obj
                0x080019cc                HAL_TIM_MspPostInit
 .text.MX_TIM10_Init
                0x08001a2c       0x74 CMakeFiles/InfantryC.elf.dir/Core/Src/tim.c.obj
                0x08001a2c                MX_TIM10_Init
 .text.MX_USART3_UART_Init
                0x08001aa0       0x3c CMakeFiles/InfantryC.elf.dir/Core/Src/usart.c.obj
                0x08001aa0                MX_USART3_UART_Init
 .text.MX_USART6_UART_Init
                0x08001adc       0x34 CMakeFiles/InfantryC.elf.dir/Core/Src/usart.c.obj
                0x08001adc                MX_USART6_UART_Init
 .text.HAL_UART_MspInit
                0x08001b10      0x108 CMakeFiles/InfantryC.elf.dir/Core/Src/usart.c.obj
                0x08001b10                HAL_UART_MspInit
 .text.Reset_Handler
                0x08001c18       0x50 CMakeFiles/InfantryC.elf.dir/Core/Startup/startup_stm32f407ighx.s.obj
                0x08001c18                Reset_Handler
 .text.Default_Handler
                0x08001c68        0x2 CMakeFiles/InfantryC.elf.dir/Core/Startup/startup_stm32f407ighx.s.obj
                0x08001c68                RTC_Alarm_IRQHandler
                0x08001c68                HASH_RNG_IRQHandler
                0x08001c68                EXTI2_IRQHandler
                0x08001c68                TIM8_CC_IRQHandler
                0x08001c68                TIM1_CC_IRQHandler
                0x08001c68                DMA2_Stream5_IRQHandler
                0x08001c68                DMA1_Stream5_IRQHandler
                0x08001c68                PVD_IRQHandler
                0x08001c68                SDIO_IRQHandler
                0x08001c68                TAMP_STAMP_IRQHandler
                0x08001c68                CAN2_RX1_IRQHandler
                0x08001c68                TIM8_TRG_COM_TIM14_IRQHandler
                0x08001c68                TIM1_UP_TIM10_IRQHandler
                0x08001c68                TIM8_UP_TIM13_IRQHandler
                0x08001c68                I2C3_ER_IRQHandler
                0x08001c68                I2C2_EV_IRQHandler
                0x08001c68                DMA1_Stream2_IRQHandler
                0x08001c68                CAN1_RX0_IRQHandler
                0x08001c68                FPU_IRQHandler
                0x08001c68                OTG_HS_WKUP_IRQHandler
                0x08001c68                CAN2_SCE_IRQHandler
                0x08001c68                SPI1_IRQHandler
                0x08001c68                TIM6_DAC_IRQHandler
                0x08001c68                TIM1_BRK_TIM9_IRQHandler
                0x08001c68                DCMI_IRQHandler
                0x08001c68                CAN2_RX0_IRQHandler
                0x08001c68                USART6_IRQHandler
                0x08001c68                CAN1_RX1_IRQHandler
                0x08001c68                UART5_IRQHandler
                0x08001c68                DMA2_Stream0_IRQHandler
                0x08001c68                TIM4_IRQHandler
                0x08001c68                I2C1_EV_IRQHandler
                0x08001c68                DMA1_Stream6_IRQHandler
                0x08001c68                UART4_IRQHandler
                0x08001c68                TIM3_IRQHandler
                0x08001c68                RCC_IRQHandler
                0x08001c68                TIM8_BRK_TIM12_IRQHandler
                0x08001c68                Default_Handler
                0x08001c68                EXTI15_10_IRQHandler
                0x08001c68                ADC_IRQHandler
                0x08001c68                DMA1_Stream7_IRQHandler
                0x08001c68                TIM7_IRQHandler
                0x08001c68                CAN2_TX_IRQHandler
                0x08001c68                TIM5_IRQHandler
                0x08001c68                DMA2_Stream7_IRQHandler
                0x08001c68                I2C3_EV_IRQHandler
                0x08001c68                RTC_WKUP_IRQHandler
                0x08001c68                ETH_WKUP_IRQHandler
                0x08001c68                SPI2_IRQHandler
                0x08001c68                OTG_HS_EP1_IN_IRQHandler
                0x08001c68                DMA1_Stream0_IRQHandler
                0x08001c68                CAN1_TX_IRQHandler
                0x08001c68                FSMC_IRQHandler
                0x08001c68                ETH_IRQHandler
                0x08001c68                OTG_HS_EP1_OUT_IRQHandler
                0x08001c68                WWDG_IRQHandler
                0x08001c68                TIM2_IRQHandler
                0x08001c68                OTG_FS_WKUP_IRQHandler
                0x08001c68                TIM1_TRG_COM_TIM11_IRQHandler
                0x08001c68                OTG_HS_IRQHandler
                0x08001c68                EXTI1_IRQHandler
                0x08001c68                USART2_IRQHandler
                0x08001c68                I2C2_ER_IRQHandler
                0x08001c68                DMA2_Stream1_IRQHandler
                0x08001c68                CAN1_SCE_IRQHandler
                0x08001c68                FLASH_IRQHandler
                0x08001c68                DMA2_Stream4_IRQHandler
                0x08001c68                USART1_IRQHandler
                0x08001c68                OTG_FS_IRQHandler
                0x08001c68                SPI3_IRQHandler
                0x08001c68                DMA1_Stream4_IRQHandler
                0x08001c68                I2C1_ER_IRQHandler
                0x08001c68                DMA2_Stream6_IRQHandler
                0x08001c68                DMA1_Stream3_IRQHandler
 *fill*         0x08001c6a        0x2 
 .text.HAL_InitTick
                0x08001c6c       0x4c CMakeFiles/InfantryC.elf.dir/Drivers/STM32F4xx_HAL_Driver/Src/stm32f4xx_hal.c.obj
                0x08001c6c                HAL_InitTick
 .text.HAL_Init
                0x08001cb8       0x34 CMakeFiles/InfantryC.elf.dir/Drivers/STM32F4xx_HAL_Driver/Src/stm32f4xx_hal.c.obj
                0x08001cb8                HAL_Init
 .text.HAL_IncTick
                0x08001cec       0x18 CMakeFiles/InfantryC.elf.dir/Drivers/STM32F4xx_HAL_Driver/Src/stm32f4xx_hal.c.obj
                0x08001cec                HAL_IncTick
 .text.HAL_GetTick
                0x08001d04        0xc CMakeFiles/InfantryC.elf.dir/Drivers/STM32F4xx_HAL_Driver/Src/stm32f4xx_hal.c.obj
                0x08001d04                HAL_GetTick
 .text.HAL_NVIC_SetPriorityGrouping
                0x08001d10       0x24 CMakeFiles/InfantryC.elf.dir/Drivers/STM32F4xx_HAL_Driver/Src/stm32f4xx_hal_cortex.c.obj
                0x08001d10                HAL_NVIC_SetPriorityGrouping
 .text.HAL_NVIC_SetPriority
                0x08001d34       0x70 CMakeFiles/InfantryC.elf.dir/Drivers/STM32F4xx_HAL_Driver/Src/stm32f4xx_hal_cortex.c.obj
                0x08001d34                HAL_NVIC_SetPriority
 .text.HAL_NVIC_EnableIRQ
                0x08001da4       0x1c CMakeFiles/InfantryC.elf.dir/Drivers/STM32F4xx_HAL_Driver/Src/stm32f4xx_hal_cortex.c.obj
                0x08001da4                HAL_NVIC_EnableIRQ
 .text.HAL_SYSTICK_Config
                0x08001dc0       0x28 CMakeFiles/InfantryC.elf.dir/Drivers/STM32F4xx_HAL_Driver/Src/stm32f4xx_hal_cortex.c.obj
                0x08001dc0                HAL_SYSTICK_Config
 .text.DMA_CalcBaseAndBitshift
                0x08001de8       0x44 CMakeFiles/InfantryC.elf.dir/Drivers/STM32F4xx_HAL_Driver/Src/stm32f4xx_hal_dma.c.obj
 .text.DMA_CheckFifoParam
                0x08001e2c       0x8e CMakeFiles/InfantryC.elf.dir/Drivers/STM32F4xx_HAL_Driver/Src/stm32f4xx_hal_dma.c.obj
 *fill*         0x08001eba        0x2 
 .text.HAL_DMA_Init
                0x08001ebc       0xcc CMakeFiles/InfantryC.elf.dir/Drivers/STM32F4xx_HAL_Driver/Src/stm32f4xx_hal_dma.c.obj
                0x08001ebc                HAL_DMA_Init
 .text.HAL_DMA_IRQHandler
                0x08001f88      0x1dc CMakeFiles/InfantryC.elf.dir/Drivers/STM32F4xx_HAL_Driver/Src/stm32f4xx_hal_dma.c.obj
                0x08001f88                HAL_DMA_IRQHandler
 .text.HAL_GPIO_Init
                0x08002164      0x1e4 CMakeFiles/InfantryC.elf.dir/Drivers/STM32F4xx_HAL_Driver/Src/stm32f4xx_hal_gpio.c.obj
                0x08002164                HAL_GPIO_Init
 .text.HAL_GPIO_WritePin
                0x08002348        0xc CMakeFiles/InfantryC.elf.dir/Drivers/STM32F4xx_HAL_Driver/Src/stm32f4xx_hal_gpio.c.obj
                0x08002348                HAL_GPIO_WritePin
 .text.HAL_GPIO_EXTI_IRQHandler
                0x08002354       0x1c CMakeFiles/InfantryC.elf.dir/Drivers/STM32F4xx_HAL_Driver/Src/stm32f4xx_hal_gpio.c.obj
                0x08002354                HAL_GPIO_EXTI_IRQHandler
 .text.I2C_IsAcknowledgeFailed
                0x08002370       0x32 CMakeFiles/InfantryC.elf.dir/Drivers/STM32F4xx_HAL_Driver/Src/stm32f4xx_hal_i2c.c.obj
 .text.I2C_WaitOnFlagUntilTimeout
                0x080023a2       0x7c CMakeFiles/InfantryC.elf.dir/Drivers/STM32F4xx_HAL_Driver/Src/stm32f4xx_hal_i2c.c.obj
 .text.I2C_WaitOnMasterAddressFlagUntilTimeout
                0x0800241e       0xaa CMakeFiles/InfantryC.elf.dir/Drivers/STM32F4xx_HAL_Driver/Src/stm32f4xx_hal_i2c.c.obj
 .text.I2C_WaitOnTXEFlagUntilTimeout
                0x080024c8       0x54 CMakeFiles/InfantryC.elf.dir/Drivers/STM32F4xx_HAL_Driver/Src/stm32f4xx_hal_i2c.c.obj
 .text.I2C_RequestMemoryWrite
                0x0800251c       0xd8 CMakeFiles/InfantryC.elf.dir/Drivers/STM32F4xx_HAL_Driver/Src/stm32f4xx_hal_i2c.c.obj
 .text.I2C_RequestMemoryRead
                0x080025f4      0x154 CMakeFiles/InfantryC.elf.dir/Drivers/STM32F4xx_HAL_Driver/Src/stm32f4xx_hal_i2c.c.obj
 .text.I2C_WaitOnBTFFlagUntilTimeout
                0x08002748       0x54 CMakeFiles/InfantryC.elf.dir/Drivers/STM32F4xx_HAL_Driver/Src/stm32f4xx_hal_i2c.c.obj
 .text.I2C_WaitOnRXNEFlagUntilTimeout
                0x0800279c       0x6a CMakeFiles/InfantryC.elf.dir/Drivers/STM32F4xx_HAL_Driver/Src/stm32f4xx_hal_i2c.c.obj
 *fill*         0x08002806        0x2 
 .text.HAL_I2C_Init
                0x08002808      0x1bc CMakeFiles/InfantryC.elf.dir/Drivers/STM32F4xx_HAL_Driver/Src/stm32f4xx_hal_i2c.c.obj
                0x08002808                HAL_I2C_Init
 .text.HAL_I2C_Mem_Write
                0x080029c4      0x164 CMakeFiles/InfantryC.elf.dir/Drivers/STM32F4xx_HAL_Driver/Src/stm32f4xx_hal_i2c.c.obj
                0x080029c4                HAL_I2C_Mem_Write
 .text.HAL_I2C_Mem_Read
                0x08002b28      0x2e4 CMakeFiles/InfantryC.elf.dir/Drivers/STM32F4xx_HAL_Driver/Src/stm32f4xx_hal_i2c.c.obj
                0x08002b28                HAL_I2C_Mem_Read
 .text.HAL_RCC_OscConfig
                0x08002e0c      0x3f8 CMakeFiles/InfantryC.elf.dir/Drivers/STM32F4xx_HAL_Driver/Src/stm32f4xx_hal_rcc.c.obj
                0x08002e0c                HAL_RCC_OscConfig
 .text.HAL_RCC_GetSysClockFreq
                0x08003204       0xa4 CMakeFiles/InfantryC.elf.dir/Drivers/STM32F4xx_HAL_Driver/Src/stm32f4xx_hal_rcc.c.obj
                0x08003204                HAL_RCC_GetSysClockFreq
 .text.HAL_RCC_ClockConfig
                0x080032a8      0x160 CMakeFiles/InfantryC.elf.dir/Drivers/STM32F4xx_HAL_Driver/Src/stm32f4xx_hal_rcc.c.obj
                0x080032a8                HAL_RCC_ClockConfig
 .text.HAL_RCC_GetHCLKFreq
                0x08003408        0xc CMakeFiles/InfantryC.elf.dir/Drivers/STM32F4xx_HAL_Driver/Src/stm32f4xx_hal_rcc.c.obj
                0x08003408                HAL_RCC_GetHCLKFreq
 .text.HAL_RCC_GetPCLK1Freq
                0x08003414       0x20 CMakeFiles/InfantryC.elf.dir/Drivers/STM32F4xx_HAL_Driver/Src/stm32f4xx_hal_rcc.c.obj
                0x08003414                HAL_RCC_GetPCLK1Freq
 .text.HAL_RCC_GetPCLK2Freq
                0x08003434       0x20 CMakeFiles/InfantryC.elf.dir/Drivers/STM32F4xx_HAL_Driver/Src/stm32f4xx_hal_rcc.c.obj
                0x08003434                HAL_RCC_GetPCLK2Freq
 .text.SPI_WaitFlagStateUntilTimeout
                0x08003454       0xd4 CMakeFiles/InfantryC.elf.dir/Drivers/STM32F4xx_HAL_Driver/Src/stm32f4xx_hal_spi.c.obj
 .text.SPI_EndRxTxTransaction
                0x08003528       0x68 CMakeFiles/InfantryC.elf.dir/Drivers/STM32F4xx_HAL_Driver/Src/stm32f4xx_hal_spi.c.obj
 .text.HAL_SPI_Init
                0x08003590       0xbe CMakeFiles/InfantryC.elf.dir/Drivers/STM32F4xx_HAL_Driver/Src/stm32f4xx_hal_spi.c.obj
                0x08003590                HAL_SPI_Init
 .text.HAL_SPI_TransmitReceive
                0x0800364e      0x238 CMakeFiles/InfantryC.elf.dir/Drivers/STM32F4xx_HAL_Driver/Src/stm32f4xx_hal_spi.c.obj
                0x0800364e                HAL_SPI_TransmitReceive
 *fill*         0x08003886        0x2 
 .text.TIM_OC1_SetConfig
                0x08003888       0x68 CMakeFiles/InfantryC.elf.dir/Drivers/STM32F4xx_HAL_Driver/Src/stm32f4xx_hal_tim.c.obj
 .text.TIM_OC3_SetConfig
                0x080038f0       0x70 CMakeFiles/InfantryC.elf.dir/Drivers/STM32F4xx_HAL_Driver/Src/stm32f4xx_hal_tim.c.obj
 .text.TIM_OC4_SetConfig
                0x08003960       0x50 CMakeFiles/InfantryC.elf.dir/Drivers/STM32F4xx_HAL_Driver/Src/stm32f4xx_hal_tim.c.obj
 .text.HAL_TIM_PWM_MspInit
                0x080039b0        0x2 CMakeFiles/InfantryC.elf.dir/Drivers/STM32F4xx_HAL_Driver/Src/stm32f4xx_hal_tim.c.obj
                0x080039b0                HAL_TIM_PWM_MspInit
 *fill*         0x080039b2        0x2 
 .text.TIM_Base_SetConfig
                0x080039b4       0xc8 CMakeFiles/InfantryC.elf.dir/Drivers/STM32F4xx_HAL_Driver/Src/stm32f4xx_hal_tim.c.obj
                0x080039b4                TIM_Base_SetConfig
 .text.HAL_TIM_Base_Init
                0x08003a7c       0x58 CMakeFiles/InfantryC.elf.dir/Drivers/STM32F4xx_HAL_Driver/Src/stm32f4xx_hal_tim.c.obj
                0x08003a7c                HAL_TIM_Base_Init
 .text.HAL_TIM_PWM_Init
                0x08003ad4       0x58 CMakeFiles/InfantryC.elf.dir/Drivers/STM32F4xx_HAL_Driver/Src/stm32f4xx_hal_tim.c.obj
                0x08003ad4                HAL_TIM_PWM_Init
 .text.TIM_OC2_SetConfig
                0x08003b2c       0x70 CMakeFiles/InfantryC.elf.dir/Drivers/STM32F4xx_HAL_Driver/Src/stm32f4xx_hal_tim.c.obj
                0x08003b2c                TIM_OC2_SetConfig
 .text.HAL_TIM_PWM_ConfigChannel
                0x08003b9c       0xdc CMakeFiles/InfantryC.elf.dir/Drivers/STM32F4xx_HAL_Driver/Src/stm32f4xx_hal_tim.c.obj
                0x08003b9c                HAL_TIM_PWM_ConfigChannel
 .text.UART_SetConfig
                0x08003c78      0x110 CMakeFiles/InfantryC.elf.dir/Drivers/STM32F4xx_HAL_Driver/Src/stm32f4xx_hal_uart.c.obj
 .text.UART_WaitOnFlagUntilTimeout
                0x08003d88       0x88 CMakeFiles/InfantryC.elf.dir/Drivers/STM32F4xx_HAL_Driver/Src/stm32f4xx_hal_uart.c.obj
 .text.HAL_UART_Init
                0x08003e10       0x5e CMakeFiles/InfantryC.elf.dir/Drivers/STM32F4xx_HAL_Driver/Src/stm32f4xx_hal_uart.c.obj
                0x08003e10                HAL_UART_Init
 .text.HAL_UART_Transmit
                0x08003e6e       0xd8 CMakeFiles/InfantryC.elf.dir/Drivers/STM32F4xx_HAL_Driver/Src/stm32f4xx_hal_uart.c.obj
                0x08003e6e                HAL_UART_Transmit
 .text.HAL_UART_Receive
                0x08003f46       0xe4 CMakeFiles/InfantryC.elf.dir/Drivers/STM32F4xx_HAL_Driver/Src/stm32f4xx_hal_uart.c.obj
                0x08003f46                HAL_UART_Receive
 .text.makeFreeRtosPriority
                0x0800402a        0xc CMakeFiles/InfantryC.elf.dir/Middlewares/Third_Party/FreeRTOS/Source/CMSIS_RTOS/cmsis_os.c.obj
 .text.osKernelStart
                0x08004036        0xa CMakeFiles/InfantryC.elf.dir/Middlewares/Third_Party/FreeRTOS/Source/CMSIS_RTOS/cmsis_os.c.obj
                0x08004036                osKernelStart
 .text.osThreadCreate
                0x08004040       0x6a CMakeFiles/InfantryC.elf.dir/Middlewares/Third_Party/FreeRTOS/Source/CMSIS_RTOS/cmsis_os.c.obj
                0x08004040                osThreadCreate
 .text.osDelay  0x080040aa        0xe CMakeFiles/InfantryC.elf.dir/Middlewares/Third_Party/FreeRTOS/Source/CMSIS_RTOS/cmsis_os.c.obj
                0x080040aa                osDelay
 .text.vListInitialise
                0x080040b8       0x16 CMakeFiles/InfantryC.elf.dir/Middlewares/Third_Party/FreeRTOS/Source/list.c.obj
                0x080040b8                vListInitialise
 .text.vListInitialiseItem
                0x080040ce        0x6 CMakeFiles/InfantryC.elf.dir/Middlewares/Third_Party/FreeRTOS/Source/list.c.obj
                0x080040ce                vListInitialiseItem
 .text.vListInsertEnd
                0x080040d4       0x16 CMakeFiles/InfantryC.elf.dir/Middlewares/Third_Party/FreeRTOS/Source/list.c.obj
                0x080040d4                vListInsertEnd
 .text.vListInsert
                0x080040ea       0x32 CMakeFiles/InfantryC.elf.dir/Middlewares/Third_Party/FreeRTOS/Source/list.c.obj
                0x080040ea                vListInsert
 .text.uxListRemove
                0x0800411c       0x26 CMakeFiles/InfantryC.elf.dir/Middlewares/Third_Party/FreeRTOS/Source/list.c.obj
                0x0800411c                uxListRemove
 *fill*         0x08004142        0x2 
 .text.prvTaskExitError
                0x08004144       0x40 CMakeFiles/InfantryC.elf.dir/Middlewares/Third_Party/FreeRTOS/Source/portable/GCC/ARM_CM4F/port.c.obj
 .text.prvPortStartFirstTask
                0x08004184       0x28 CMakeFiles/InfantryC.elf.dir/Middlewares/Third_Party/FreeRTOS/Source/portable/GCC/ARM_CM4F/port.c.obj
 .text.vPortEnableVFP
                0x080041ac       0x14 CMakeFiles/InfantryC.elf.dir/Middlewares/Third_Party/FreeRTOS/Source/portable/GCC/ARM_CM4F/port.c.obj
 .text.pxPortInitialiseStack
                0x080041c0       0x2c CMakeFiles/InfantryC.elf.dir/Middlewares/Third_Party/FreeRTOS/Source/portable/GCC/ARM_CM4F/port.c.obj
                0x080041c0                pxPortInitialiseStack
 *fill*         0x080041ec        0x4 
 .text.SVC_Handler
                0x080041f0       0x24 CMakeFiles/InfantryC.elf.dir/Middlewares/Third_Party/FreeRTOS/Source/portable/GCC/ARM_CM4F/port.c.obj
                0x080041f0                SVC_Handler
 .text.vPortEnterCritical
                0x08004214       0x44 CMakeFiles/InfantryC.elf.dir/Middlewares/Third_Party/FreeRTOS/Source/portable/GCC/ARM_CM4F/port.c.obj
                0x08004214                vPortEnterCritical
 .text.vPortExitCritical
                0x08004258       0x2c CMakeFiles/InfantryC.elf.dir/Middlewares/Third_Party/FreeRTOS/Source/portable/GCC/ARM_CM4F/port.c.obj
                0x08004258                vPortExitCritical
 *fill*         0x08004284        0xc 
 .text.PendSV_Handler
                0x08004290       0x64 CMakeFiles/InfantryC.elf.dir/Middlewares/Third_Party/FreeRTOS/Source/portable/GCC/ARM_CM4F/port.c.obj
                0x08004290                PendSV_Handler
 .text.xPortSysTickHandler
                0x080042f4       0x2c CMakeFiles/InfantryC.elf.dir/Middlewares/Third_Party/FreeRTOS/Source/portable/GCC/ARM_CM4F/port.c.obj
                0x080042f4                xPortSysTickHandler
 .text.vPortSetupTimerInterrupt
                0x08004320       0x28 CMakeFiles/InfantryC.elf.dir/Middlewares/Third_Party/FreeRTOS/Source/portable/GCC/ARM_CM4F/port.c.obj
                0x08004320                vPortSetupTimerInterrupt
 .text.xPortStartScheduler
                0x08004348      0x118 CMakeFiles/InfantryC.elf.dir/Middlewares/Third_Party/FreeRTOS/Source/portable/GCC/ARM_CM4F/port.c.obj
                0x08004348                xPortStartScheduler
 .text.vPortValidateInterruptPriority
                0x08004460       0x5c CMakeFiles/InfantryC.elf.dir/Middlewares/Third_Party/FreeRTOS/Source/portable/GCC/ARM_CM4F/port.c.obj
                0x08004460                vPortValidateInterruptPriority
 .text.prvHeapInit
                0x080044bc       0x64 CMakeFiles/InfantryC.elf.dir/Middlewares/Third_Party/FreeRTOS/Source/portable/MemMang/heap_4.c.obj
 .text.prvInsertBlockIntoFreeList
                0x08004520       0x64 CMakeFiles/InfantryC.elf.dir/Middlewares/Third_Party/FreeRTOS/Source/portable/MemMang/heap_4.c.obj
 .text.pvPortMalloc
                0x08004584       0xfc CMakeFiles/InfantryC.elf.dir/Middlewares/Third_Party/FreeRTOS/Source/portable/MemMang/heap_4.c.obj
                0x08004584                pvPortMalloc
 .text.vPortFree
                0x08004680       0x7c CMakeFiles/InfantryC.elf.dir/Middlewares/Third_Party/FreeRTOS/Source/portable/MemMang/heap_4.c.obj
                0x08004680                vPortFree
 .text.prvSearchForNameWithinSingleList
                0x080046fc       0x64 CMakeFiles/InfantryC.elf.dir/Middlewares/Third_Party/FreeRTOS/Source/tasks.c.obj
 .text.prvResetNextTaskUnblockTime
                0x08004760       0x2c CMakeFiles/InfantryC.elf.dir/Middlewares/Third_Party/FreeRTOS/Source/tasks.c.obj
 .text.prvInitialiseNewTask
                0x0800478c       0xa2 CMakeFiles/InfantryC.elf.dir/Middlewares/Third_Party/FreeRTOS/Source/tasks.c.obj
 *fill*         0x0800482e        0x2 
 .text.prvInitialiseTaskLists
                0x08004830       0x68 CMakeFiles/InfantryC.elf.dir/Middlewares/Third_Party/FreeRTOS/Source/tasks.c.obj
 .text.prvAddNewTaskToReadyList
                0x08004898       0xa8 CMakeFiles/InfantryC.elf.dir/Middlewares/Third_Party/FreeRTOS/Source/tasks.c.obj
 .text.prvDeleteTCB
                0x08004940       0x38 CMakeFiles/InfantryC.elf.dir/Middlewares/Third_Party/FreeRTOS/Source/tasks.c.obj
 .text.prvCheckTasksWaitingTermination
                0x08004978       0x4c CMakeFiles/InfantryC.elf.dir/Middlewares/Third_Party/FreeRTOS/Source/tasks.c.obj
 .text.prvIdleTask
                0x080049c4       0x28 CMakeFiles/InfantryC.elf.dir/Middlewares/Third_Party/FreeRTOS/Source/tasks.c.obj
 .text.prvAddCurrentTaskToDelayedList
                0x080049ec       0x98 CMakeFiles/InfantryC.elf.dir/Middlewares/Third_Party/FreeRTOS/Source/tasks.c.obj
 .text.xTaskCreateStatic
                0x08004a84       0x76 CMakeFiles/InfantryC.elf.dir/Middlewares/Third_Party/FreeRTOS/Source/tasks.c.obj
                0x08004a84                xTaskCreateStatic
 .text.xTaskCreate
                0x08004afa       0x68 CMakeFiles/InfantryC.elf.dir/Middlewares/Third_Party/FreeRTOS/Source/tasks.c.obj
                0x08004afa                xTaskCreate
 *fill*         0x08004b62        0x2 
 .text.vTaskStartScheduler
                0x08004b64       0x74 CMakeFiles/InfantryC.elf.dir/Middlewares/Third_Party/FreeRTOS/Source/tasks.c.obj
                0x08004b64                vTaskStartScheduler
 .text.vTaskSuspendAll
                0x08004bd8       0x10 CMakeFiles/InfantryC.elf.dir/Middlewares/Third_Party/FreeRTOS/Source/tasks.c.obj
                0x08004bd8                vTaskSuspendAll
 .text.pcTaskGetName
                0x08004be8       0x28 CMakeFiles/InfantryC.elf.dir/Middlewares/Third_Party/FreeRTOS/Source/tasks.c.obj
                0x08004be8                pcTaskGetName
 .text.xTaskIncrementTick
                0x08004c10      0x118 CMakeFiles/InfantryC.elf.dir/Middlewares/Third_Party/FreeRTOS/Source/tasks.c.obj
                0x08004c10                xTaskIncrementTick
 .text.xTaskResumeAll
                0x08004d28       0xf8 CMakeFiles/InfantryC.elf.dir/Middlewares/Third_Party/FreeRTOS/Source/tasks.c.obj
                0x08004d28                xTaskResumeAll
 .text.vTaskDelay
                0x08004e20       0x4c CMakeFiles/InfantryC.elf.dir/Middlewares/Third_Party/FreeRTOS/Source/tasks.c.obj
                0x08004e20                vTaskDelay
 .text.xTaskGetHandle
                0x08004e6c       0x98 CMakeFiles/InfantryC.elf.dir/Middlewares/Third_Party/FreeRTOS/Source/tasks.c.obj
                0x08004e6c                xTaskGetHandle
 .text.vTaskSwitchContext
                0x08004f04       0x98 CMakeFiles/InfantryC.elf.dir/Middlewares/Third_Party/FreeRTOS/Source/tasks.c.obj
                0x08004f04                vTaskSwitchContext
 .text.xTaskGetSchedulerState
                0x08004f9c       0x20 CMakeFiles/InfantryC.elf.dir/Middlewares/Third_Party/FreeRTOS/Source/tasks.c.obj
                0x08004f9c                xTaskGetSchedulerState
 .text.ulTaskNotifyTake
                0x08004fbc       0x78 CMakeFiles/InfantryC.elf.dir/Middlewares/Third_Party/FreeRTOS/Source/tasks.c.obj
                0x08004fbc                ulTaskNotifyTake
 .text.vTaskNotifyGiveFromISR
                0x08005034       0xd0 CMakeFiles/InfantryC.elf.dir/Middlewares/Third_Party/FreeRTOS/Source/tasks.c.obj
                0x08005034                vTaskNotifyGiveFromISR
 .text.AHRS_get_height
                0x08005104        0x8 CMakeFiles/InfantryC.elf.dir/Shark/IMU/AHRS/src/AHRS_middleware.c.obj
                0x08005104                AHRS_get_height
 .text.AHRS_get_latitude
                0x0800510c        0xc CMakeFiles/InfantryC.elf.dir/Shark/IMU/AHRS/src/AHRS_middleware.c.obj
                0x0800510c                AHRS_get_latitude
 .text.AHRS_invSqrt
                0x08005118       0x10 CMakeFiles/InfantryC.elf.dir/Shark/IMU/AHRS/src/AHRS_middleware.c.obj
                0x08005118                AHRS_invSqrt
 .text.AHRS_sinf
                0x08005128        0x8 CMakeFiles/InfantryC.elf.dir/Shark/IMU/AHRS/src/AHRS_middleware.c.obj
                0x08005128                AHRS_sinf
 .text.AHRS_cosf
                0x08005130        0x8 CMakeFiles/InfantryC.elf.dir/Shark/IMU/AHRS/src/AHRS_middleware.c.obj
                0x08005130                AHRS_cosf
 .text.AHRS_asinf
                0x08005138        0x8 CMakeFiles/InfantryC.elf.dir/Shark/IMU/AHRS/src/AHRS_middleware.c.obj
                0x08005138                AHRS_asinf
 .text.AHRS_atan2f
                0x08005140        0x8 CMakeFiles/InfantryC.elf.dir/Shark/IMU/AHRS/src/AHRS_middleware.c.obj
                0x08005140                AHRS_atan2f
 .text.delay_init
                0x08005148       0x34 CMakeFiles/InfantryC.elf.dir/Shark/IMU/bsp/src/bsp_delay.c.obj
                0x08005148                delay_init
 .text.delay_us
                0x0800517c       0x40 CMakeFiles/InfantryC.elf.dir/Shark/IMU/bsp/src/bsp_delay.c.obj
                0x0800517c                delay_us
 .text.flash_read
                0x080051bc       0x10 CMakeFiles/InfantryC.elf.dir/Shark/IMU/bsp/src/bsp_flash.c.obj
                0x080051bc                flash_read
 .text.imu_pwm_set
                0x080051cc        0xc CMakeFiles/InfantryC.elf.dir/Shark/IMU/bsp/src/bsp_imu_pwm.c.obj
                0x080051cc                imu_pwm_set
 .text.RC_unable
                0x080051d8       0x14 CMakeFiles/InfantryC.elf.dir/Shark/IMU/bsp/src/bsp_rc.c.obj
                0x080051d8                RC_unable
 .text.RC_restart
                0x080051ec       0x40 CMakeFiles/InfantryC.elf.dir/Shark/IMU/bsp/src/bsp_rc.c.obj
                0x080051ec                RC_restart
 .text.SPI1_DMA_init
                0x0800522c      0x114 CMakeFiles/InfantryC.elf.dir/Shark/IMU/bsp/src/bsp_spi.c.obj
                0x0800522c                SPI1_DMA_init
 .text.SPI1_DMA_enable
                0x08005340     0x1d78 CMakeFiles/InfantryC.elf.dir/Shark/IMU/bsp/src/bsp_spi.c.obj
                0x08005340                SPI1_DMA_enable
 .text.BMI088_GPIO_init
                0x080070b8        0x2 CMakeFiles/InfantryC.elf.dir/Shark/IMU/driver/src/BMI088Middleware.c.obj
                0x080070b8                BMI088_GPIO_init
 .text.BMI088_com_init
                0x080070ba        0x2 CMakeFiles/InfantryC.elf.dir/Shark/IMU/driver/src/BMI088Middleware.c.obj
                0x080070ba                BMI088_com_init
 .text.BMI088_delay_ms
                0x080070bc        0x8 CMakeFiles/InfantryC.elf.dir/Shark/IMU/driver/src/BMI088Middleware.c.obj
                0x080070bc                BMI088_delay_ms
 .text.BMI088_delay_us
                0x080070c4        0x8 CMakeFiles/InfantryC.elf.dir/Shark/IMU/driver/src/BMI088Middleware.c.obj
                0x080070c4                BMI088_delay_us
 .text.BMI088_ACCEL_NS_L
                0x080070cc       0x14 CMakeFiles/InfantryC.elf.dir/Shark/IMU/driver/src/BMI088Middleware.c.obj
                0x080070cc                BMI088_ACCEL_NS_L
 .text.BMI088_ACCEL_NS_H
                0x080070e0       0x14 CMakeFiles/InfantryC.elf.dir/Shark/IMU/driver/src/BMI088Middleware.c.obj
                0x080070e0                BMI088_ACCEL_NS_H
 .text.BMI088_GYRO_NS_L
                0x080070f4       0x14 CMakeFiles/InfantryC.elf.dir/Shark/IMU/driver/src/BMI088Middleware.c.obj
                0x080070f4                BMI088_GYRO_NS_L
 .text.BMI088_GYRO_NS_H
                0x08007108       0x14 CMakeFiles/InfantryC.elf.dir/Shark/IMU/driver/src/BMI088Middleware.c.obj
                0x08007108                BMI088_GYRO_NS_H
 .text.BMI088_read_write_byte
                0x0800711c       0x2c CMakeFiles/InfantryC.elf.dir/Shark/IMU/driver/src/BMI088Middleware.c.obj
                0x0800711c                BMI088_read_write_byte
 .text.BMI088_write_single_reg
                0x08007148       0x10 CMakeFiles/InfantryC.elf.dir/Shark/IMU/driver/src/BMI088driver.c.obj
 .text.BMI088_read_single_reg
                0x08007158       0x16 CMakeFiles/InfantryC.elf.dir/Shark/IMU/driver/src/BMI088driver.c.obj
 .text.BMI088_read_muli_reg
                0x0800716e       0x24 CMakeFiles/InfantryC.elf.dir/Shark/IMU/driver/src/BMI088driver.c.obj
 *fill*         0x08007192        0x2 
 .text.bmi088_accel_init
                0x08007194      0x134 CMakeFiles/InfantryC.elf.dir/Shark/IMU/driver/src/BMI088driver.c.obj
                0x08007194                bmi088_accel_init
 .text.bmi088_gyro_init
                0x080072c8       0xf0 CMakeFiles/InfantryC.elf.dir/Shark/IMU/driver/src/BMI088driver.c.obj
                0x080072c8                bmi088_gyro_init
 .text.bmi088_accel_self_test
                0x080073b8      0x308 CMakeFiles/InfantryC.elf.dir/Shark/IMU/driver/src/BMI088driver.c.obj
                0x080073b8                bmi088_accel_self_test
 .text.bmi088_gyro_self_test
                0x080076c0       0xd6 CMakeFiles/InfantryC.elf.dir/Shark/IMU/driver/src/BMI088driver.c.obj
                0x080076c0                bmi088_gyro_self_test
 .text.BMI088_init
                0x08007796       0x32 CMakeFiles/InfantryC.elf.dir/Shark/IMU/driver/src/BMI088driver.c.obj
                0x08007796                BMI088_init
 .text.BMI088_temperature_read_over
                0x080077c8       0x32 CMakeFiles/InfantryC.elf.dir/Shark/IMU/driver/src/BMI088driver.c.obj
                0x080077c8                BMI088_temperature_read_over
 *fill*         0x080077fa        0x2 
 .text.BMI088_accel_read_over
                0x080077fc       0x90 CMakeFiles/InfantryC.elf.dir/Shark/IMU/driver/src/BMI088driver.c.obj
                0x080077fc                BMI088_accel_read_over
 .text.BMI088_gyro_read_over
                0x0800788c       0x64 CMakeFiles/InfantryC.elf.dir/Shark/IMU/driver/src/BMI088driver.c.obj
                0x0800788c                BMI088_gyro_read_over
 .text.BMI088_read
                0x080078f0      0x17c CMakeFiles/InfantryC.elf.dir/Shark/IMU/driver/src/BMI088driver.c.obj
                0x080078f0                BMI088_read
 .text.ist8310_init
                0x08007a6c       0x80 CMakeFiles/InfantryC.elf.dir/Shark/IMU/driver/src/ist8310driver.c.obj
                0x08007a6c                ist8310_init
 .text.ist8310_GPIO_init
                0x08007aec        0x2 CMakeFiles/InfantryC.elf.dir/Shark/IMU/driver/src/ist8310driver_middleware.c.obj
                0x08007aec                ist8310_GPIO_init
 .text.ist8310_com_init
                0x08007aee        0x2 CMakeFiles/InfantryC.elf.dir/Shark/IMU/driver/src/ist8310driver_middleware.c.obj
                0x08007aee                ist8310_com_init
 .text.ist8310_IIC_read_single_reg
                0x08007af0       0x2c CMakeFiles/InfantryC.elf.dir/Shark/IMU/driver/src/ist8310driver_middleware.c.obj
                0x08007af0                ist8310_IIC_read_single_reg
 .text.ist8310_IIC_write_single_reg
                0x08007b1c       0x2c CMakeFiles/InfantryC.elf.dir/Shark/IMU/driver/src/ist8310driver_middleware.c.obj
                0x08007b1c                ist8310_IIC_write_single_reg
 .text.ist8310_delay_ms
                0x08007b48        0x8 CMakeFiles/InfantryC.elf.dir/Shark/IMU/driver/src/ist8310driver_middleware.c.obj
                0x08007b48                ist8310_delay_ms
 .text.ist8310_RST_H
                0x08007b50       0x14 CMakeFiles/InfantryC.elf.dir/Shark/IMU/driver/src/ist8310driver_middleware.c.obj
                0x08007b50                ist8310_RST_H
 .text.ist8310_RST_L
                0x08007b64       0x14 CMakeFiles/InfantryC.elf.dir/Shark/IMU/driver/src/ist8310driver_middleware.c.obj
                0x08007b64                ist8310_RST_L
 .text.PID_init
                0x08007b78       0x32 CMakeFiles/InfantryC.elf.dir/Shark/IMU/driver/src/pid.c.obj
                0x08007b78                PID_init
 *fill*         0x08007baa        0x2 
 .text.PID_calc
                0x08007bac      0x158 CMakeFiles/InfantryC.elf.dir/Shark/IMU/driver/src/pid.c.obj
                0x08007bac                PID_calc
 .text.imu_cali_slove
                0x08007d04      0x110 CMakeFiles/InfantryC.elf.dir/Shark/IMU/task/src/INS_task.c.obj
 .text.imu_temp_control
                0x08007e14       0xa0 CMakeFiles/InfantryC.elf.dir/Shark/IMU/task/src/INS_task.c.obj
 .text.imu_cmd_spi_dma
                0x08007eb4      0x180 CMakeFiles/InfantryC.elf.dir/Shark/IMU/task/src/INS_task.c.obj
 *fill*         0x08008034        0x4 
 .text.StartIMUTask
                0x08008038      0x2cc CMakeFiles/InfantryC.elf.dir/Shark/IMU/task/src/INS_task.c.obj
                0x08008038                StartIMUTask
 .text.gyro_offset_calc
                0x08008304       0x54 CMakeFiles/InfantryC.elf.dir/Shark/IMU/task/src/INS_task.c.obj
                0x08008304                gyro_offset_calc
 .text.INS_cali_gyro
                0x08008358       0x48 CMakeFiles/InfantryC.elf.dir/Shark/IMU/task/src/INS_task.c.obj
                0x08008358                INS_cali_gyro
 .text.INS_set_cali_gyro
                0x080083a0       0x28 CMakeFiles/InfantryC.elf.dir/Shark/IMU/task/src/INS_task.c.obj
                0x080083a0                INS_set_cali_gyro
 .text.get_INS_angle_point
                0x080083c8        0x8 CMakeFiles/InfantryC.elf.dir/Shark/IMU/task/src/INS_task.c.obj
                0x080083c8                get_INS_angle_point
 .text.getIMUTemp
                0x080083d0        0xc CMakeFiles/InfantryC.elf.dir/Shark/IMU/task/src/INS_task.c.obj
                0x080083d0                getIMUTemp
 .text.HAL_GPIO_EXTI_Callback
                0x080083dc       0xa8 CMakeFiles/InfantryC.elf.dir/Shark/IMU/task/src/INS_task.c.obj
                0x080083dc                HAL_GPIO_EXTI_Callback
 .text.SPI_RxCallBack
                0x08008484      0x6b0 CMakeFiles/InfantryC.elf.dir/Shark/IMU/task/src/INS_task.c.obj
                0x08008484                SPI_RxCallBack
 .text.cali_head_hook
                0x08008b34       0x20 CMakeFiles/InfantryC.elf.dir/Shark/IMU/task/src/calibrate_task.c.obj
 .text.cali_gimbal_hook
                0x08008b54        0x4 CMakeFiles/InfantryC.elf.dir/Shark/IMU/task/src/calibrate_task.c.obj
 .text.cali_gyro_hook
                0x08008b58       0x4c CMakeFiles/InfantryC.elf.dir/Shark/IMU/task/src/calibrate_task.c.obj
 .text.cali_data_read
                0x08008ba4       0x98 CMakeFiles/InfantryC.elf.dir/Shark/IMU/task/src/calibrate_task.c.obj
 .text.get_control_temperature
                0x08008c3c        0xc CMakeFiles/InfantryC.elf.dir/Shark/IMU/task/src/calibrate_task.c.obj
                0x08008c3c                get_control_temperature
 .text.cali_param_init
                0x08008c48       0x88 CMakeFiles/InfantryC.elf.dir/Shark/IMU/task/src/calibrate_task.c.obj
                0x08008c48                cali_param_init
 .text.sbus_to_rc
                0x08008cd0       0xc6 CMakeFiles/InfantryC.elf.dir/Shark/IMU/task/src/remote_control.c.obj
 *fill*         0x08008d96        0x2 
 .text.USART3_IRQHandler
                0x08008d98       0xe4 CMakeFiles/InfantryC.elf.dir/Shark/IMU/task/src/remote_control.c.obj
                0x08008d98                USART3_IRQHandler
 .text.RetargetInit
                0x08008e7c       0x20 CMakeFiles/InfantryC.elf.dir/config/retarget/retarget.c.obj
                0x08008e7c                RetargetInit
 .text._isatty  0x08008e9c       0x16 CMakeFiles/InfantryC.elf.dir/config/retarget/retarget.c.obj
                0x08008e9c                _isatty
 *fill*         0x08008eb2        0x2 
 .text._write   0x08008eb4       0x34 CMakeFiles/InfantryC.elf.dir/config/retarget/retarget.c.obj
                0x08008eb4                _write
 .text._close   0x08008ee8       0x18 CMakeFiles/InfantryC.elf.dir/config/retarget/retarget.c.obj
                0x08008ee8                _close
 .text._lseek   0x08008f00       0x10 CMakeFiles/InfantryC.elf.dir/config/retarget/retarget.c.obj
                0x08008f00                _lseek
 .text._read    0x08008f10       0x30 CMakeFiles/InfantryC.elf.dir/config/retarget/retarget.c.obj
                0x08008f10                _read
 .text._fstat   0x08008f40       0x1a CMakeFiles/InfantryC.elf.dir/config/retarget/retarget.c.obj
                0x08008f40                _fstat
 *fill*         0x08008f5a        0x2 
 .text.arm_sin_f32
                0x08008f5c       0x8c E:/AADataFile/RM/infantry/InfantryC/Middlewares/ST/ARM/DSP/Lib\libarm_cortexM4lf_math.a(arm_sin_f32.o)
                0x08008f5c                arm_sin_f32
 .text.arm_cos_f32
                0x08008fe8       0x94 E:/AADataFile/RM/infantry/InfantryC/Middlewares/ST/ARM/DSP/Lib\libarm_cortexM4lf_math.a(arm_cos_f32.o)
                0x08008fe8                arm_cos_f32
 .text.__aeabi_memclr
                0x0800907c        0x8 e:/clionstm32/gcc-arm-none-eabi-10.3-2021.10/bin/../lib/gcc/arm-none-eabi/10.3.1/../../../../arm-none-eabi/lib/thumb/v7e-m+fp/hard\libg.a(lib_a-aeabi_memclr.o)
                0x0800907c                __aeabi_memclr
                0x0800907c                __aeabi_memclr4
                0x0800907c                __aeabi_memclr8
 .text.__errno  0x08009084        0xc e:/clionstm32/gcc-arm-none-eabi-10.3-2021.10/bin/../lib/gcc/arm-none-eabi/10.3.1/../../../../arm-none-eabi/lib/thumb/v7e-m+fp/hard\libg.a(lib_a-errno.o)
                0x08009084                __errno
 .text.__libc_init_array
                0x08009090       0x48 e:/clionstm32/gcc-arm-none-eabi-10.3-2021.10/bin/../lib/gcc/arm-none-eabi/10.3.1/../../../../arm-none-eabi/lib/thumb/v7e-m+fp/hard\libg.a(lib_a-init.o)
                0x08009090                __libc_init_array
 .text.memset   0x080090d8       0xa4 e:/clionstm32/gcc-arm-none-eabi-10.3-2021.10/bin/../lib/gcc/arm-none-eabi/10.3.1/../../../../arm-none-eabi/lib/thumb/v7e-m+fp/hard\libg.a(lib_a-memset.o)
                0x080090d8                memset
 .text.printf   0x0800917c       0x28 e:/clionstm32/gcc-arm-none-eabi-10.3-2021.10/bin/../lib/gcc/arm-none-eabi/10.3.1/../../../../arm-none-eabi/lib/thumb/v7e-m+fp/hard\libg.a(lib_a-printf.o)
                0x0800917c                printf
 .text.setvbuf  0x080091a4      0x1b0 e:/clionstm32/gcc-arm-none-eabi-10.3-2021.10/bin/../lib/gcc/arm-none-eabi/10.3.1/../../../../arm-none-eabi/lib/thumb/v7e-m+fp/hard\libg.a(lib_a-setvbuf.o)
                0x080091a4                setvbuf
 *fill*         0x08009354        0x4 
 .text._vfprintf_r
                0x08009358     0x1b90 e:/clionstm32/gcc-arm-none-eabi-10.3-2021.10/bin/../lib/gcc/arm-none-eabi/10.3.1/../../../../arm-none-eabi/lib/thumb/v7e-m+fp/hard\libg.a(lib_a-vfprintf.o)
                0x08009358                _vfprintf_r
 .text.__sbprintf
                0x0800aee8       0x80 e:/clionstm32/gcc-arm-none-eabi-10.3-2021.10/bin/../lib/gcc/arm-none-eabi/10.3.1/../../../../arm-none-eabi/lib/thumb/v7e-m+fp/hard\libg.a(lib_a-vfprintf.o)
 .text.__swsetup_r
                0x0800af68       0xd4 e:/clionstm32/gcc-arm-none-eabi-10.3-2021.10/bin/../lib/gcc/arm-none-eabi/10.3.1/../../../../arm-none-eabi/lib/thumb/v7e-m+fp/hard\libg.a(lib_a-wsetup.o)
                0x0800af68                __swsetup_r
 .text.startup.register_fini
                0x0800b03c       0x14 e:/clionstm32/gcc-arm-none-eabi-10.3-2021.10/bin/../lib/gcc/arm-none-eabi/10.3.1/../../../../arm-none-eabi/lib/thumb/v7e-m+fp/hard\libg.a(lib_a-__call_atexit.o)
 .text.atexit   0x0800b050        0xc e:/clionstm32/gcc-arm-none-eabi-10.3-2021.10/bin/../lib/gcc/arm-none-eabi/10.3.1/../../../../arm-none-eabi/lib/thumb/v7e-m+fp/hard\libg.a(lib_a-atexit.o)
                0x0800b050                atexit
 .text.quorem   0x0800b05c      0x128 e:/clionstm32/gcc-arm-none-eabi-10.3-2021.10/bin/../lib/gcc/arm-none-eabi/10.3.1/../../../../arm-none-eabi/lib/thumb/v7e-m+fp/hard\libg.a(lib_a-dtoa.o)
 *fill*         0x0800b184        0x4 
 .text._dtoa_r  0x0800b188      0xf3c e:/clionstm32/gcc-arm-none-eabi-10.3-2021.10/bin/../lib/gcc/arm-none-eabi/10.3.1/../../../../arm-none-eabi/lib/thumb/v7e-m+fp/hard\libg.a(lib_a-dtoa.o)
                0x0800b188                _dtoa_r
 .text.__sflush_r
                0x0800c0c4      0x130 e:/clionstm32/gcc-arm-none-eabi-10.3-2021.10/bin/../lib/gcc/arm-none-eabi/10.3.1/../../../../arm-none-eabi/lib/thumb/v7e-m+fp/hard\libg.a(lib_a-fflush.o)
                0x0800c0c4                __sflush_r
 .text._fflush_r
                0x0800c1f4       0x5c e:/clionstm32/gcc-arm-none-eabi-10.3-2021.10/bin/../lib/gcc/arm-none-eabi/10.3.1/../../../../arm-none-eabi/lib/thumb/v7e-m+fp/hard\libg.a(lib_a-fflush.o)
                0x0800c1f4                _fflush_r
 .text._cleanup_r
                0x0800c250        0xc e:/clionstm32/gcc-arm-none-eabi-10.3-2021.10/bin/../lib/gcc/arm-none-eabi/10.3.1/../../../../arm-none-eabi/lib/thumb/v7e-m+fp/hard\libg.a(lib_a-findfp.o)
                0x0800c250                _cleanup_r
 .text.__sinit  0x0800c25c      0x10c e:/clionstm32/gcc-arm-none-eabi-10.3-2021.10/bin/../lib/gcc/arm-none-eabi/10.3.1/../../../../arm-none-eabi/lib/thumb/v7e-m+fp/hard\libg.a(lib_a-findfp.o)
                0x0800c25c                __sinit
 .text.__sfp_lock_acquire
                0x0800c368        0xc e:/clionstm32/gcc-arm-none-eabi-10.3-2021.10/bin/../lib/gcc/arm-none-eabi/10.3.1/../../../../arm-none-eabi/lib/thumb/v7e-m+fp/hard\libg.a(lib_a-findfp.o)
                0x0800c368                __sfp_lock_acquire
 .text.__sfp_lock_release
                0x0800c374        0xc e:/clionstm32/gcc-arm-none-eabi-10.3-2021.10/bin/../lib/gcc/arm-none-eabi/10.3.1/../../../../arm-none-eabi/lib/thumb/v7e-m+fp/hard\libg.a(lib_a-findfp.o)
                0x0800c374                __sfp_lock_release
 .text.__libc_fini_array
                0x0800c380       0x2c e:/clionstm32/gcc-arm-none-eabi-10.3-2021.10/bin/../lib/gcc/arm-none-eabi/10.3.1/../../../../arm-none-eabi/lib/thumb/v7e-m+fp/hard\libg.a(lib_a-fini.o)
                0x0800c380                __libc_fini_array
 .text._malloc_trim_r
                0x0800c3ac       0xa0 e:/clionstm32/gcc-arm-none-eabi-10.3-2021.10/bin/../lib/gcc/arm-none-eabi/10.3.1/../../../../arm-none-eabi/lib/thumb/v7e-m+fp/hard\libg.a(lib_a-freer.o)
                0x0800c3ac                _malloc_trim_r
 .text._free_r  0x0800c44c      0x20c e:/clionstm32/gcc-arm-none-eabi-10.3-2021.10/bin/../lib/gcc/arm-none-eabi/10.3.1/../../../../arm-none-eabi/lib/thumb/v7e-m+fp/hard\libg.a(lib_a-freer.o)
                0x0800c44c                _free_r
 .text._fwalk_reent
                0x0800c658       0x48 e:/clionstm32/gcc-arm-none-eabi-10.3-2021.10/bin/../lib/gcc/arm-none-eabi/10.3.1/../../../../arm-none-eabi/lib/thumb/v7e-m+fp/hard\libg.a(lib_a-fwalk.o)
                0x0800c658                _fwalk_reent
 .text._localeconv_r
                0x0800c6a0        0x8 e:/clionstm32/gcc-arm-none-eabi-10.3-2021.10/bin/../lib/gcc/arm-none-eabi/10.3.1/../../../../arm-none-eabi/lib/thumb/v7e-m+fp/hard\libg.a(lib_a-localeconv.o)
                0x0800c6a0                _localeconv_r
 .text.__retarget_lock_init_recursive
                0x0800c6a8        0x4 e:/clionstm32/gcc-arm-none-eabi-10.3-2021.10/bin/../lib/gcc/arm-none-eabi/10.3.1/../../../../arm-none-eabi/lib/thumb/v7e-m+fp/hard\libg.a(lib_a-lock.o)
                0x0800c6a8                __retarget_lock_init_recursive
 .text.__retarget_lock_close_recursive
                0x0800c6ac        0x4 e:/clionstm32/gcc-arm-none-eabi-10.3-2021.10/bin/../lib/gcc/arm-none-eabi/10.3.1/../../../../arm-none-eabi/lib/thumb/v7e-m+fp/hard\libg.a(lib_a-lock.o)
                0x0800c6ac                __retarget_lock_close_recursive
 .text.__retarget_lock_acquire_recursive
                0x0800c6b0        0x4 e:/clionstm32/gcc-arm-none-eabi-10.3-2021.10/bin/../lib/gcc/arm-none-eabi/10.3.1/../../../../arm-none-eabi/lib/thumb/v7e-m+fp/hard\libg.a(lib_a-lock.o)
                0x0800c6b0                __retarget_lock_acquire_recursive
 .text.__retarget_lock_release_recursive
                0x0800c6b4        0x4 e:/clionstm32/gcc-arm-none-eabi-10.3-2021.10/bin/../lib/gcc/arm-none-eabi/10.3.1/../../../../arm-none-eabi/lib/thumb/v7e-m+fp/hard\libg.a(lib_a-lock.o)
                0x0800c6b4                __retarget_lock_release_recursive
 .text.__smakebuf_r
                0x0800c6b8       0xe0 e:/clionstm32/gcc-arm-none-eabi-10.3-2021.10/bin/../lib/gcc/arm-none-eabi/10.3.1/../../../../arm-none-eabi/lib/thumb/v7e-m+fp/hard\libg.a(lib_a-makebuf.o)
                0x0800c6b8                __smakebuf_r
 .text.__swhatbuf_r
                0x0800c798       0x60 e:/clionstm32/gcc-arm-none-eabi-10.3-2021.10/bin/../lib/gcc/arm-none-eabi/10.3.1/../../../../arm-none-eabi/lib/thumb/v7e-m+fp/hard\libg.a(lib_a-makebuf.o)
                0x0800c798                __swhatbuf_r
 .text.malloc   0x0800c7f8       0x10 e:/clionstm32/gcc-arm-none-eabi-10.3-2021.10/bin/../lib/gcc/arm-none-eabi/10.3.1/../../../../arm-none-eabi/lib/thumb/v7e-m+fp/hard\libg.a(lib_a-malloc.o)
                0x0800c7f8                malloc
 .text._malloc_r
                0x0800c808      0x560 e:/clionstm32/gcc-arm-none-eabi-10.3-2021.10/bin/../lib/gcc/arm-none-eabi/10.3.1/../../../../arm-none-eabi/lib/thumb/v7e-m+fp/hard\libg.a(lib_a-mallocr.o)
                0x0800c808                _malloc_r
 .text.__malloc_lock
                0x0800cd68        0xc e:/clionstm32/gcc-arm-none-eabi-10.3-2021.10/bin/../lib/gcc/arm-none-eabi/10.3.1/../../../../arm-none-eabi/lib/thumb/v7e-m+fp/hard\libg.a(lib_a-mlock.o)
                0x0800cd68                __malloc_lock
 .text.__malloc_unlock
                0x0800cd74        0xc e:/clionstm32/gcc-arm-none-eabi-10.3-2021.10/bin/../lib/gcc/arm-none-eabi/10.3.1/../../../../arm-none-eabi/lib/thumb/v7e-m+fp/hard\libg.a(lib_a-mlock.o)
                0x0800cd74                __malloc_unlock
 .text._Balloc  0x0800cd80       0x4c e:/clionstm32/gcc-arm-none-eabi-10.3-2021.10/bin/../lib/gcc/arm-none-eabi/10.3.1/../../../../arm-none-eabi/lib/thumb/v7e-m+fp/hard\libg.a(lib_a-mprec.o)
                0x0800cd80                _Balloc
 .text._Bfree   0x0800cdcc       0x14 e:/clionstm32/gcc-arm-none-eabi-10.3-2021.10/bin/../lib/gcc/arm-none-eabi/10.3.1/../../../../arm-none-eabi/lib/thumb/v7e-m+fp/hard\libg.a(lib_a-mprec.o)
                0x0800cdcc                _Bfree
 .text.__multadd
                0x0800cde0       0xa8 e:/clionstm32/gcc-arm-none-eabi-10.3-2021.10/bin/../lib/gcc/arm-none-eabi/10.3.1/../../../../arm-none-eabi/lib/thumb/v7e-m+fp/hard\libg.a(lib_a-mprec.o)
                0x0800cde0                __multadd
 .text.__hi0bits
                0x0800ce88       0x40 e:/clionstm32/gcc-arm-none-eabi-10.3-2021.10/bin/../lib/gcc/arm-none-eabi/10.3.1/../../../../arm-none-eabi/lib/thumb/v7e-m+fp/hard\libg.a(lib_a-mprec.o)
                0x0800ce88                __hi0bits
 .text.__lo0bits
                0x0800cec8       0x60 e:/clionstm32/gcc-arm-none-eabi-10.3-2021.10/bin/../lib/gcc/arm-none-eabi/10.3.1/../../../../arm-none-eabi/lib/thumb/v7e-m+fp/hard\libg.a(lib_a-mprec.o)
                0x0800cec8                __lo0bits
 .text.__i2b    0x0800cf28       0x5c e:/clionstm32/gcc-arm-none-eabi-10.3-2021.10/bin/../lib/gcc/arm-none-eabi/10.3.1/../../../../arm-none-eabi/lib/thumb/v7e-m+fp/hard\libg.a(lib_a-mprec.o)
                0x0800cf28                __i2b
 .text.__multiply
                0x0800cf84      0x15c e:/clionstm32/gcc-arm-none-eabi-10.3-2021.10/bin/../lib/gcc/arm-none-eabi/10.3.1/../../../../arm-none-eabi/lib/thumb/v7e-m+fp/hard\libg.a(lib_a-mprec.o)
                0x0800cf84                __multiply
 .text.__pow5mult
                0x0800d0e0       0xc0 e:/clionstm32/gcc-arm-none-eabi-10.3-2021.10/bin/../lib/gcc/arm-none-eabi/10.3.1/../../../../arm-none-eabi/lib/thumb/v7e-m+fp/hard\libg.a(lib_a-mprec.o)
                0x0800d0e0                __pow5mult
 .text.__lshift
                0x0800d1a0       0xf0 e:/clionstm32/gcc-arm-none-eabi-10.3-2021.10/bin/../lib/gcc/arm-none-eabi/10.3.1/../../../../arm-none-eabi/lib/thumb/v7e-m+fp/hard\libg.a(lib_a-mprec.o)
                0x0800d1a0                __lshift
 .text.__mcmp   0x0800d290       0x44 e:/clionstm32/gcc-arm-none-eabi-10.3-2021.10/bin/../lib/gcc/arm-none-eabi/10.3.1/../../../../arm-none-eabi/lib/thumb/v7e-m+fp/hard\libg.a(lib_a-mprec.o)
                0x0800d290                __mcmp
 .text.__mdiff  0x0800d2d4      0x14c e:/clionstm32/gcc-arm-none-eabi-10.3-2021.10/bin/../lib/gcc/arm-none-eabi/10.3.1/../../../../arm-none-eabi/lib/thumb/v7e-m+fp/hard\libg.a(lib_a-mprec.o)
                0x0800d2d4                __mdiff
 .text.__d2b    0x0800d420       0xd0 e:/clionstm32/gcc-arm-none-eabi-10.3-2021.10/bin/../lib/gcc/arm-none-eabi/10.3.1/../../../../arm-none-eabi/lib/thumb/v7e-m+fp/hard\libg.a(lib_a-mprec.o)
                0x0800d420                __d2b
 .text.frexp    0x0800d4f0       0x6c e:/clionstm32/gcc-arm-none-eabi-10.3-2021.10/bin/../lib/gcc/arm-none-eabi/10.3.1/../../../../arm-none-eabi/lib/thumb/v7e-m+fp/hard\libg.a(lib_a-s_frexp.o)
                0x0800d4f0                frexp
 .text._sbrk_r  0x0800d55c       0x24 e:/clionstm32/gcc-arm-none-eabi-10.3-2021.10/bin/../lib/gcc/arm-none-eabi/10.3.1/../../../../arm-none-eabi/lib/thumb/v7e-m+fp/hard\libg.a(lib_a-sbrkr.o)
                0x0800d55c                _sbrk_r
 .text.__sread  0x0800d580       0x24 e:/clionstm32/gcc-arm-none-eabi-10.3-2021.10/bin/../lib/gcc/arm-none-eabi/10.3.1/../../../../arm-none-eabi/lib/thumb/v7e-m+fp/hard\libg.a(lib_a-stdio.o)
                0x0800d580                __sread
 .text.__swrite
                0x0800d5a4       0x40 e:/clionstm32/gcc-arm-none-eabi-10.3-2021.10/bin/../lib/gcc/arm-none-eabi/10.3.1/../../../../arm-none-eabi/lib/thumb/v7e-m+fp/hard\libg.a(lib_a-stdio.o)
                0x0800d5a4                __swrite
 .text.__sseek  0x0800d5e4       0x20 e:/clionstm32/gcc-arm-none-eabi-10.3-2021.10/bin/../lib/gcc/arm-none-eabi/10.3.1/../../../../arm-none-eabi/lib/thumb/v7e-m+fp/hard\libg.a(lib_a-stdio.o)
                0x0800d5e4                __sseek
 .text.__sclose
                0x0800d604        0x8 e:/clionstm32/gcc-arm-none-eabi-10.3-2021.10/bin/../lib/gcc/arm-none-eabi/10.3.1/../../../../arm-none-eabi/lib/thumb/v7e-m+fp/hard\libg.a(lib_a-stdio.o)
                0x0800d604                __sclose
 .text.strncpy  0x0800d60c       0x64 e:/clionstm32/gcc-arm-none-eabi-10.3-2021.10/bin/../lib/gcc/arm-none-eabi/10.3.1/../../../../arm-none-eabi/lib/thumb/v7e-m+fp/hard\libg.a(lib_a-strncpy.o)
                0x0800d60c                strncpy
 .text.__sprint_r.part.0
                0x0800d670       0x78 e:/clionstm32/gcc-arm-none-eabi-10.3-2021.10/bin/../lib/gcc/arm-none-eabi/10.3.1/../../../../arm-none-eabi/lib/thumb/v7e-m+fp/hard\libg.a(lib_a-vfiprintf.o)
 .text.__sprint_r
                0x0800d6e8       0x18 e:/clionstm32/gcc-arm-none-eabi-10.3-2021.10/bin/../lib/gcc/arm-none-eabi/10.3.1/../../../../arm-none-eabi/lib/thumb/v7e-m+fp/hard\libg.a(lib_a-vfiprintf.o)
                0x0800d6e8                __sprint_r
 .text._vfiprintf_r
                0x0800d700      0xdfc e:/clionstm32/gcc-arm-none-eabi-10.3-2021.10/bin/../lib/gcc/arm-none-eabi/10.3.1/../../../../arm-none-eabi/lib/thumb/v7e-m+fp/hard\libg.a(lib_a-vfiprintf.o)
                0x0800d700                _vfiprintf_r
 .text.__sbprintf
                0x0800e4fc       0x80 e:/clionstm32/gcc-arm-none-eabi-10.3-2021.10/bin/../lib/gcc/arm-none-eabi/10.3.1/../../../../arm-none-eabi/lib/thumb/v7e-m+fp/hard\libg.a(lib_a-vfiprintf.o)
 .text._write_r
                0x0800e57c       0x2c e:/clionstm32/gcc-arm-none-eabi-10.3-2021.10/bin/../lib/gcc/arm-none-eabi/10.3.1/../../../../arm-none-eabi/lib/thumb/v7e-m+fp/hard\libg.a(lib_a-writer.o)
                0x0800e57c                _write_r
 .text.__register_exitproc
                0x0800e5a8       0x8c e:/clionstm32/gcc-arm-none-eabi-10.3-2021.10/bin/../lib/gcc/arm-none-eabi/10.3.1/../../../../arm-none-eabi/lib/thumb/v7e-m+fp/hard\libg.a(lib_a-__atexit.o)
                0x0800e5a8                __register_exitproc
 .text.__assert_func
                0x0800e634       0x40 e:/clionstm32/gcc-arm-none-eabi-10.3-2021.10/bin/../lib/gcc/arm-none-eabi/10.3.1/../../../../arm-none-eabi/lib/thumb/v7e-m+fp/hard\libg.a(lib_a-assert.o)
                0x0800e634                __assert_func
 .text._calloc_r
                0x0800e674       0x78 e:/clionstm32/gcc-arm-none-eabi-10.3-2021.10/bin/../lib/gcc/arm-none-eabi/10.3.1/../../../../arm-none-eabi/lib/thumb/v7e-m+fp/hard\libg.a(lib_a-callocr.o)
                0x0800e674                _calloc_r
 .text._close_r
                0x0800e6ec       0x24 e:/clionstm32/gcc-arm-none-eabi-10.3-2021.10/bin/../lib/gcc/arm-none-eabi/10.3.1/../../../../arm-none-eabi/lib/thumb/v7e-m+fp/hard\libg.a(lib_a-closer.o)
                0x0800e6ec                _close_r
 .text._fclose_r
                0x0800e710       0xcc e:/clionstm32/gcc-arm-none-eabi-10.3-2021.10/bin/../lib/gcc/arm-none-eabi/10.3.1/../../../../arm-none-eabi/lib/thumb/v7e-m+fp/hard\libg.a(lib_a-fclose.o)
                0x0800e710                _fclose_r
 .text.fiprintf
                0x0800e7dc       0x28 e:/clionstm32/gcc-arm-none-eabi-10.3-2021.10/bin/../lib/gcc/arm-none-eabi/10.3.1/../../../../arm-none-eabi/lib/thumb/v7e-m+fp/hard\libg.a(lib_a-fiprintf.o)
                0x0800e7dc                fiprintf
 .text.__fputwc
                0x0800e804       0xa8 e:/clionstm32/gcc-arm-none-eabi-10.3-2021.10/bin/../lib/gcc/arm-none-eabi/10.3.1/../../../../arm-none-eabi/lib/thumb/v7e-m+fp/hard\libg.a(lib_a-fputwc.o)
                0x0800e804                __fputwc
 .text._fputwc_r
                0x0800e8ac       0x68 e:/clionstm32/gcc-arm-none-eabi-10.3-2021.10/bin/../lib/gcc/arm-none-eabi/10.3.1/../../../../arm-none-eabi/lib/thumb/v7e-m+fp/hard\libg.a(lib_a-fputwc.o)
                0x0800e8ac                _fputwc_r
 .text._fstat_r
                0x0800e914       0x2c e:/clionstm32/gcc-arm-none-eabi-10.3-2021.10/bin/../lib/gcc/arm-none-eabi/10.3.1/../../../../arm-none-eabi/lib/thumb/v7e-m+fp/hard\libg.a(lib_a-fstatr.o)
                0x0800e914                _fstat_r
 .text.__sfvwrite_r
                0x0800e940      0x2f0 e:/clionstm32/gcc-arm-none-eabi-10.3-2021.10/bin/../lib/gcc/arm-none-eabi/10.3.1/../../../../arm-none-eabi/lib/thumb/v7e-m+fp/hard\libg.a(lib_a-fvwrite.o)
                0x0800e940                __sfvwrite_r
 .text._isatty_r
                0x0800ec30       0x24 e:/clionstm32/gcc-arm-none-eabi-10.3-2021.10/bin/../lib/gcc/arm-none-eabi/10.3.1/../../../../arm-none-eabi/lib/thumb/v7e-m+fp/hard\libg.a(lib_a-isattyr.o)
                0x0800ec30                _isatty_r
 .text.__locale_mb_cur_max
                0x0800ec54        0xc e:/clionstm32/gcc-arm-none-eabi-10.3-2021.10/bin/../lib/gcc/arm-none-eabi/10.3.1/../../../../arm-none-eabi/lib/thumb/v7e-m+fp/hard\libg.a(lib_a-locale.o)
                0x0800ec54                __locale_mb_cur_max
 .text._lseek_r
                0x0800ec60       0x2c e:/clionstm32/gcc-arm-none-eabi-10.3-2021.10/bin/../lib/gcc/arm-none-eabi/10.3.1/../../../../arm-none-eabi/lib/thumb/v7e-m+fp/hard\libg.a(lib_a-lseekr.o)
                0x0800ec60                _lseek_r
 .text.__ascii_mbtowc
                0x0800ec8c       0x2c e:/clionstm32/gcc-arm-none-eabi-10.3-2021.10/bin/../lib/gcc/arm-none-eabi/10.3.1/../../../../arm-none-eabi/lib/thumb/v7e-m+fp/hard\libg.a(lib_a-mbtowc_r.o)
                0x0800ec8c                __ascii_mbtowc
 .text.memmove  0x0800ecb8       0xf8 e:/clionstm32/gcc-arm-none-eabi-10.3-2021.10/bin/../lib/gcc/arm-none-eabi/10.3.1/../../../../arm-none-eabi/lib/thumb/v7e-m+fp/hard\libg.a(lib_a-memmove.o)
                0x0800ecb8                memmove
 .text._read_r  0x0800edb0       0x2c e:/clionstm32/gcc-arm-none-eabi-10.3-2021.10/bin/../lib/gcc/arm-none-eabi/10.3.1/../../../../arm-none-eabi/lib/thumb/v7e-m+fp/hard\libg.a(lib_a-readr.o)
                0x0800edb0                _read_r
 .text._realloc_r
                0x0800eddc      0x3d8 e:/clionstm32/gcc-arm-none-eabi-10.3-2021.10/bin/../lib/gcc/arm-none-eabi/10.3.1/../../../../arm-none-eabi/lib/thumb/v7e-m+fp/hard\libg.a(lib_a-reallocr.o)
                0x0800eddc                _realloc_r
 .text.__swbuf_r
                0x0800f1b4       0xb0 e:/clionstm32/gcc-arm-none-eabi-10.3-2021.10/bin/../lib/gcc/arm-none-eabi/10.3.1/../../../../arm-none-eabi/lib/thumb/v7e-m+fp/hard\libg.a(lib_a-wbuf.o)
                0x0800f1b4                __swbuf_r
 .text._wcrtomb_r
                0x0800f264       0x3c e:/clionstm32/gcc-arm-none-eabi-10.3-2021.10/bin/../lib/gcc/arm-none-eabi/10.3.1/../../../../arm-none-eabi/lib/thumb/v7e-m+fp/hard\libg.a(lib_a-wcrtomb.o)
                0x0800f264                _wcrtomb_r
 .text.__ascii_wctomb
                0x0800f2a0       0x1c e:/clionstm32/gcc-arm-none-eabi-10.3-2021.10/bin/../lib/gcc/arm-none-eabi/10.3.1/../../../../arm-none-eabi/lib/thumb/v7e-m+fp/hard\libg.a(lib_a-wctomb_r.o)
                0x0800f2a0                __ascii_wctomb
 .text.abort    0x0800f2bc       0x10 e:/clionstm32/gcc-arm-none-eabi-10.3-2021.10/bin/../lib/gcc/arm-none-eabi/10.3.1/../../../../arm-none-eabi/lib/thumb/v7e-m+fp/hard\libg.a(lib_a-abort.o)
                0x0800f2bc                abort
 .text.raise    0x0800f2cc       0x5c e:/clionstm32/gcc-arm-none-eabi-10.3-2021.10/bin/../lib/gcc/arm-none-eabi/10.3.1/../../../../arm-none-eabi/lib/thumb/v7e-m+fp/hard\libg.a(lib_a-signal.o)
                0x0800f2cc                raise
 .text._kill_r  0x0800f328       0x2c e:/clionstm32/gcc-arm-none-eabi-10.3-2021.10/bin/../lib/gcc/arm-none-eabi/10.3.1/../../../../arm-none-eabi/lib/thumb/v7e-m+fp/hard\libg.a(lib_a-signalr.o)
                0x0800f328                _kill_r
 .text._getpid_r
                0x0800f354        0x4 e:/clionstm32/gcc-arm-none-eabi-10.3-2021.10/bin/../lib/gcc/arm-none-eabi/10.3.1/../../../../arm-none-eabi/lib/thumb/v7e-m+fp/hard\libg.a(lib_a-signalr.o)
                0x0800f354                _getpid_r
 .text.asinf    0x0800f358       0x58 e:/clionstm32/gcc-arm-none-eabi-10.3-2021.10/bin/../lib/gcc/arm-none-eabi/10.3.1/../../../../arm-none-eabi/lib/thumb/v7e-m+fp/hard\libm.a(lib_a-wf_asin.o)
                0x0800f358                asinf
 .text.atan2f   0x0800f3b0        0x4 e:/clionstm32/gcc-arm-none-eabi-10.3-2021.10/bin/../lib/gcc/arm-none-eabi/10.3.1/../../../../arm-none-eabi/lib/thumb/v7e-m+fp/hard\libm.a(lib_a-wf_atan2.o)
                0x0800f3b0                atan2f
 .text.sqrtf    0x0800f3b4       0x44 e:/clionstm32/gcc-arm-none-eabi-10.3-2021.10/bin/../lib/gcc/arm-none-eabi/10.3.1/../../../../arm-none-eabi/lib/thumb/v7e-m+fp/hard\libm.a(lib_a-wf_sqrt.o)
                0x0800f3b4                sqrtf
 .text.__ieee754_asinf
                0x0800f3f8      0x20c e:/clionstm32/gcc-arm-none-eabi-10.3-2021.10/bin/../lib/gcc/arm-none-eabi/10.3.1/../../../../arm-none-eabi/lib/thumb/v7e-m+fp/hard\libm.a(lib_a-ef_asin.o)
                0x0800f3f8                __ieee754_asinf
 .text.__ieee754_atan2f
                0x0800f604      0x150 e:/clionstm32/gcc-arm-none-eabi-10.3-2021.10/bin/../lib/gcc/arm-none-eabi/10.3.1/../../../../arm-none-eabi/lib/thumb/v7e-m+fp/hard\libm.a(lib_a-ef_atan2.o)
                0x0800f604                __ieee754_atan2f
 .text.__ieee754_sqrtf
                0x0800f754        0x8 e:/clionstm32/gcc-arm-none-eabi-10.3-2021.10/bin/../lib/gcc/arm-none-eabi/10.3.1/../../../../arm-none-eabi/lib/thumb/v7e-m+fp/hard\libm.a(lib_a-ef_sqrt.o)
                0x0800f754                __ieee754_sqrtf
 .text.atanf    0x0800f75c      0x1b4 e:/clionstm32/gcc-arm-none-eabi-10.3-2021.10/bin/../lib/gcc/arm-none-eabi/10.3.1/../../../../arm-none-eabi/lib/thumb/v7e-m+fp/hard\libm.a(lib_a-sf_atan.o)
                0x0800f75c                atanf
 .text.fabsf    0x0800f910       0x10 e:/clionstm32/gcc-arm-none-eabi-10.3-2021.10/bin/../lib/gcc/arm-none-eabi/10.3.1/../../../../arm-none-eabi/lib/thumb/v7e-m+fp/hard\libm.a(lib_a-sf_fabs.o)
                0x0800f910                fabsf
 .text.nanf     0x0800f920        0xc e:/clionstm32/gcc-arm-none-eabi-10.3-2021.10/bin/../lib/gcc/arm-none-eabi/10.3.1/../../../../arm-none-eabi/lib/thumb/v7e-m+fp/hard\libm.a(lib_a-sf_nan.o)
                0x0800f920                nanf
 *(.glue_7)
 .glue_7        0x0800f92c        0x0 linker stubs
 *(.glue_7t)
 .glue_7t       0x0800f92c        0x0 linker stubs
 *(.eh_frame)
 .eh_frame      0x0800f92c        0x0 e:/clionstm32/gcc-arm-none-eabi-10.3-2021.10/bin/../lib/gcc/arm-none-eabi/10.3.1/thumb/v7e-m+fp/hard/crtbegin.o
 *(.init)
 .init          0x0800f92c        0x4 e:/clionstm32/gcc-arm-none-eabi-10.3-2021.10/bin/../lib/gcc/arm-none-eabi/10.3.1/thumb/v7e-m+fp/hard/crti.o
                0x0800f92c                _init
 .init          0x0800f930        0x8 e:/clionstm32/gcc-arm-none-eabi-10.3-2021.10/bin/../lib/gcc/arm-none-eabi/10.3.1/thumb/v7e-m+fp/hard/crtn.o
 *(.fini)
 .fini          0x0800f938        0x4 e:/clionstm32/gcc-arm-none-eabi-10.3-2021.10/bin/../lib/gcc/arm-none-eabi/10.3.1/thumb/v7e-m+fp/hard/crti.o
                0x0800f938                _fini
 .fini          0x0800f93c        0x8 e:/clionstm32/gcc-arm-none-eabi-10.3-2021.10/bin/../lib/gcc/arm-none-eabi/10.3.1/thumb/v7e-m+fp/hard/crtn.o
                0x0800f944                . = ALIGN (0x4)
                0x0800f944                _etext = .

.vfp11_veneer   0x0800f944        0x0
 .vfp11_veneer  0x0800f944        0x0 linker stubs

.v4_bx          0x0800f944        0x0
 .v4_bx         0x0800f944        0x0 linker stubs

.iplt           0x0800f944        0x0
 .iplt          0x0800f944        0x0 e:/clionstm32/gcc-arm-none-eabi-10.3-2021.10/bin/../lib/gcc/arm-none-eabi/10.3.1/thumb/v7e-m+fp/hard/crtbegin.o

i.AHRS_fabs     0x0800f944       0x1a
 i.AHRS_fabs    0x0800f944       0x1a ../Shark/IMU/AHRS/src/AHRS.lib(ahrs.o)

i.AHRS_init     0x0800f960      0x29c
 i.AHRS_init    0x0800f960      0x29c ../Shark/IMU/AHRS/src/AHRS.lib(ahrs.o)
                0x0800f960                AHRS_init

i.AHRS_update   0x0800fbfc      0x13a
 i.AHRS_update  0x0800fbfc      0x13a ../Shark/IMU/AHRS/src/AHRS.lib(ahrs.o)
                0x0800fbfc                AHRS_update

i.accel_comple_filter
                0x0800fd38      0x1d0
 i.accel_comple_filter
                0x0800fd38      0x1d0 ../Shark/IMU/AHRS/src/AHRS.lib(ahrs.o)

i.accel_update_kp_ki
                0x0800ff08      0x18c
 i.accel_update_kp_ki
                0x0800ff08      0x18c ../Shark/IMU/AHRS/src/AHRS.lib(ahrs.o)

i.angle_to_quat
                0x08010094      0x16c
 i.angle_to_quat
                0x08010094      0x16c ../Shark/IMU/AHRS/src/AHRS.lib(ahrs.o)

i.get_angle     0x08010200       0xe8
 i.get_angle    0x08010200       0xe8 ../Shark/IMU/AHRS/src/AHRS.lib(ahrs.o)
                0x08010200                get_angle

i.quat_normalization
                0x080102e8       0x84
 i.quat_normalization
                0x080102e8       0x84 ../Shark/IMU/AHRS/src/AHRS.lib(ahrs.o)

i.update_w      0x0801036c       0x7a
 i.update_w     0x0801036c       0x7a ../Shark/IMU/AHRS/src/AHRS.lib(ahrs.o)

.rodata         0x080103e8      0xd48
                0x080103e8                . = ALIGN (0x4)
 *(.rodata)
 .rodata        0x080103e8       0x38 CMakeFiles/InfantryC.elf.dir/Core/Src/freertos.c.obj
 .rodata        0x08010420       0x10 CMakeFiles/InfantryC.elf.dir/Shark/IMU/driver/src/BMI088driver.c.obj
 *(.rodata*)
 .rodata.str1.4
                0x08010430       0x14 CMakeFiles/InfantryC.elf.dir/Core/Src/freertos.c.obj
 .rodata.StartDebugTask.str1.4
                0x08010444       0x1b CMakeFiles/InfantryC.elf.dir/Core/Src/freertos.c.obj
 *fill*         0x0801045f        0x1 
 .rodata.AHBPrescTable
                0x08010460       0x10 CMakeFiles/InfantryC.elf.dir/Core/Src/system_stm32f4xx.c.obj
                0x08010460                AHBPrescTable
 .rodata.APBPrescTable
                0x08010470        0x8 CMakeFiles/InfantryC.elf.dir/Core/Src/system_stm32f4xx.c.obj
                0x08010470                APBPrescTable
 .rodata.flagBitshiftOffset.0
                0x08010478        0x8 CMakeFiles/InfantryC.elf.dir/Drivers/STM32F4xx_HAL_Driver/Src/stm32f4xx_hal_dma.c.obj
 .rodata.vTaskStartScheduler.str1.4
                0x08010480        0x5 CMakeFiles/InfantryC.elf.dir/Middlewares/Third_Party/FreeRTOS/Source/tasks.c.obj
 *fill*         0x08010485        0x3 
 .rodata.write_BMI088_ACCEL_self_test_Reg_Data_Error.0
                0x08010488       0x12 CMakeFiles/InfantryC.elf.dir/Shark/IMU/driver/src/BMI088driver.c.obj
 *fill*         0x0801049a        0x2 
 .rodata.write_BMI088_accel_reg_data_error
                0x0801049c       0x12 CMakeFiles/InfantryC.elf.dir/Shark/IMU/driver/src/BMI088driver.c.obj
 *fill*         0x080104ae        0x2 
 .rodata.write_BMI088_gyro_reg_data_error
                0x080104b0       0x12 CMakeFiles/InfantryC.elf.dir/Shark/IMU/driver/src/BMI088driver.c.obj
 *fill*         0x080104c2        0x2 
 .rodata.ist8310_write_reg_data_error
                0x080104c4        0xc CMakeFiles/InfantryC.elf.dir/Shark/IMU/driver/src/ist8310driver.c.obj
 .rodata.imu_temp_PID
                0x080104d0        0xc CMakeFiles/InfantryC.elf.dir/Shark/IMU/task/src/INS_task.c.obj
 .rodata.cali_sensor_buf
                0x080104dc       0x14 CMakeFiles/InfantryC.elf.dir/Shark/IMU/task/src/calibrate_task.c.obj
 .rodata.cali_sensor_size
                0x080104f0        0x5 CMakeFiles/InfantryC.elf.dir/Shark/IMU/task/src/calibrate_task.c.obj
 *fill*         0x080104f5        0x3 
 .rodata.sinTable_f32
                0x080104f8      0x804 E:/AADataFile/RM/infantry/InfantryC/Middlewares/ST/ARM/DSP/Lib\libarm_cortexM4lf_math.a(arm_common_tables.o)
                0x080104f8                sinTable_f32
 .rodata._global_impure_ptr
                0x08010cfc        0x4 e:/clionstm32/gcc-arm-none-eabi-10.3-2021.10/bin/../lib/gcc/arm-none-eabi/10.3.1/../../../../arm-none-eabi/lib/thumb/v7e-m+fp/hard\libg.a(lib_a-impure.o)
                0x08010cfc                _global_impure_ptr
 .rodata._vfprintf_r.str1.4
                0x08010d00       0x42 e:/clionstm32/gcc-arm-none-eabi-10.3-2021.10/bin/../lib/gcc/arm-none-eabi/10.3.1/../../../../arm-none-eabi/lib/thumb/v7e-m+fp/hard\libg.a(lib_a-vfprintf.o)
 *fill*         0x08010d42        0x2 
 .rodata.blanks.1
                0x08010d44       0x10 e:/clionstm32/gcc-arm-none-eabi-10.3-2021.10/bin/../lib/gcc/arm-none-eabi/10.3.1/../../../../arm-none-eabi/lib/thumb/v7e-m+fp/hard\libg.a(lib_a-vfprintf.o)
 .rodata.zeroes.0
                0x08010d54       0x10 e:/clionstm32/gcc-arm-none-eabi-10.3-2021.10/bin/../lib/gcc/arm-none-eabi/10.3.1/../../../../arm-none-eabi/lib/thumb/v7e-m+fp/hard\libg.a(lib_a-vfprintf.o)
 .rodata._dtoa_r.str1.4
                0x08010d64       0xa2 e:/clionstm32/gcc-arm-none-eabi-10.3-2021.10/bin/../lib/gcc/arm-none-eabi/10.3.1/../../../../arm-none-eabi/lib/thumb/v7e-m+fp/hard\libg.a(lib_a-dtoa.o)
                                 0xa6 (size before relaxing)
 *fill*         0x08010e06        0x2 
 .rodata.__multadd.str1.4
                0x08010e08       0x7f e:/clionstm32/gcc-arm-none-eabi-10.3-2021.10/bin/../lib/gcc/arm-none-eabi/10.3.1/../../../../arm-none-eabi/lib/thumb/v7e-m+fp/hard\libg.a(lib_a-mprec.o)
                                 0x93 (size before relaxing)
 *fill*         0x08010e87        0x1 
 .rodata.__mprec_bigtens
                0x08010e88       0x28 e:/clionstm32/gcc-arm-none-eabi-10.3-2021.10/bin/../lib/gcc/arm-none-eabi/10.3.1/../../../../arm-none-eabi/lib/thumb/v7e-m+fp/hard\libg.a(lib_a-mprec.o)
                0x08010e88                __mprec_bigtens
 .rodata.__mprec_tens
                0x08010eb0       0xc8 e:/clionstm32/gcc-arm-none-eabi-10.3-2021.10/bin/../lib/gcc/arm-none-eabi/10.3.1/../../../../arm-none-eabi/lib/thumb/v7e-m+fp/hard\libg.a(lib_a-mprec.o)
                0x08010eb0                __mprec_tens
 .rodata.p05.0  0x08010f78        0xc e:/clionstm32/gcc-arm-none-eabi-10.3-2021.10/bin/../lib/gcc/arm-none-eabi/10.3.1/../../../../arm-none-eabi/lib/thumb/v7e-m+fp/hard\libg.a(lib_a-mprec.o)
 .rodata._vfiprintf_r.str1.4
                0x08010f84       0x2f e:/clionstm32/gcc-arm-none-eabi-10.3-2021.10/bin/../lib/gcc/arm-none-eabi/10.3.1/../../../../arm-none-eabi/lib/thumb/v7e-m+fp/hard\libg.a(lib_a-vfiprintf.o)
 .rodata.blanks.1
                0x08010f84       0x10 e:/clionstm32/gcc-arm-none-eabi-10.3-2021.10/bin/../lib/gcc/arm-none-eabi/10.3.1/../../../../arm-none-eabi/lib/thumb/v7e-m+fp/hard\libg.a(lib_a-vfiprintf.o)
 .rodata.zeroes.0
                0x08010f94       0x10 e:/clionstm32/gcc-arm-none-eabi-10.3-2021.10/bin/../lib/gcc/arm-none-eabi/10.3.1/../../../../arm-none-eabi/lib/thumb/v7e-m+fp/hard\libg.a(lib_a-vfiprintf.o)
 .rodata.__assert_func.str1.4
                0x08010fa4       0x3f e:/clionstm32/gcc-arm-none-eabi-10.3-2021.10/bin/../lib/gcc/arm-none-eabi/10.3.1/../../../../arm-none-eabi/lib/thumb/v7e-m+fp/hard\libg.a(lib_a-assert.o)
                                 0x43 (size before relaxing)
 *fill*         0x08010fe3        0x1 
 .rodata._setlocale_r.str1.4
                0x08010fe4        0xa e:/clionstm32/gcc-arm-none-eabi-10.3-2021.10/bin/../lib/gcc/arm-none-eabi/10.3.1/../../../../arm-none-eabi/lib/thumb/v7e-m+fp/hard\libg.a(lib_a-locale.o)
                                  0xd (size before relaxing)
 *fill*         0x08010fee        0x2 
 .rodata.str1.4
                0x08010ff0        0x2 e:/clionstm32/gcc-arm-none-eabi-10.3-2021.10/bin/../lib/gcc/arm-none-eabi/10.3.1/../../../../arm-none-eabi/lib/thumb/v7e-m+fp/hard\libg.a(lib_a-locale.o)
 *fill*         0x08010ff2        0x2 
 .rodata._ctype_
                0x08010ff4      0x101 e:/clionstm32/gcc-arm-none-eabi-10.3-2021.10/bin/../lib/gcc/arm-none-eabi/10.3.1/../../../../arm-none-eabi/lib/thumb/v7e-m+fp/hard\libg.a(lib_a-ctype_.o)
                0x08010ff4                _ctype_
 .rodata.asinf.str1.4
                0x080110f5        0x1 e:/clionstm32/gcc-arm-none-eabi-10.3-2021.10/bin/../lib/gcc/arm-none-eabi/10.3.1/../../../../arm-none-eabi/lib/thumb/v7e-m+fp/hard\libm.a(lib_a-wf_asin.o)
 *fill*         0x080110f5        0x3 
 .rodata.CSWTCH.8
                0x080110f8        0xc e:/clionstm32/gcc-arm-none-eabi-10.3-2021.10/bin/../lib/gcc/arm-none-eabi/10.3.1/../../../../arm-none-eabi/lib/thumb/v7e-m+fp/hard\libm.a(lib_a-ef_atan2.o)
 .rodata.CSWTCH.9
                0x08011104        0xc e:/clionstm32/gcc-arm-none-eabi-10.3-2021.10/bin/../lib/gcc/arm-none-eabi/10.3.1/../../../../arm-none-eabi/lib/thumb/v7e-m+fp/hard\libm.a(lib_a-ef_atan2.o)
 .rodata.atanhi
                0x08011110       0x10 e:/clionstm32/gcc-arm-none-eabi-10.3-2021.10/bin/../lib/gcc/arm-none-eabi/10.3.1/../../../../arm-none-eabi/lib/thumb/v7e-m+fp/hard\libm.a(lib_a-sf_atan.o)
 .rodata.atanlo
                0x08011120       0x10 e:/clionstm32/gcc-arm-none-eabi-10.3-2021.10/bin/../lib/gcc/arm-none-eabi/10.3.1/../../../../arm-none-eabi/lib/thumb/v7e-m+fp/hard\libm.a(lib_a-sf_atan.o)
                0x08011130                . = ALIGN (0x4)

.constdata      0x08011130        0xc
 .constdata     0x08011130        0xc ../Shark/IMU/AHRS/src/AHRS.lib(ahrs.o)

.ARM.extab      0x0801113c        0x0
                0x0801113c                . = ALIGN (0x4)
 *(.ARM.extab* .gnu.linkonce.armextab.*)
                0x0801113c                . = ALIGN (0x4)

.ARM            0x0801113c        0x8
                0x0801113c                . = ALIGN (0x4)
                0x0801113c                __exidx_start = .
 *(.ARM.exidx*)
 .ARM.exidx     0x0801113c        0x8 e:/clionstm32/gcc-arm-none-eabi-10.3-2021.10/bin/../lib/gcc/arm-none-eabi/10.3.1/thumb/v7e-m+fp/hard\libgcc.a(_udivmoddi4.o)
                0x08011144                __exidx_end = .
                0x08011144                . = ALIGN (0x4)

.rel.dyn        0x08011144        0x0
 .rel.iplt      0x08011144        0x0 e:/clionstm32/gcc-arm-none-eabi-10.3-2021.10/bin/../lib/gcc/arm-none-eabi/10.3.1/thumb/v7e-m+fp/hard/crtbegin.o

.preinit_array  0x08011144        0x0
                0x08011144                . = ALIGN (0x4)
                0x08011144                PROVIDE (__preinit_array_start = .)
 *(.preinit_array*)
                0x08011144                PROVIDE (__preinit_array_end = .)
                0x08011144                . = ALIGN (0x4)

.init_array     0x08011144        0x8
                0x08011144                . = ALIGN (0x4)
                0x08011144                PROVIDE (__init_array_start = .)
 *(SORT_BY_NAME(.init_array.*))
 .init_array.00000
                0x08011144        0x4 e:/clionstm32/gcc-arm-none-eabi-10.3-2021.10/bin/../lib/gcc/arm-none-eabi/10.3.1/../../../../arm-none-eabi/lib/thumb/v7e-m+fp/hard\libg.a(lib_a-__call_atexit.o)
 *(.init_array*)
 .init_array    0x08011148        0x4 e:/clionstm32/gcc-arm-none-eabi-10.3-2021.10/bin/../lib/gcc/arm-none-eabi/10.3.1/thumb/v7e-m+fp/hard/crtbegin.o
                0x0801114c                PROVIDE (__init_array_end = .)
                0x0801114c                . = ALIGN (0x4)

.fini_array     0x0801114c        0x4
                0x0801114c                . = ALIGN (0x4)
                0x0801114c                PROVIDE (__fini_array_start = .)
 *(SORT_BY_NAME(.fini_array.*))
 *(.fini_array*)
 .fini_array    0x0801114c        0x4 e:/clionstm32/gcc-arm-none-eabi-10.3-2021.10/bin/../lib/gcc/arm-none-eabi/10.3.1/thumb/v7e-m+fp/hard/crtbegin.o
                0x08011150                PROVIDE (__fini_array_end = .)
                0x08011150                . = ALIGN (0x4)
                0x08011150                _sidata = LOADADDR (.data)

.data           0x20000000      0xa70 load address 0x08011150
                0x20000000                . = ALIGN (0x4)
                0x20000000                _sdata = .
 *(.data)
 .data          0x20000000       0x10 ../Shark/IMU/AHRS/src/AHRS.lib(ahrs.o)
 *(.data*)
 .data.SystemCoreClock
                0x20000010        0x4 CMakeFiles/InfantryC.elf.dir/Core/Src/system_stm32f4xx.c.obj
                0x20000010                SystemCoreClock
 .data.uwTickFreq
                0x20000014        0x1 CMakeFiles/InfantryC.elf.dir/Drivers/STM32F4xx_HAL_Driver/Src/stm32f4xx_hal.c.obj
                0x20000014                uwTickFreq
 *fill*         0x20000015        0x3 
 .data.uwTickPrio
                0x20000018        0x4 CMakeFiles/InfantryC.elf.dir/Drivers/STM32F4xx_HAL_Driver/Src/stm32f4xx_hal.c.obj
                0x20000018                uwTickPrio
 .data.uxCriticalNesting
                0x2000001c        0x4 CMakeFiles/InfantryC.elf.dir/Middlewares/Third_Party/FreeRTOS/Source/portable/GCC/ARM_CM4F/port.c.obj
 .data.BMI088_ACCEL_SEN
                0x20000020        0x4 CMakeFiles/InfantryC.elf.dir/Shark/IMU/driver/src/BMI088driver.c.obj
                0x20000020                BMI088_ACCEL_SEN
 .data.BMI088_GYRO_SEN
                0x20000024        0x4 CMakeFiles/InfantryC.elf.dir/Shark/IMU/driver/src/BMI088driver.c.obj
                0x20000024                BMI088_GYRO_SEN
 .data.accel_dma_tx_buf
                0x20000028        0x9 CMakeFiles/InfantryC.elf.dir/Shark/IMU/task/src/INS_task.c.obj
                0x20000028                accel_dma_tx_buf
 *fill*         0x20000031        0x3 
 .data.accel_scale_factor
                0x20000034       0x24 CMakeFiles/InfantryC.elf.dir/Shark/IMU/task/src/INS_task.c.obj
                0x20000034                accel_scale_factor
 .data.accel_temp_dma_tx_buf
                0x20000058        0x4 CMakeFiles/InfantryC.elf.dir/Shark/IMU/task/src/INS_task.c.obj
                0x20000058                accel_temp_dma_tx_buf
 .data.gyro_dma_tx_buf
                0x2000005c        0x8 CMakeFiles/InfantryC.elf.dir/Shark/IMU/task/src/INS_task.c.obj
                0x2000005c                gyro_dma_tx_buf
 .data.gyro_scale_factor